[mon ] telemetry -> /mnt/workspace/runs/steps2_repeat2_reuse-20260928-145944
[init] loading pipeline config from /mnt/workspace/MiniMax-H3
[mem] after config load            host_used=   3.7 GiB  hbm=   0.0 GiB  hbm_peak=   0.0 GiB
[mem] loaded for before_encode     host_used=   3.7 GiB  hbm=   0.0 GiB  hbm_peak=   0.0 GiB
[run ] before_encode took 0.0s
[mem] ran before_encode            host_used=   3.7 GiB  hbm=   0.0 GiB  hbm_peak=   0.0 GiB

Loading weights:   0%|          | 0/1058 [00:00<?, ?it/s]
Loading weights:   0%|          | 1/1058 [00:03<54:33,  3.10s/it]
Loading weights:   0%|          | 2/1058 [00:07<1:06:19,  3.77s/it]
Loading weights:   0%|          | 4/1058 [00:08<28:36,  1.63s/it]  
Loading weights:   0%|          | 5/1058 [00:08<23:37,  1.35s/it]
Loading weights:   1%|          | 6/1058 [00:09<20:12,  1.15s/it]
Loading weights:   1%|          | 10/1058 [00:09<08:02,  2.17it/s]
Loading weights:   1%|          | 12/1058 [00:09<06:08,  2.84it/s]
Loading weights:   1%|▏         | 15/1058 [00:10<05:23,  3.23it/s]
Loading weights:   2%|▏         | 16/1058 [00:11<06:30,  2.67it/s]
Loading weights:   2%|▏         | 17/1058 [00:12<07:36,  2.28it/s]
Loading weights:   2%|▏         | 21/1058 [00:12<04:14,  4.07it/s]
Loading weights:   2%|▏         | 23/1058 [00:12<03:37,  4.76it/s]
Loading weights:   2%|▏         | 26/1058 [00:13<03:50,  4.47it/s]
Loading weights:   3%|▎         | 27/1058 [00:14<05:05,  3.38it/s]
Loading weights:   3%|▎         | 28/1058 [00:14<06:20,  2.70it/s]
Loading weights:   3%|▎         | 32/1058 [00:15<03:42,  4.60it/s]
Loading weights:   3%|▎         | 33/1058 [00:15<03:43,  4.58it/s]
Loading weights:   3%|▎         | 37/1058 [00:16<04:52,  3.49it/s]
Loading weights:   4%|▎         | 39/1058 [00:17<05:10,  3.29it/s]
Loading weights:   4%|▍         | 42/1058 [00:17<03:51,  4.38it/s]
Loading weights:   4%|▍         | 44/1058 [00:17<03:22,  5.00it/s]
Loading weights:   5%|▍         | 48/1058 [00:18<03:15,  5.16it/s]
Loading weights:   5%|▍         | 49/1058 [00:19<04:23,  3.83it/s]
Loading weights:   5%|▍         | 50/1058 [00:20<05:34,  3.01it/s]
Loading weights:   5%|▌         | 54/1058 [00:20<03:26,  4.86it/s]
Loading weights:   5%|▌         | 56/1058 [00:20<03:03,  5.47it/s]
Loading weights:   6%|▌         | 59/1058 [00:21<03:25,  4.87it/s]
Loading weights:   6%|▌         | 60/1058 [00:22<04:37,  3.60it/s]
Loading weights:   6%|▌         | 61/1058 [00:22<05:50,  2.84it/s]
Loading weights:   6%|▌         | 65/1058 [00:23<03:29,  4.75it/s]
Loading weights:   6%|▋         | 67/1058 [00:23<03:03,  5.41it/s]
Loading weights:   7%|▋         | 69/1058 [00:23<03:53,  4.23it/s]
Loading weights:   7%|▋         | 71/1058 [00:24<04:25,  3.71it/s]
Loading weights:   7%|▋         | 72/1058 [00:25<05:39,  2.91it/s]
Loading weights:   7%|▋         | 76/1058 [00:25<03:23,  4.82it/s]
Loading weights:   7%|▋         | 77/1058 [00:25<03:26,  4.75it/s]
Loading weights:   8%|▊         | 81/1058 [00:27<04:34,  3.56it/s]
Loading weights:   8%|▊         | 83/1058 [00:28<04:52,  3.33it/s]
Loading weights:   8%|▊         | 87/1058 [00:28<03:16,  4.94it/s]
Loading weights:   8%|▊         | 89/1058 [00:28<02:56,  5.48it/s]
Loading weights:   9%|▊         | 92/1058 [00:29<03:16,  4.91it/s]
Loading weights:   9%|▉         | 93/1058 [00:30<04:23,  3.66it/s]
Loading weights:   9%|▉         | 94/1058 [00:30<05:32,  2.90it/s]
Loading weights:   9%|▉         | 98/1058 [00:31<03:47,  4.22it/s]
Loading weights:  10%|▉         | 103/1058 [00:31<03:07,  5.09it/s]
Loading weights:  10%|▉         | 104/1058 [00:33<05:24,  2.94it/s]
Loading weights:  10%|█         | 109/1058 [00:33<03:37,  4.36it/s]
Loading weights:  11%|█         | 114/1058 [00:34<03:06,  5.06it/s]
Loading weights:  11%|█         | 115/1058 [00:35<03:55,  4.00it/s]
Loading weights:  11%|█         | 116/1058 [00:36<04:50,  3.24it/s]
Loading weights:  11%|█▏        | 120/1058 [00:36<03:13,  4.86it/s]
Loading weights:  12%|█▏        | 122/1058 [00:36<02:53,  5.40it/s]
Loading weights:  12%|█▏        | 125/1058 [00:37<03:11,  4.87it/s]
Loading weights:  12%|█▏        | 126/1058 [00:37<04:16,  3.64it/s]
Loading weights:  12%|█▏        | 127/1058 [00:38<05:22,  2.89it/s]
Loading weights:  12%|█▏        | 131/1058 [00:38<03:15,  4.75it/s]
Loading weights:  13%|█▎        | 133/1058 [00:39<02:52,  5.37it/s]
Loading weights:  13%|█▎        | 136/1058 [00:39<03:11,  4.82it/s]
Loading weights:  13%|█▎        | 137/1058 [00:40<04:18,  3.56it/s]
Loading weights:  13%|█▎        | 138/1058 [00:41<05:26,  2.81it/s]
Loading weights:  13%|█▎        | 142/1058 [00:41<03:13,  4.73it/s]
Loading weights:  14%|█▎        | 144/1058 [00:41<02:49,  5.38it/s]
Loading weights:  14%|█▍        | 147/1058 [00:42<03:09,  4.80it/s]
Loading weights:  14%|█▍        | 148/1058 [00:43<04:16,  3.55it/s]
Loading weights:  14%|█▍        | 149/1058 [00:44<05:24,  2.80it/s]
Loading weights:  14%|█▍        | 153/1058 [00:44<03:11,  4.73it/s]
Loading weights:  15%|█▍        | 155/1058 [00:44<02:47,  5.38it/s]
Loading weights:  15%|█▍        | 158/1058 [00:45<03:07,  4.80it/s]
Loading weights:  15%|█▌        | 159/1058 [00:45<04:13,  3.55it/s]
Loading weights:  15%|█▌        | 160/1058 [00:46<05:21,  2.80it/s]
Loading weights:  16%|█▌        | 164/1058 [00:46<03:09,  4.72it/s]
Loading weights:  16%|█▌        | 166/1058 [00:47<02:46,  5.37it/s]
Loading weights:  16%|█▌        | 169/1058 [00:47<03:04,  4.81it/s]
Loading weights:  16%|█▌        | 170/1058 [00:48<04:09,  3.55it/s]
Loading weights:  16%|█▌        | 171/1058 [00:49<05:16,  2.80it/s]
Loading weights:  17%|█▋        | 175/1058 [00:49<03:06,  4.73it/s]
Loading weights:  17%|█▋        | 176/1058 [00:49<03:09,  4.66it/s]
Loading weights:  17%|█▋        | 180/1058 [00:51<04:08,  3.53it/s]
Loading weights:  17%|█▋        | 182/1058 [00:51<04:24,  3.31it/s]
Loading weights:  17%|█▋        | 185/1058 [00:52<03:17,  4.41it/s]
Loading weights:  18%|█▊        | 188/1058 [00:52<02:33,  5.66it/s]
Loading weights:  18%|█▊        | 190/1058 [00:53<03:14,  4.47it/s]
Loading weights:  18%|█▊        | 192/1058 [00:53<03:43,  3.88it/s]
Loading weights:  18%|█▊        | 193/1058 [00:54<04:44,  3.04it/s]
Loading weights:  19%|█▊        | 197/1058 [00:54<02:55,  4.89it/s]
Loading weights:  19%|█▊        | 198/1058 [00:55<02:58,  4.81it/s]
Loading weights:  19%|█▉        | 202/1058 [00:55<02:49,  5.05it/s]
Loading weights:  19%|█▉        | 203/1058 [00:56<03:50,  3.71it/s]
Loading weights:  19%|█▉        | 204/1058 [00:57<04:52,  2.92it/s]
Loading weights:  20%|█▉        | 208/1058 [00:57<02:56,  4.82it/s]
Loading weights:  20%|█▉        | 209/1058 [00:57<02:58,  4.75it/s]
Loading weights:  20%|██        | 213/1058 [00:58<02:48,  5.01it/s]
Loading weights:  20%|██        | 214/1058 [00:59<03:48,  3.69it/s]
Loading weights:  20%|██        | 215/1058 [00:59<04:51,  2.89it/s]
Loading weights:  21%|██        | 219/1058 [01:00<02:54,  4.80it/s]
Loading weights:  21%|██        | 221/1058 [01:00<02:33,  5.44it/s]
Loading weights:  21%|██        | 223/1058 [01:01<03:15,  4.26it/s]
Loading weights:  21%|██▏       | 225/1058 [01:01<03:43,  3.73it/s]
Loading weights:  21%|██▏       | 226/1058 [01:02<04:45,  2.91it/s]
Loading weights:  22%|██▏       | 230/1058 [01:02<02:51,  4.83it/s]
Loading weights:  22%|██▏       | 232/1058 [01:03<02:31,  5.45it/s]
Loading weights:  22%|██▏       | 235/1058 [01:03<02:49,  4.86it/s]
Loading weights:  22%|██▏       | 236/1058 [01:04<03:49,  3.58it/s]
Loading weights:  22%|██▏       | 237/1058 [01:05<04:51,  2.82it/s]
Loading weights:  23%|██▎       | 241/1058 [01:05<02:52,  4.74it/s]
Loading weights:  23%|██▎       | 243/1058 [01:05<02:30,  5.40it/s]
Loading weights:  23%|██▎       | 246/1058 [01:06<02:48,  4.81it/s]
Loading weights:  23%|██▎       | 247/1058 [01:07<03:48,  3.55it/s]
Loading weights:  23%|██▎       | 248/1058 [01:07<04:48,  2.80it/s]
Loading weights:  24%|██▎       | 251/1058 [01:08<03:14,  4.14it/s]
Loading weights:  24%|██▍       | 254/1058 [01:08<02:23,  5.60it/s]
Loading weights:  24%|██▍       | 256/1058 [01:09<03:04,  4.35it/s]
Loading weights:  24%|██▍       | 258/1058 [01:09<03:31,  3.78it/s]
Loading weights:  24%|██▍       | 259/1058 [01:10<04:30,  2.95it/s]
Loading weights:  25%|██▍       | 263/1058 [01:11<03:05,  4.28it/s]
Loading weights:  25%|██▌       | 268/1058 [01:11<02:33,  5.15it/s]
Loading weights:  25%|██▌       | 269/1058 [01:12<03:21,  3.92it/s]
Loading weights:  26%|██▌       | 270/1058 [01:13<04:12,  3.12it/s]
Loading weights:  26%|██▌       | 273/1058 [01:13<03:01,  4.32it/s]
Loading weights:  26%|██▌       | 275/1058 [01:13<02:36,  5.00it/s]
Loading weights:  26%|██▋       | 279/1058 [01:14<02:31,  5.16it/s]
Loading weights:  26%|██▋       | 280/1058 [01:15<03:24,  3.80it/s]
Loading weights:  27%|██▋       | 281/1058 [01:15<04:20,  2.98it/s]
Loading weights:  27%|██▋       | 285/1058 [01:16<02:39,  4.85it/s]
Loading weights:  27%|██▋       | 287/1058 [01:16<02:20,  5.47it/s]
Loading weights:  27%|██▋       | 290/1058 [01:17<02:37,  4.86it/s]
Loading weights:  28%|██▊       | 291/1058 [01:17<03:33,  3.59it/s]
Loading weights:  28%|██▊       | 292/1058 [01:18<04:30,  2.83it/s]
Loading weights:  28%|██▊       | 296/1058 [01:18<02:40,  4.75it/s]
Loading weights:  28%|██▊       | 298/1058 [01:19<02:20,  5.39it/s]
Loading weights:  28%|██▊       | 301/1058 [01:19<02:37,  4.82it/s]
Loading weights:  29%|██▊       | 302/1058 [01:20<03:32,  3.55it/s]
Loading weights:  29%|██▊       | 303/1058 [01:21<04:29,  2.80it/s]
Loading weights:  29%|██▉       | 307/1058 [01:21<02:38,  4.73it/s]
Loading weights:  29%|██▉       | 308/1058 [01:21<02:40,  4.67it/s]
Loading weights:  29%|██▉       | 312/1058 [01:22<02:29,  4.98it/s]
Loading weights:  30%|██▉       | 313/1058 [01:23<03:23,  3.65it/s]
Loading weights:  30%|██▉       | 314/1058 [01:23<04:18,  2.87it/s]
Loading weights:  30%|███       | 318/1058 [01:24<02:34,  4.79it/s]
Loading weights:  30%|███       | 320/1058 [01:24<02:16,  5.42it/s]
Loading weights:  31%|███       | 323/1058 [01:25<02:32,  4.83it/s]
Loading weights:  31%|███       | 324/1058 [01:25<03:25,  3.56it/s]
Loading weights:  31%|███       | 325/1058 [01:26<04:20,  2.82it/s]
Loading weights:  31%|███       | 329/1058 [01:26<02:33,  4.74it/s]
Loading weights:  31%|███       | 330/1058 [01:27<02:35,  4.69it/s]
Loading weights:  32%|███▏      | 334/1058 [01:27<02:25,  4.98it/s]
Loading weights:  32%|███▏      | 335/1058 [01:28<03:17,  3.65it/s]
Loading weights:  32%|███▏      | 336/1058 [01:29<04:11,  2.87it/s]
Loading weights:  32%|███▏      | 340/1058 [01:29<02:29,  4.79it/s]
Loading weights:  32%|███▏      | 341/1058 [01:29<02:31,  4.72it/s]
Loading weights:  33%|███▎      | 345/1058 [01:30<02:22,  5.01it/s]
Loading weights:  33%|███▎      | 346/1058 [01:31<03:14,  3.67it/s]
Loading weights:  33%|███▎      | 347/1058 [01:31<04:06,  2.89it/s]
Loading weights:  33%|███▎      | 351/1058 [01:32<02:27,  4.79it/s]
Loading weights:  33%|███▎      | 353/1058 [01:32<02:09,  5.45it/s]
Loading weights:  34%|███▎      | 355/1058 [01:33<02:44,  4.26it/s]
Loading weights:  34%|███▎      | 357/1058 [01:33<03:08,  3.72it/s]
Loading weights:  34%|███▍      | 358/1058 [01:34<04:00,  2.91it/s]
Loading weights:  34%|███▍      | 362/1058 [01:34<02:43,  4.25it/s]
Loading weights:  35%|███▍      | 367/1058 [01:35<02:14,  5.15it/s]
Loading weights:  35%|███▍      | 368/1058 [01:36<02:56,  3.91it/s]
Loading weights:  35%|███▍      | 369/1058 [01:37<03:41,  3.11it/s]
Loading weights:  35%|███▌      | 373/1058 [01:37<02:20,  4.86it/s]
Loading weights:  35%|███▌      | 374/1058 [01:37<02:22,  4.79it/s]
Loading weights:  36%|███▌      | 378/1058 [01:38<02:15,  5.03it/s]
Loading weights:  36%|███▌      | 379/1058 [01:39<03:02,  3.72it/s]
Loading weights:  36%|███▌      | 380/1058 [01:39<03:51,  2.93it/s]
Loading weights:  36%|███▋      | 384/1058 [01:40<02:20,  4.81it/s]
Loading weights:  36%|███▋      | 386/1058 [01:40<02:03,  5.44it/s]
Loading weights:  37%|███▋      | 388/1058 [01:41<02:36,  4.27it/s]
Loading weights:  37%|███▋      | 390/1058 [01:41<02:58,  3.73it/s]
Loading weights:  37%|███▋      | 391/1058 [01:42<03:48,  2.92it/s]
Loading weights:  37%|███▋      | 395/1058 [01:42<02:17,  4.83it/s]
Loading weights:  38%|███▊      | 397/1058 [01:42<02:01,  5.45it/s]
Loading weights:  38%|███▊      | 400/1058 [01:43<02:15,  4.86it/s]
Loading weights:  38%|███▊      | 401/1058 [01:44<03:03,  3.58it/s]
Loading weights:  38%|███▊      | 402/1058 [01:45<03:52,  2.82it/s]
Loading weights:  38%|███▊      | 406/1058 [01:45<02:17,  4.75it/s]
Loading weights:  39%|███▊      | 408/1058 [01:45<02:00,  5.40it/s]
Loading weights:  39%|███▉      | 411/1058 [01:46<02:14,  4.82it/s]
Loading weights:  39%|███▉      | 412/1058 [01:47<03:02,  3.55it/s]
Loading weights:  39%|███▉      | 413/1058 [01:47<03:49,  2.81it/s]
Loading weights:  39%|███▉      | 417/1058 [01:48<02:15,  4.73it/s]
Loading weights:  40%|███▉      | 419/1058 [01:48<01:58,  5.38it/s]
Loading weights:  40%|███▉      | 422/1058 [01:49<02:12,  4.80it/s]
Loading weights:  40%|███▉      | 423/1058 [01:49<02:59,  3.54it/s]
Loading weights:  40%|████      | 424/1058 [01:50<03:46,  2.80it/s]
Loading weights:  40%|████      | 428/1058 [01:50<02:13,  4.72it/s]
Loading weights:  41%|████      | 429/1058 [01:50<02:14,  4.66it/s]
Loading weights:  41%|████      | 433/1058 [01:51<02:05,  4.98it/s]
Loading weights:  41%|████      | 434/1058 [01:52<02:50,  3.66it/s]
Loading weights:  41%|████      | 435/1058 [01:53<03:36,  2.87it/s]
Loading weights:  41%|████▏     | 439/1058 [01:53<02:09,  4.80it/s]
Loading weights:  42%|████▏     | 441/1058 [01:53<01:53,  5.43it/s]
Loading weights:  42%|████▏     | 444/1058 [01:54<02:07,  4.83it/s]
Loading weights:  42%|████▏     | 445/1058 [01:55<02:51,  3.56it/s]
Loading weights:  42%|████▏     | 446/1058 [01:55<03:37,  2.81it/s]
Loading weights:  43%|████▎     | 450/1058 [01:56<02:08,  4.74it/s]
Loading weights:  43%|████▎     | 451/1058 [01:56<02:09,  4.68it/s]
Loading weights:  43%|████▎     | 455/1058 [01:56<02:00,  4.99it/s]
Loading weights:  43%|████▎     | 456/1058 [01:57<02:44,  3.65it/s]
Loading weights:  43%|████▎     | 457/1058 [01:58<03:29,  2.88it/s]
Loading weights:  44%|████▎     | 461/1058 [01:58<02:04,  4.79it/s]
Loading weights:  44%|████▍     | 463/1058 [01:58<01:49,  5.42it/s]
Loading weights:  44%|████▍     | 465/1058 [01:59<02:19,  4.26it/s]
Loading weights:  44%|████▍     | 467/1058 [02:00<02:38,  3.72it/s]
Loading weights:  44%|████▍     | 468/1058 [02:01<03:22,  2.91it/s]
Loading weights:  45%|████▍     | 472/1058 [02:01<02:01,  4.83it/s]
Loading weights:  45%|████▍     | 474/1058 [02:01<01:46,  5.46it/s]
Loading weights:  45%|████▌     | 477/1058 [02:02<02:00,  4.84it/s]
Loading weights:  45%|████▌     | 478/1058 [02:03<02:42,  3.57it/s]
Loading weights:  45%|████▌     | 479/1058 [02:03<03:25,  2.82it/s]
Loading weights:  46%|████▌     | 483/1058 [02:03<02:01,  4.74it/s]
Loading weights:  46%|████▌     | 484/1058 [02:04<02:02,  4.68it/s]
Loading weights:  46%|████▌     | 488/1058 [02:04<01:54,  4.99it/s]
Loading weights:  46%|████▌     | 489/1058 [02:05<02:35,  3.66it/s]
Loading weights:  46%|████▋     | 490/1058 [02:06<03:17,  2.88it/s]
Loading weights:  47%|████▋     | 494/1058 [02:06<01:57,  4.80it/s]
Loading weights:  47%|████▋     | 496/1058 [02:06<01:43,  5.42it/s]
Loading weights:  47%|████▋     | 499/1058 [02:07<01:55,  4.84it/s]
Loading weights:  47%|████▋     | 500/1058 [02:08<02:36,  3.56it/s]
Loading weights:  47%|████▋     | 501/1058 [02:09<03:18,  2.81it/s]
Loading weights:  48%|████▊     | 505/1058 [02:09<01:56,  4.74it/s]
Loading weights:  48%|████▊     | 506/1058 [02:09<01:57,  4.70it/s]
Loading weights:  48%|████▊     | 510/1058 [02:10<01:50,  4.98it/s]
Loading weights:  48%|████▊     | 511/1058 [02:10<02:29,  3.66it/s]
Loading weights:  48%|████▊     | 512/1058 [02:11<03:10,  2.87it/s]
Loading weights:  49%|████▉     | 516/1058 [02:11<01:53,  4.79it/s]
Loading weights:  49%|████▉     | 517/1058 [02:12<01:54,  4.72it/s]
Loading weights:  49%|████▉     | 521/1058 [02:12<01:47,  5.00it/s]
Loading weights:  49%|████▉     | 522/1058 [02:13<02:25,  3.67it/s]
Loading weights:  49%|████▉     | 523/1058 [02:14<03:05,  2.89it/s]
Loading weights:  50%|████▉     | 527/1058 [02:14<01:50,  4.80it/s]
Loading weights:  50%|█████     | 529/1058 [02:14<01:37,  5.42it/s]
Loading weights:  50%|█████     | 532/1058 [02:15<01:48,  4.84it/s]
Loading weights:  50%|█████     | 533/1058 [02:16<02:27,  3.56it/s]
Loading weights:  50%|█████     | 534/1058 [02:17<03:05,  2.82it/s]
Loading weights:  51%|█████     | 538/1058 [02:17<01:49,  4.73it/s]
Loading weights:  51%|█████     | 540/1058 [02:17<01:36,  5.39it/s]
Loading weights:  51%|█████▏    | 543/1058 [02:18<01:46,  4.82it/s]
Loading weights:  51%|█████▏    | 544/1058 [02:18<02:24,  3.55it/s]
Loading weights:  52%|█████▏    | 545/1058 [02:19<03:03,  2.80it/s]
Loading weights:  52%|█████▏    | 549/1058 [02:20<02:01,  4.17it/s]
Loading weights:  52%|█████▏    | 554/1058 [02:20<01:39,  5.08it/s]
Loading weights:  52%|█████▏    | 555/1058 [02:21<02:09,  3.88it/s]
Loading weights:  53%|█████▎    | 556/1058 [02:22<02:42,  3.08it/s]
Loading weights:  53%|█████▎    | 560/1058 [02:22<01:42,  4.85it/s]
Loading weights:  53%|█████▎    | 562/1058 [02:22<01:31,  5.42it/s]
Loading weights:  53%|█████▎    | 565/1058 [02:23<01:41,  4.87it/s]
Loading weights:  53%|█████▎    | 566/1058 [02:24<02:16,  3.61it/s]
Loading weights:  54%|█████▎    | 567/1058 [02:24<02:52,  2.85it/s]
Loading weights:  54%|█████▍    | 571/1058 [02:25<01:42,  4.75it/s]
Loading weights:  54%|█████▍    | 573/1058 [02:25<01:30,  5.38it/s]
Loading weights:  54%|█████▍    | 576/1058 [02:26<01:40,  4.81it/s]
Loading weights:  55%|█████▍    | 577/1058 [02:26<02:15,  3.56it/s]
Loading weights:  55%|█████▍    | 578/1058 [02:27<02:50,  2.81it/s]
Loading weights:  55%|█████▌    | 582/1058 [02:27<01:40,  4.72it/s]
Loading weights:  55%|█████▌    | 583/1058 [02:28<01:41,  4.68it/s]
Loading weights:  55%|█████▌    | 587/1058 [02:29<02:13,  3.53it/s]
Loading weights:  56%|█████▌    | 589/1058 [02:30<02:21,  3.31it/s]
Loading weights:  56%|█████▌    | 592/1058 [02:30<01:45,  4.41it/s]
Loading weights:  56%|█████▌    | 595/1058 [02:30<01:21,  5.66it/s]
Loading weights:  57%|█████▋    | 598/1058 [02:31<01:31,  5.01it/s]
Loading weights:  57%|█████▋    | 599/1058 [02:32<02:03,  3.73it/s]
Loading weights:  57%|█████▋    | 600/1058 [02:32<02:35,  2.95it/s]
Loading weights:  57%|█████▋    | 604/1058 [02:33<01:34,  4.81it/s]
Loading weights:  57%|█████▋    | 605/1058 [02:33<01:35,  4.74it/s]
Loading weights:  58%|█████▊    | 609/1058 [02:34<02:05,  3.56it/s]
Loading weights:  58%|█████▊    | 611/1058 [02:35<02:14,  3.34it/s]
Loading weights:  58%|█████▊    | 614/1058 [02:35<01:40,  4.43it/s]
Loading weights:  58%|█████▊    | 617/1058 [02:36<01:17,  5.67it/s]
Loading weights:  59%|█████▊    | 620/1058 [02:36<01:27,  5.01it/s]
Loading weights:  59%|█████▊    | 621/1058 [02:37<01:56,  3.74it/s]
Loading weights:  59%|█████▉    | 622/1058 [02:38<02:27,  2.95it/s]
Loading weights:  59%|█████▉    | 625/1058 [02:38<01:42,  4.24it/s]
Loading weights:  59%|█████▉    | 627/1058 [02:38<01:27,  4.95it/s]
Loading weights:  60%|█████▉    | 631/1058 [02:40<01:57,  3.65it/s]
Loading weights:  60%|█████▉    | 633/1058 [02:40<02:05,  3.40it/s]
Loading weights:  60%|██████    | 637/1058 [02:41<01:24,  4.99it/s]
Loading weights:  60%|██████    | 639/1058 [02:41<01:15,  5.53it/s]
Loading weights:  61%|██████    | 641/1058 [02:42<01:34,  4.39it/s]
Loading weights:  61%|██████    | 643/1058 [02:42<01:48,  3.83it/s]
Loading weights:  61%|██████    | 644/1058 [02:43<02:17,  3.02it/s]
Loading weights:  61%|██████    | 648/1058 [02:43<01:24,  4.86it/s]
Loading weights:  61%|██████▏   | 650/1058 [02:44<01:14,  5.46it/s]
Loading weights:  62%|██████▏   | 653/1058 [02:44<01:23,  4.87it/s]
Loading weights:  62%|██████▏   | 654/1058 [02:45<01:52,  3.60it/s]
Loading weights:  62%|██████▏   | 655/1058 [02:46<02:21,  2.84it/s]
Loading weights:  62%|██████▏   | 659/1058 [02:46<01:24,  4.75it/s]
Loading weights:  62%|██████▏   | 661/1058 [02:46<01:13,  5.39it/s]
Loading weights:  63%|██████▎   | 664/1058 [02:47<01:21,  4.81it/s]
Loading weights:  63%|██████▎   | 665/1058 [02:48<01:50,  3.55it/s]
Loading weights:  63%|██████▎   | 666/1058 [02:48<02:19,  2.81it/s]
Loading weights:  63%|██████▎   | 669/1058 [02:49<01:33,  4.15it/s]
Loading weights:  64%|██████▎   | 672/1058 [02:49<01:08,  5.60it/s]
Loading weights:  64%|██████▍   | 675/1058 [02:50<01:17,  4.92it/s]
Loading weights:  64%|██████▍   | 676/1058 [02:50<01:45,  3.62it/s]
Loading weights:  64%|██████▍   | 677/1058 [02:51<02:13,  2.85it/s]
Loading weights:  64%|██████▍   | 680/1058 [02:51<01:30,  4.19it/s]
Loading weights:  65%|██████▍   | 683/1058 [02:52<01:06,  5.63it/s]
Loading weights:  65%|██████▍   | 685/1058 [02:52<01:25,  4.36it/s]
Loading weights:  65%|██████▍   | 687/1058 [02:53<01:37,  3.79it/s]
Loading weights:  65%|██████▌   | 688/1058 [02:54<02:05,  2.96it/s]
Loading weights:  65%|██████▌   | 692/1058 [02:54<01:25,  4.29it/s]
Loading weights:  66%|██████▌   | 697/1058 [02:55<01:10,  5.16it/s]
Loading weights:  66%|██████▌   | 698/1058 [02:56<01:31,  3.93it/s]
Loading weights:  66%|██████▌   | 699/1058 [02:56<01:55,  3.12it/s]
Loading weights:  66%|██████▋   | 703/1058 [02:57<01:12,  4.87it/s]
Loading weights:  67%|██████▋   | 705/1058 [02:57<01:04,  5.47it/s]
Loading weights:  68%|██████▊   | 715/1058 [02:57<00:25, 13.49it/s]
Loading weights:  69%|██████▉   | 735/1058 [02:57<00:09, 33.30it/s]
Loading weights:  71%|███████   | 749/1058 [02:57<00:06, 46.89it/s]
Loading weights:  72%|███████▏  | 762/1058 [02:57<00:04, 59.36it/s]
Loading weights:  74%|███████▍  | 783/1058 [02:57<00:03, 84.68it/s]
Loading weights:  75%|███████▌  | 796/1058 [02:58<00:02, 91.88it/s]
Loading weights:  77%|███████▋  | 810/1058 [02:58<00:02, 100.15it/s]
Loading weights:  78%|███████▊  | 830/1058 [02:58<00:01, 120.35it/s]
Loading weights:  80%|███████▉  | 845/1058 [02:58<00:01, 125.05it/s]
Loading weights:  81%|████████  | 859/1058 [02:58<00:01, 126.45it/s]
Loading weights:  83%|████████▎ | 877/1058 [02:58<00:01, 133.89it/s]
Loading weights:  84%|████████▍ | 893/1058 [02:58<00:01, 139.16it/s]
Loading weights:  86%|████████▌ | 908/1058 [02:58<00:01, 139.32it/s]
Loading weights:  88%|████████▊ | 927/1058 [02:58<00:00, 137.41it/s]
Loading weights:  89%|████████▉ | 943/1058 [02:59<00:00, 139.38it/s]
Loading weights:  91%|█████████ | 962/1058 [02:59<00:00, 147.30it/s]
Loading weights:  92%|█████████▏| 977/1058 [02:59<00:00, 144.35it/s]
Loading weights:  94%|█████████▍| 992/1058 [02:59<00:00, 141.97it/s]
Loading weights:  95%|█████████▌| 1010/1058 [02:59<00:00, 147.31it/s]
Loading weights:  97%|█████████▋| 1025/1058 [02:59<00:00, 135.70it/s]
Loading weights:  98%|█████████▊| 1039/1058 [03:00<00:00, 80.24it/s] 
Loading weights:  99%|█████████▉| 1050/1058 [03:00<00:00, 57.39it/s]
Loading weights: 100%|██████████| 1058/1058 [03:00<00:00,  5.86it/s]
[load] text_encoder: 33.36B params -> bfloat16 33.36B/62.1GiB
[load] ['text_encoder', 'tokenizer', 'processor'] in 183.3s
[mem] loaded for text_encoder      host_used=   4.1 GiB  hbm=  62.1 GiB  hbm_peak=  62.1 GiB
[run ] text_encoder took 0.8s
[mem] ran text_encoder             host_used=   4.5 GiB  hbm=  62.1 GiB  hbm_peak=  62.2 GiB
[reuse] cached ['prompt_embeds', 'text_token_tags'] (0.3 MiB); text_encoder will not be loaded again
[free] ['text_encoder']
/usr/local/lib/python3.12/site-packages/torch/nn/utils/weight_norm.py:144: FutureWarning: `torch.nn.utils.weight_norm` is deprecated in favor of `torch.nn.utils.parametrizations.weight_norm`.
  WeightNorm.apply(module, name, dim)

Loading checkpoint shards:   0%|          | 0/3 [00:00<?, ?it/s]
Loading checkpoint shards:  33%|███▎      | 1/3 [00:13<00:26, 13.02s/it]
Loading checkpoint shards:  67%|██████▋   | 2/3 [00:26<00:13, 13.31s/it]
Loading checkpoint shards: 100%|██████████| 3/3 [00:27<00:00,  7.69s/it]
Loading checkpoint shards: 100%|██████████| 3/3 [00:27<00:00,  9.18s/it]
[load] vae: 2.60B params -> float32 2.60B/9.7GiB
[load] audio_vae: 0.15B params -> float32 0.15B/0.6GiB
[load] ['vae', 'audio_vae'] in 29.4s
[mem] loaded for vae_encoder       host_used=   4.4 GiB  hbm=  10.3 GiB  hbm_peak=  62.2 GiB
[run ] vae_encoder took 0.0s
[mem] ran vae_encoder              host_used=   4.4 GiB  hbm=  10.3 GiB  hbm_peak=  62.2 GiB
[free] ['vae', 'audio_vae']

Loading checkpoint shards:   0%|          | 0/14 [00:00<?, ?it/s]
Loading checkpoint shards:   7%|▋         | 1/14 [00:12<02:46, 12.83s/it]
Loading checkpoint shards:  14%|█▍        | 2/14 [00:25<02:33, 12.82s/it]
Loading checkpoint shards:  21%|██▏       | 3/14 [00:39<02:24, 13.10s/it]
Loading checkpoint shards:  29%|██▊       | 4/14 [00:51<02:08, 12.84s/it]
Loading checkpoint shards:  36%|███▌      | 5/14 [01:04<01:55, 12.83s/it]
Loading checkpoint shards:  43%|████▎     | 6/14 [01:17<01:44, 13.04s/it]
Loading checkpoint shards:  50%|█████     | 7/14 [01:30<01:29, 12.85s/it]
Loading checkpoint shards:  57%|█████▋    | 8/14 [01:43<01:17, 12.83s/it]
Loading checkpoint shards:  64%|██████▍   | 9/14 [01:56<01:05, 13.03s/it]
Loading checkpoint shards:  71%|███████▏  | 10/14 [02:08<00:51, 12.85s/it]
Loading checkpoint shards:  79%|███████▊  | 11/14 [02:21<00:38, 12.85s/it]
Loading checkpoint shards:  86%|████████▌ | 12/14 [02:35<00:26, 13.03s/it]
Loading checkpoint shards:  93%|█████████▎| 13/14 [02:47<00:12, 12.84s/it]
Loading checkpoint shards: 100%|██████████| 14/14 [03:00<00:00, 12.79s/it]
Loading checkpoint shards: 100%|██████████| 14/14 [03:00<00:00, 12.88s/it]
[load] transformer: 33.12B params -> bfloat16 33.11B/61.7GiB, float32 0.02B/0.1GiB
[load] ['transformer', 'scheduler', 'audio_scheduler'] in 180.4s
[mem] loaded for denoise           host_used=   4.5 GiB  hbm=  61.7 GiB  hbm_peak=  62.2 GiB

  0%|          | 0/1 [00:00<?, ?it/s]
100%|██████████| 1/1 [00:17<00:00, 17.16s/it]
100%|██████████| 1/1 [00:17<00:00, 17.16s/it]
[run ] denoise took 17.2s
[mem] ran denoise                  host_used=   4.6 GiB  hbm=  61.8 GiB  hbm_peak=  68.1 GiB
[free] ['transformer', 'scheduler', 'audio_scheduler']

Loading checkpoint shards:   0%|          | 0/3 [00:00<?, ?it/s]
Loading checkpoint shards:  33%|███▎      | 1/3 [00:01<00:03,  1.69s/it]
Loading checkpoint shards:  67%|██████▋   | 2/3 [00:02<00:01,  1.23s/it]
Loading checkpoint shards: 100%|██████████| 3/3 [00:02<00:00,  1.12it/s]
[load] vae: 2.60B params -> float32 2.60B/9.7GiB
[load] audio_vae: 0.15B params -> float32 0.15B/0.6GiB
[load] ['vae', 'audio_vae'] in 3.5s
[mem] loaded for decode            host_used=   4.5 GiB  hbm=  10.3 GiB  hbm_peak=  68.1 GiB
[run ] decode took 19.4s
[mem] ran decode                   host_used=   5.3 GiB  hbm=  10.5 GiB  hbm_peak=  68.1 GiB
[free] ['vae', 'audio_vae']
[done] iteration 0 wall time 435.6s
[out ] /mnt/workspace/outputs/steps2_repeat2_reuse-20260928-145944/video-0.mp4 frames=124 audio=(165600, 2) sr=32000
[mem] final it=0                   host_used=   5.4 GiB  hbm=   0.0 GiB  hbm_peak=  68.1 GiB
[mem] loaded for before_encode     host_used=   5.4 GiB  hbm=   0.0 GiB  hbm_peak=  68.1 GiB
[run ] before_encode took 0.0s
[mem] ran before_encode            host_used=   5.4 GiB  hbm=   0.0 GiB  hbm_peak=  68.1 GiB
[reuse] text_encoder skipped, replayed ['prompt_embeds', 'text_token_tags']
/usr/local/lib/python3.12/site-packages/torch/nn/utils/weight_norm.py:144: FutureWarning: `torch.nn.utils.weight_norm` is deprecated in favor of `torch.nn.utils.parametrizations.weight_norm`.
  WeightNorm.apply(module, name, dim)

Loading checkpoint shards:   0%|          | 0/3 [00:00<?, ?it/s]
Loading checkpoint shards:  33%|███▎      | 1/3 [00:00<00:01,  1.35it/s]
Loading checkpoint shards:  67%|██████▋   | 2/3 [00:01<00:00,  1.34it/s]
Loading checkpoint shards: 100%|██████████| 3/3 [00:01<00:00,  1.93it/s]
[load] vae: 2.60B params -> float32 2.60B/9.7GiB
[load] audio_vae: 0.15B params -> float32 0.15B/0.6GiB
[load] ['vae', 'audio_vae'] in 2.1s
[mem] loaded for vae_encoder       host_used=   5.4 GiB  hbm=  10.3 GiB  hbm_peak=  68.1 GiB
[run ] vae_encoder took 0.0s
[mem] ran vae_encoder              host_used=   5.4 GiB  hbm=  10.3 GiB  hbm_peak=  68.1 GiB
[free] ['vae', 'audio_vae']

Loading checkpoint shards:   0%|          | 0/14 [00:00<?, ?it/s]
Loading checkpoint shards:   7%|▋         | 1/14 [00:00<00:12,  1.04it/s]
Loading checkpoint shards:  14%|█▍        | 2/14 [00:01<00:10,  1.14it/s]
Loading checkpoint shards:  21%|██▏       | 3/14 [00:02<00:09,  1.15it/s]
Loading checkpoint shards:  29%|██▊       | 4/14 [00:03<00:08,  1.16it/s]
Loading checkpoint shards:  36%|███▌      | 5/14 [00:04<00:07,  1.18it/s]
Loading checkpoint shards:  43%|████▎     | 6/14 [00:05<00:06,  1.16it/s]
Loading checkpoint shards:  50%|█████     | 7/14 [00:06<00:06,  1.16it/s]
Loading checkpoint shards:  57%|█████▋    | 8/14 [00:06<00:05,  1.17it/s]
Loading checkpoint shards:  64%|██████▍   | 9/14 [00:07<00:04,  1.15it/s]
Loading checkpoint shards:  71%|███████▏  | 10/14 [00:08<00:03,  1.13it/s]
Loading checkpoint shards:  79%|███████▊  | 11/14 [00:09<00:02,  1.10it/s]
Loading checkpoint shards:  86%|████████▌ | 12/14 [00:10<00:01,  1.08it/s]
Loading checkpoint shards:  93%|█████████▎| 13/14 [00:11<00:00,  1.09it/s]
Loading checkpoint shards: 100%|██████████| 14/14 [00:12<00:00,  1.11it/s]
Loading checkpoint shards: 100%|██████████| 14/14 [00:12<00:00,  1.13it/s]
[load] transformer: 33.12B params -> bfloat16 33.11B/61.7GiB, float32 0.02B/0.1GiB
[load] ['transformer', 'scheduler', 'audio_scheduler'] in 12.6s
[mem] loaded for denoise           host_used=   5.4 GiB  hbm=  61.7 GiB  hbm_peak=  68.1 GiB

  0%|          | 0/1 [00:00<?, ?it/s]
100%|██████████| 1/1 [00:17<00:00, 17.06s/it]
100%|██████████| 1/1 [00:17<00:00, 17.06s/it]
[run ] denoise took 17.1s
[mem] ran denoise                  host_used=   5.4 GiB  hbm=  61.8 GiB  hbm_peak=  68.1 GiB
[free] ['transformer', 'scheduler', 'audio_scheduler']

Loading checkpoint shards:   0%|          | 0/3 [00:00<?, ?it/s]
Loading checkpoint shards:  33%|███▎      | 1/3 [00:01<00:03,  1.55s/it]
Loading checkpoint shards:  67%|██████▋   | 2/3 [00:02<00:01,  1.09s/it]
Loading checkpoint shards: 100%|██████████| 3/3 [00:02<00:00,  1.26it/s]
[load] vae: 2.60B params -> float32 2.60B/9.7GiB
[load] audio_vae: 0.15B params -> float32 0.15B/0.6GiB
[load] ['vae', 'audio_vae'] in 3.2s
[mem] loaded for decode            host_used=   5.4 GiB  hbm=  10.3 GiB  hbm_peak=  68.1 GiB
[run ] decode took 17.6s
[mem] ran decode                   host_used=   5.7 GiB  hbm=  10.5 GiB  hbm_peak=  68.1 GiB
[free] ['vae', 'audio_vae']
[done] iteration 1 wall time 53.7s
[out ] /mnt/workspace/outputs/steps2_repeat2_reuse-20260928-145944/video-1.mp4 frames=124 audio=(165600, 2) sr=32000
[mem] final it=1                   host_used=   5.7 GiB  hbm=   0.0 GiB  hbm_peak=  68.1 GiB
