[mon ] telemetry -> /mnt/workspace/runs/batch10_sage_fbcache025-20260928-111414
[init] loading pipeline config from /mnt/workspace/MiniMax-H3
[mem] after config load            host_used=   3.6 GiB  hbm=   0.0 GiB  hbm_peak=   0.0 GiB

Loading weights:   0%|                                | 0/1058 [00:00<?, ?it/s]
Loading weights:   0%|                      | 1/1058 [00:07<2:08:48,  7.31s/it]
Loading weights:   0%|                        | 4/1058 [00:08<27:39,  1.57s/it]
Loading weights:   0%|                        | 5/1058 [00:09<26:55,  1.53s/it]
Loading weights:   1%|▏                      | 10/1058 [00:09<10:05,  1.73it/s]
Loading weights:   1%|▎                      | 15/1058 [00:10<06:24,  2.71it/s]
Loading weights:   2%|▎                      | 16/1058 [00:11<07:08,  2.43it/s]
Loading weights:   2%|▎                      | 17/1058 [00:12<07:55,  2.19it/s]
Loading weights:   2%|▍                      | 21/1058 [00:12<04:46,  3.62it/s]
Loading weights:   2%|▌                      | 23/1058 [00:12<04:03,  4.25it/s]
Loading weights:   2%|▌                      | 26/1058 [00:13<04:06,  4.19it/s]
Loading weights:   3%|▌                      | 27/1058 [00:14<05:14,  3.27it/s]
Loading weights:   3%|▌                      | 28/1058 [00:14<06:25,  2.67it/s]
Loading weights:   3%|▋                      | 32/1058 [00:15<03:47,  4.50it/s]
Loading weights:   3%|▋                      | 34/1058 [00:15<03:18,  5.15it/s]
Loading weights:   3%|▊                      | 37/1058 [00:15<03:35,  4.74it/s]
Loading weights:   4%|▊                      | 38/1058 [00:16<04:49,  3.52it/s]
Loading weights:   4%|▊                      | 39/1058 [00:17<06:04,  2.80it/s]
Loading weights:   4%|▉                      | 43/1058 [00:17<03:35,  4.71it/s]
Loading weights:   4%|▉                      | 44/1058 [00:17<03:37,  4.65it/s]
Loading weights:   5%|█                      | 48/1058 [00:18<03:23,  4.97it/s]
Loading weights:   5%|█                      | 49/1058 [00:19<04:35,  3.66it/s]
Loading weights:   5%|█                      | 50/1058 [00:20<05:49,  2.89it/s]
Loading weights:   5%|█▏                     | 54/1058 [00:20<03:28,  4.81it/s]
Loading weights:   5%|█▏                     | 55/1058 [00:20<03:31,  4.75it/s]
Loading weights:   6%|█▎                     | 59/1058 [00:21<04:39,  3.57it/s]
Loading weights:   6%|█▎                     | 61/1058 [00:22<04:58,  3.34it/s]
Loading weights:   6%|█▍                     | 64/1058 [00:22<03:43,  4.45it/s]
Loading weights:   6%|█▍                     | 66/1058 [00:23<03:15,  5.07it/s]
Loading weights:   7%|█▌                     | 70/1058 [00:23<03:09,  5.21it/s]
Loading weights:   7%|█▌                     | 71/1058 [00:24<04:14,  3.88it/s]
Loading weights:   7%|█▌                     | 72/1058 [00:25<05:23,  3.05it/s]
Loading weights:   7%|█▋                     | 76/1058 [00:25<03:20,  4.90it/s]
Loading weights:   7%|█▋                     | 77/1058 [00:25<03:23,  4.83it/s]
Loading weights:   8%|█▊                     | 81/1058 [00:27<04:31,  3.59it/s]
Loading weights:   8%|█▊                     | 83/1058 [00:27<04:48,  3.38it/s]
Loading weights:   8%|█▉                     | 87/1058 [00:28<03:37,  4.46it/s]
Loading weights:   9%|██                     | 92/1058 [00:29<03:03,  5.27it/s]
Loading weights:   9%|██                     | 93/1058 [00:29<03:53,  4.14it/s]
Loading weights:   9%|██                     | 94/1058 [00:30<04:53,  3.28it/s]
Loading weights:   9%|██                     | 97/1058 [00:30<03:35,  4.45it/s]
Loading weights:   9%|██                    | 100/1058 [00:31<02:46,  5.76it/s]
Loading weights:  10%|██                    | 102/1058 [00:31<03:31,  4.52it/s]
Loading weights:  10%|██▏                   | 104/1058 [00:32<04:04,  3.91it/s]
Loading weights:  10%|██▏                   | 105/1058 [00:33<05:11,  3.06it/s]
Loading weights:  10%|██▎                   | 109/1058 [00:33<03:10,  4.97it/s]
Loading weights:  10%|██▎                   | 111/1058 [00:33<02:49,  5.58it/s]
Loading weights:  11%|██▎                   | 114/1058 [00:34<03:09,  4.99it/s]
Loading weights:  11%|██▍                   | 115/1058 [00:35<04:09,  3.78it/s]
Loading weights:  11%|██▍                   | 116/1058 [00:35<05:15,  2.99it/s]
Loading weights:  11%|██▍                   | 120/1058 [00:35<03:07,  4.99it/s]
Loading weights:  12%|██▌                   | 122/1058 [00:36<02:45,  5.65it/s]
Loading weights:  12%|██▌                   | 124/1058 [00:36<03:31,  4.42it/s]
Loading weights:  12%|██▌                   | 126/1058 [00:37<03:56,  3.95it/s]
Loading weights:  12%|██▋                   | 127/1058 [00:38<04:48,  3.23it/s]
Loading weights:  12%|██▋                   | 131/1058 [00:38<02:55,  5.27it/s]
Loading weights:  12%|██▋                   | 132/1058 [00:38<02:59,  5.16it/s]
Loading weights:  13%|██▊                   | 136/1058 [00:39<02:52,  5.34it/s]
Loading weights:  13%|██▊                   | 137/1058 [00:39<03:56,  3.90it/s]
Loading weights:  13%|██▊                   | 138/1058 [00:40<05:03,  3.03it/s]
Loading weights:  13%|██▉                   | 142/1058 [00:40<03:02,  5.01it/s]
Loading weights:  14%|██▉                   | 144/1058 [00:41<02:41,  5.65it/s]
Loading weights:  14%|███                   | 147/1058 [00:41<03:01,  5.02it/s]
Loading weights:  14%|███                   | 148/1058 [00:42<04:04,  3.72it/s]
Loading weights:  14%|███                   | 149/1058 [00:43<05:12,  2.91it/s]
Loading weights:  14%|███▏                  | 153/1058 [00:43<03:00,  5.02it/s]
Loading weights:  15%|███▎                  | 158/1058 [00:44<03:35,  4.17it/s]
Loading weights:  15%|███▎                  | 159/1058 [00:45<04:26,  3.38it/s]
Loading weights:  16%|███▍                  | 164/1058 [00:45<02:43,  5.46it/s]
Loading weights:  16%|███▍                  | 165/1058 [00:46<02:48,  5.30it/s]
Loading weights:  16%|███▌                  | 169/1058 [00:47<03:48,  3.88it/s]
Loading weights:  16%|███▌                  | 171/1058 [00:48<04:07,  3.58it/s]
Loading weights:  17%|███▋                  | 175/1058 [00:48<02:53,  5.10it/s]
Loading weights:  17%|███▋                  | 177/1058 [00:48<02:37,  5.60it/s]
Loading weights:  17%|███▋                  | 180/1058 [00:49<02:55,  4.99it/s]
Loading weights:  17%|███▊                  | 181/1058 [00:50<03:53,  3.75it/s]
Loading weights:  17%|███▊                  | 182/1058 [00:50<04:55,  2.96it/s]
Loading weights:  17%|███▊                  | 185/1058 [00:51<03:25,  4.25it/s]
Loading weights:  18%|███▉                  | 187/1058 [00:51<02:55,  4.97it/s]
Loading weights:  18%|███▉                  | 191/1058 [00:52<02:48,  5.15it/s]
Loading weights:  18%|███▉                  | 192/1058 [00:52<03:48,  3.79it/s]
Loading weights:  18%|████                  | 193/1058 [00:53<04:50,  2.98it/s]
Loading weights:  19%|████                  | 197/1058 [00:53<02:55,  4.91it/s]
Loading weights:  19%|████▏                 | 199/1058 [00:53<02:34,  5.55it/s]
Loading weights:  19%|████▏                 | 201/1058 [00:54<03:15,  4.39it/s]
Loading weights:  19%|████▏                 | 203/1058 [00:55<03:40,  3.88it/s]
Loading weights:  19%|████▏                 | 204/1058 [00:56<04:44,  3.00it/s]
Loading weights:  20%|████▎                 | 208/1058 [00:56<02:50,  4.98it/s]
Loading weights:  20%|████▎                 | 210/1058 [00:56<02:31,  5.60it/s]
Loading weights:  20%|████▍                 | 214/1058 [00:56<01:36,  8.72it/s]
Loading weights:  21%|████▋                 | 225/1058 [00:56<00:41, 19.91it/s]
Loading weights:  22%|████▊                 | 230/1058 [00:56<00:38, 21.47it/s]
Loading weights:  22%|████▉                 | 237/1058 [00:57<00:29, 27.94it/s]
Loading weights:  23%|█████                 | 246/1058 [00:57<00:37, 21.91it/s]
Loading weights:  24%|█████▏                | 250/1058 [00:57<00:33, 23.80it/s]
Loading weights:  24%|█████▍                | 259/1058 [00:57<00:24, 32.40it/s]
Loading weights:  26%|█████▌                | 270/1058 [00:58<00:26, 30.26it/s]
Loading weights:  26%|█████▋                | 275/1058 [00:58<00:31, 24.76it/s]
Loading weights:  26%|█████▊                | 279/1058 [00:59<00:47, 16.36it/s]
Loading weights:  27%|█████▊                | 282/1058 [01:00<01:41,  7.64it/s]
Loading weights:  27%|█████▉                | 285/1058 [01:01<01:46,  7.28it/s]
Loading weights:  27%|██████                | 290/1058 [01:01<01:47,  7.16it/s]
Loading weights:  28%|██████                | 292/1058 [01:03<02:54,  4.40it/s]
Loading weights:  28%|██████▏               | 296/1058 [01:03<02:27,  5.16it/s]
Loading weights:  28%|██████▎               | 301/1058 [01:03<01:48,  6.95it/s]
Loading weights:  29%|██████▎               | 303/1058 [01:04<01:38,  7.66it/s]
Loading weights:  30%|██████▌               | 313/1058 [01:04<00:57, 12.85it/s]
Loading weights:  30%|██████▌               | 318/1058 [01:04<00:55, 13.27it/s]
Loading weights:  31%|██████▊               | 325/1058 [01:05<00:48, 15.03it/s]
Loading weights:  31%|██████▊               | 329/1058 [01:05<00:45, 16.08it/s]
Loading weights:  31%|██████▉               | 331/1058 [01:05<00:48, 14.87it/s]
Loading weights:  31%|██████▉               | 333/1058 [01:06<01:24,  8.63it/s]
Loading weights:  32%|██████▉               | 335/1058 [01:06<01:17,  9.28it/s]
Loading weights:  33%|███████▏              | 345/1058 [01:06<00:38, 18.37it/s]
Loading weights:  33%|███████▏              | 348/1058 [01:07<00:53, 13.31it/s]
Loading weights:  33%|███████▎              | 351/1058 [01:07<00:51, 13.83it/s]
Loading weights:  33%|███████▎              | 353/1058 [01:07<00:52, 13.34it/s]
Loading weights:  34%|███████▍              | 355/1058 [01:08<01:27,  8.07it/s]
Loading weights:  34%|███████▍              | 357/1058 [01:08<01:53,  6.17it/s]
Loading weights:  34%|███████▍              | 359/1058 [01:09<02:08,  5.42it/s]
Loading weights:  34%|███████▌              | 362/1058 [01:09<01:51,  6.26it/s]
Loading weights:  35%|███████▋              | 367/1058 [01:10<01:50,  6.25it/s]
Loading weights:  35%|███████▊              | 374/1058 [01:10<01:02, 10.94it/s]
Loading weights:  36%|███████▊              | 378/1058 [01:10<01:06, 10.25it/s]
Loading weights:  36%|███████▉              | 381/1058 [01:11<01:19,  8.47it/s]
Loading weights:  36%|███████▉              | 384/1058 [01:11<01:11,  9.49it/s]
Loading weights:  36%|████████              | 386/1058 [01:11<01:08,  9.88it/s]
Loading weights:  37%|████████              | 389/1058 [01:12<01:22,  8.10it/s]
Loading weights:  37%|████████▏             | 391/1058 [01:13<02:21,  4.71it/s]
Loading weights:  37%|████████▏             | 395/1058 [01:13<01:40,  6.61it/s]
Loading weights:  38%|████████▎             | 397/1058 [01:13<01:30,  7.29it/s]
Loading weights:  38%|████████▎             | 400/1058 [01:14<01:24,  7.81it/s]
Loading weights:  38%|████████▎             | 402/1058 [01:14<01:14,  8.84it/s]
Loading weights:  39%|████████▌             | 412/1058 [01:14<00:33, 19.21it/s]
Loading weights:  40%|████████▋             | 420/1058 [01:14<00:22, 28.05it/s]
Loading weights:  40%|████████▊             | 425/1058 [01:14<00:33, 19.04it/s]
Loading weights:  41%|████████▉             | 429/1058 [01:15<00:38, 16.22it/s]
Loading weights:  41%|█████████             | 433/1058 [01:15<00:49, 12.65it/s]
Loading weights:  41%|█████████             | 436/1058 [01:16<01:27,  7.10it/s]
Loading weights:  41%|█████████▏            | 439/1058 [01:17<01:26,  7.12it/s]
Loading weights:  42%|█████████▏            | 444/1058 [01:17<01:22,  7.49it/s]
Loading weights:  42%|█████████▎            | 446/1058 [01:19<02:07,  4.81it/s]
Loading weights:  43%|█████████▎            | 450/1058 [01:19<01:35,  6.34it/s]
Loading weights:  43%|█████████▍            | 452/1058 [01:19<01:26,  7.02it/s]
Loading weights:  43%|█████████▍            | 455/1058 [01:20<01:34,  6.35it/s]
Loading weights:  43%|█████████▍            | 456/1058 [01:20<02:01,  4.96it/s]
Loading weights:  43%|█████████▌            | 457/1058 [01:21<02:37,  3.82it/s]
Loading weights:  44%|█████████▌            | 461/1058 [01:21<01:37,  6.12it/s]
Loading weights:  44%|█████████▋            | 463/1058 [01:21<01:28,  6.74it/s]
Loading weights:  44%|█████████▋            | 465/1058 [01:22<01:48,  5.47it/s]
Loading weights:  44%|█████████▋            | 467/1058 [01:22<02:00,  4.92it/s]
Loading weights:  44%|█████████▋            | 468/1058 [01:23<02:18,  4.27it/s]
Loading weights:  45%|█████████▊            | 472/1058 [01:23<01:20,  7.25it/s]
Loading weights:  45%|█████████▊            | 474/1058 [01:23<01:09,  8.41it/s]
Loading weights:  45%|█████████▉            | 477/1058 [01:23<01:21,  7.16it/s]
Loading weights:  45%|█████████▉            | 479/1058 [01:24<02:17,  4.22it/s]
Loading weights:  46%|██████████            | 483/1058 [01:25<01:29,  6.42it/s]
Loading weights:  46%|██████████            | 485/1058 [01:25<01:20,  7.09it/s]
Loading weights:  46%|██████████▏           | 487/1058 [01:25<01:39,  5.74it/s]
Loading weights:  46%|██████████▏           | 489/1058 [01:26<01:51,  5.12it/s]
Loading weights:  46%|██████████▏           | 490/1058 [01:26<02:21,  4.03it/s]
Loading weights:  47%|██████████▎           | 494/1058 [01:27<01:26,  6.52it/s]
Loading weights:  47%|██████████▎           | 496/1058 [01:27<01:17,  7.28it/s]
Loading weights:  47%|██████████▍           | 499/1058 [01:27<01:26,  6.48it/s]
Loading weights:  47%|██████████▍           | 500/1058 [01:28<02:04,  4.49it/s]
Loading weights:  47%|██████████▍           | 501/1058 [01:29<02:43,  3.41it/s]
Loading weights:  48%|██████████▌           | 505/1058 [01:29<01:49,  5.07it/s]
Loading weights:  48%|██████████▌           | 510/1058 [01:30<01:29,  6.09it/s]
Loading weights:  48%|██████████▋           | 511/1058 [01:30<02:00,  4.55it/s]
Loading weights:  48%|██████████▋           | 512/1058 [01:31<02:32,  3.58it/s]
Loading weights:  49%|██████████▋           | 516/1058 [01:31<01:50,  4.92it/s]
Loading weights:  49%|██████████▊           | 521/1058 [01:32<01:30,  5.94it/s]
Loading weights:  49%|██████████▊           | 522/1058 [01:32<01:54,  4.69it/s]
Loading weights:  49%|██████████▉           | 523/1058 [01:33<02:14,  3.98it/s]
Loading weights:  50%|██████████▉           | 526/1058 [01:33<01:39,  5.37it/s]
Loading weights:  50%|██████████▉           | 528/1058 [01:33<01:27,  6.07it/s]
Loading weights:  50%|███████████           | 532/1058 [01:34<01:43,  5.06it/s]
Loading weights:  50%|███████████           | 534/1058 [01:34<01:26,  6.09it/s]
Loading weights:  51%|███████████▎          | 543/1058 [01:35<00:38, 13.39it/s]
Loading weights:  52%|███████████▎          | 546/1058 [01:35<00:35, 14.34it/s]
Loading weights:  52%|███████████▍          | 553/1058 [01:35<00:24, 20.91it/s]
Loading weights:  53%|███████████▌          | 557/1058 [01:35<00:23, 21.09it/s]
Loading weights:  53%|███████████▋          | 565/1058 [01:35<00:19, 25.18it/s]
Loading weights:  54%|███████████▊          | 571/1058 [01:35<00:16, 30.30it/s]
Loading weights:  55%|███████████▉          | 577/1058 [01:36<00:14, 32.30it/s]
Loading weights:  55%|████████████          | 582/1058 [01:36<00:14, 32.42it/s]
Loading weights:  55%|████████████▏         | 587/1058 [01:36<00:14, 31.66it/s]
Loading weights:  57%|████████████▍         | 598/1058 [01:36<00:11, 41.74it/s]
Loading weights:  57%|████████████▌         | 603/1058 [01:36<00:11, 41.00it/s]
Loading weights:  58%|████████████▋         | 610/1058 [01:36<00:09, 45.07it/s]
Loading weights:  59%|████████████▉         | 620/1058 [01:36<00:08, 53.53it/s]
Loading weights:  59%|█████████████         | 626/1058 [01:37<00:08, 53.78it/s]
Loading weights:  60%|█████████████▏        | 632/1058 [01:37<00:07, 54.06it/s]
Loading weights:  61%|█████████████▎        | 642/1058 [01:37<00:06, 60.82it/s]
Loading weights:  61%|█████████████▍        | 649/1058 [01:37<00:06, 60.25it/s]
Loading weights:  62%|█████████████▋        | 656/1058 [01:37<00:07, 53.91it/s]
Loading weights:  63%|█████████████▊        | 666/1058 [01:37<00:06, 59.17it/s]
Loading weights:  64%|██████████████        | 676/1058 [01:37<00:05, 68.53it/s]
Loading weights:  65%|██████████████▏       | 685/1058 [01:37<00:05, 71.32it/s]
Loading weights:  66%|██████████████▍       | 693/1058 [01:38<00:05, 65.94it/s]
Loading weights:  66%|██████████████▌       | 700/1058 [01:39<00:20, 17.05it/s]
Loading weights:  67%|██████████████▋       | 705/1058 [01:39<00:19, 17.88it/s]
Loading weights:  69%|███████████████       | 725/1058 [01:39<00:09, 35.36it/s]
Loading weights:  71%|███████████████▌      | 751/1058 [01:39<00:04, 61.93it/s]
Loading weights:  73%|████████████████      | 775/1058 [01:39<00:03, 86.03it/s]
Loading weights:  76%|████████████████     | 807/1058 [01:40<00:02, 123.51it/s]
Loading weights:  78%|████████████████▍    | 827/1058 [01:40<00:01, 136.03it/s]
Loading weights:  80%|████████████████▊    | 847/1058 [01:40<00:01, 142.16it/s]
Loading weights:  82%|█████████████████▎   | 871/1058 [01:40<00:01, 157.31it/s]
Loading weights:  84%|█████████████████▋   | 891/1058 [01:40<00:01, 166.35it/s]
Loading weights:  86%|██████████████████▏  | 915/1058 [01:40<00:00, 184.26it/s]
Loading weights:  88%|██████████████████▌  | 936/1058 [01:40<00:00, 184.58it/s]
Loading weights:  90%|██████████████████▉  | 956/1058 [01:40<00:00, 180.38it/s]
Loading weights:  92%|███████████████████▎ | 976/1058 [01:40<00:00, 183.86it/s]
Loading weights:  94%|███████████████████▊ | 997/1058 [01:41<00:00, 190.12it/s]
Loading weights:  96%|███████████████████▏| 1017/1058 [01:41<00:00, 176.07it/s]
Loading weights:  98%|███████████████████▌| 1036/1058 [01:41<00:00, 125.95it/s]
Loading weights:  99%|████████████████████▊| 1051/1058 [01:41<00:00, 74.40it/s]
Loading weights: 100%|█████████████████████| 1058/1058 [01:41<00:00, 10.37it/s]
[load] text_encoder: 33.36B params -> bfloat16 33.36B/62.1GiB
[load] ['text_encoder', 'tokenizer', 'processor'] in 104.9s
[mem] loaded for text_encoder      host_used=   3.9 GiB  hbm=  62.1 GiB  hbm_peak=  62.1 GiB
[run ] text_encoder:0 took 0.9s
[run ] text_encoder:1 took 0.1s
[run ] text_encoder:2 took 0.1s
[run ] text_encoder:3 took 0.1s
[run ] text_encoder:4 took 0.1s
[run ] text_encoder:5 took 0.1s
[run ] text_encoder:6 took 0.1s
[run ] text_encoder:7 took 0.1s
[run ] text_encoder:8 took 0.1s
[run ] text_encoder:9 took 0.1s
[mem] ran text_encoder             host_used=   4.4 GiB  hbm=  62.1 GiB  hbm_peak=  62.2 GiB
[free] ['text_encoder']

Loading checkpoint shards:   0%|                         | 0/3 [00:00<?, ?it/s]
Loading checkpoint shards:  33%|█████▋           | 1/3 [00:02<00:04,  2.23s/it]
Loading checkpoint shards:  67%|███████████▎     | 2/3 [00:03<00:01,  1.44s/it]
Loading checkpoint shards: 100%|█████████████████| 3/3 [00:03<00:00,  1.06s/it]
/usr/local/lib/python3.12/site-packages/torch/nn/utils/weight_norm.py:144: FutureWarning: `torch.nn.utils.weight_norm` is deprecated in favor of `torch.nn.utils.parametrizations.weight_norm`.
  WeightNorm.apply(module, name, dim)
[load] vae: 2.60B params -> float32 2.60B/9.7GiB
[load] audio_vae: 0.15B params -> float32 0.15B/0.6GiB
[load] ['vae', 'audio_vae'] in 3.8s
[mem] loaded for vae_encoder       host_used=   4.4 GiB  hbm=  10.3 GiB  hbm_peak=  62.2 GiB
[run ] vae_encoder:0 took 0.0s
[run ] vae_encoder:1 took 0.0s
[run ] vae_encoder:2 took 0.0s
[run ] vae_encoder:3 took 0.0s
[run ] vae_encoder:4 took 0.0s
[run ] vae_encoder:5 took 0.0s
[run ] vae_encoder:6 took 0.0s
[run ] vae_encoder:7 took 0.0s
[run ] vae_encoder:8 took 0.0s
[run ] vae_encoder:9 took 0.0s
[mem] ran vae_encoder              host_used=   4.4 GiB  hbm=  10.3 GiB  hbm_peak=  62.2 GiB
[free] ['vae', 'audio_vae']

Loading checkpoint shards:   0%|                        | 0/14 [00:00<?, ?it/s]
Loading checkpoint shards:   7%|█▏              | 1/14 [00:11<02:23, 11.01s/it]
Loading checkpoint shards:  14%|██▎             | 2/14 [00:22<02:14, 11.24s/it]
Loading checkpoint shards:  21%|███▍            | 3/14 [00:34<02:06, 11.53s/it]
Loading checkpoint shards:  29%|████▌           | 4/14 [00:45<01:52, 11.27s/it]
Loading checkpoint shards:  36%|█████▋          | 5/14 [00:53<01:31, 10.21s/it]
Loading checkpoint shards:  43%|██████▊         | 6/14 [01:05<01:27, 10.91s/it]
Loading checkpoint shards:  50%|████████        | 7/14 [01:15<01:14, 10.58s/it]
Loading checkpoint shards:  57%|█████████▏      | 8/14 [01:27<01:05, 10.93s/it]
Loading checkpoint shards:  64%|██████████▎     | 9/14 [01:37<00:53, 10.62s/it]
Loading checkpoint shards:  71%|██████████▋    | 10/14 [01:47<00:41, 10.47s/it]
Loading checkpoint shards:  79%|███████████▊   | 11/14 [01:59<00:33, 11.11s/it]
Loading checkpoint shards:  86%|████████████▊  | 12/14 [02:12<00:23, 11.65s/it]
Loading checkpoint shards:  93%|█████████████▉ | 13/14 [02:24<00:11, 11.77s/it]
Loading checkpoint shards: 100%|███████████████| 14/14 [02:34<00:00, 11.09s/it]
Loading checkpoint shards: 100%|███████████████| 14/14 [02:34<00:00, 11.03s/it]
[load] transformer: 33.12B params -> bfloat16 33.11B/61.7GiB, float32 0.02B/0.1GiB
[load] ['transformer', 'scheduler', 'audio_scheduler'] in 154.5s
[mem] loaded for denoise           host_used=   4.4 GiB  hbm=  61.8 GiB  hbm_peak=  62.2 GiB
[fbc ] FBCache enabled: threshold=0.25

  0%|                                                   | 0/49 [00:00<?, ?it/s]
  2%|▉                                          | 1/49 [00:15<12:27, 15.56s/it]
  4%|█▊                                         | 2/49 [00:15<05:10,  6.60s/it]
  6%|██▋                                        | 3/49 [00:16<02:51,  3.73s/it]
  8%|███▌                                       | 4/49 [00:16<01:47,  2.39s/it]
 10%|████▍                                      | 5/49 [00:26<03:44,  5.10s/it]
 12%|█████▎                                     | 6/49 [00:32<03:50,  5.36s/it]
 14%|██████▏                                    | 7/49 [00:32<02:35,  3.71s/it]
 16%|███████                                    | 8/49 [00:32<01:47,  2.63s/it]
 18%|███████▉                                   | 9/49 [00:33<01:16,  1.91s/it]
 20%|████████▌                                 | 10/49 [00:43<02:51,  4.39s/it]
 22%|█████████▍                                | 11/49 [00:49<03:03,  4.83s/it]
 24%|██████████▎                               | 12/49 [00:49<02:08,  3.46s/it]
 27%|███████████▏                              | 13/49 [00:49<01:30,  2.51s/it]
 29%|████████████                              | 14/49 [00:50<01:04,  1.85s/it]
 31%|████████████▊                             | 15/49 [00:50<00:47,  1.39s/it]
 33%|█████████████▋                            | 16/49 [00:50<00:35,  1.07s/it]
 35%|██████████████▌                           | 17/49 [00:50<00:27,  1.18it/s]
 37%|███████████████▍                          | 18/49 [01:00<01:50,  3.57s/it]
 39%|████████████████▎                         | 19/49 [01:06<02:07,  4.25s/it]
 41%|█████████████████▏                        | 20/49 [01:07<01:29,  3.07s/it]
 43%|██████████████████                        | 21/49 [01:07<01:02,  2.25s/it]
 45%|██████████████████▊                       | 22/49 [01:07<00:45,  1.67s/it]
 47%|███████████████████▋                      | 23/49 [01:08<00:32,  1.27s/it]
 49%|████████████████████▌                     | 24/49 [01:08<00:24,  1.02it/s]
 51%|█████████████████████▍                    | 25/49 [01:08<00:18,  1.27it/s]
 53%|██████████████████████▎                   | 26/49 [01:09<00:14,  1.54it/s]
 55%|███████████████████████▏                  | 27/49 [01:09<00:12,  1.82it/s]
 57%|████████████████████████                  | 28/49 [01:09<00:10,  2.07it/s]
 59%|████████████████████████▊                 | 29/49 [01:19<01:06,  3.31s/it]
 61%|█████████████████████████▋                | 30/49 [01:25<01:17,  4.07s/it]
 63%|██████████████████████████▌               | 31/49 [01:25<00:52,  2.94s/it]
 65%|███████████████████████████▍              | 32/49 [01:26<00:36,  2.16s/it]
 67%|████████████████████████████▎             | 33/49 [01:26<00:25,  1.61s/it]
 69%|█████████████████████████████▏            | 34/49 [01:26<00:18,  1.22s/it]
 71%|██████████████████████████████            | 35/49 [01:27<00:13,  1.05it/s]
 73%|██████████████████████████████▊           | 36/49 [01:27<00:09,  1.31it/s]
 76%|███████████████████████████████▋          | 37/49 [01:27<00:07,  1.58it/s]
 78%|████████████████████████████████▌         | 38/49 [01:37<00:37,  3.41s/it]
 80%|█████████████████████████████████▍        | 39/49 [01:43<00:41,  4.14s/it]
 82%|██████████████████████████████████▎       | 40/49 [01:43<00:26,  3.00s/it]
 84%|███████████████████████████████████▏      | 41/49 [01:44<00:17,  2.19s/it]
 86%|████████████████████████████████████      | 42/49 [01:44<00:11,  1.63s/it]
 88%|████████████████████████████████████▊     | 43/49 [01:44<00:07,  1.24s/it]
 90%|█████████████████████████████████████▋    | 44/49 [01:54<00:19,  3.84s/it]
 92%|██████████████████████████████████████▌   | 45/49 [02:00<00:17,  4.44s/it]
 94%|███████████████████████████████████████▍  | 46/49 [02:00<00:09,  3.20s/it]
 96%|████████████████████████████████████████▎ | 47/49 [02:01<00:04,  2.34s/it]
 98%|█████████████████████████████████████████▏| 48/49 [02:10<00:04,  4.61s/it]
100%|██████████████████████████████████████████| 49/49 [02:16<00:00,  4.97s/it]
100%|██████████████████████████████████████████| 49/49 [02:16<00:00,  2.79s/it]
[run ] denoise:0 took 136.9s
[mem] ran denoise:0                host_used=   4.5 GiB  hbm=  63.0 GiB  hbm_peak=  69.3 GiB

  0%|                                                   | 0/49 [00:00<?, ?it/s]
  2%|▉                                          | 1/49 [00:15<12:20, 15.42s/it]
  4%|█▊                                         | 2/49 [00:15<05:07,  6.54s/it]
  6%|██▋                                        | 3/49 [00:16<02:50,  3.70s/it]
  8%|███▌                                       | 4/49 [00:25<04:36,  6.15s/it]
 10%|████▍                                      | 5/49 [00:31<04:25,  6.04s/it]
 12%|█████▎                                     | 6/49 [00:32<02:56,  4.10s/it]
 14%|██████▏                                    | 7/49 [00:32<02:00,  2.86s/it]
 16%|███████                                    | 8/49 [00:32<01:24,  2.06s/it]
 18%|███████▉                                   | 9/49 [00:42<03:00,  4.51s/it]
 20%|████████▌                                 | 10/49 [00:48<03:11,  4.92s/it]
 22%|█████████▍                                | 11/49 [00:48<02:13,  3.51s/it]
 24%|██████████▎                               | 12/49 [00:49<01:34,  2.54s/it]
 27%|███████████▏                              | 13/49 [00:49<01:07,  1.87s/it]
 29%|████████████                              | 14/49 [00:49<00:49,  1.40s/it]
 31%|████████████▊                             | 15/49 [00:50<00:36,  1.08s/it]
 33%|█████████████▋                            | 16/49 [00:50<00:28,  1.17it/s]
 35%|██████████████▌                           | 17/49 [01:00<01:54,  3.57s/it]
 37%|███████████████▍                          | 18/49 [01:06<02:11,  4.25s/it]
 39%|████████████████▎                         | 19/49 [01:06<01:32,  3.07s/it]
 41%|█████████████████▏                        | 20/49 [01:06<01:05,  2.25s/it]
 43%|██████████████████                        | 21/49 [01:07<00:46,  1.67s/it]
 45%|██████████████████▊                       | 22/49 [01:07<00:34,  1.27s/it]
 47%|███████████████████▋                      | 23/49 [01:07<00:25,  1.02it/s]
 49%|████████████████████▌                     | 24/49 [01:08<00:19,  1.27it/s]
 51%|█████████████████████▍                    | 25/49 [01:08<00:15,  1.55it/s]
 53%|██████████████████████▎                   | 26/49 [01:08<00:12,  1.82it/s]
 55%|███████████████████████▏                  | 27/49 [01:09<00:10,  2.07it/s]
 57%|████████████████████████                  | 28/49 [01:19<01:09,  3.31s/it]
 59%|████████████████████████▊                 | 29/49 [01:24<01:21,  4.07s/it]
 61%|█████████████████████████▋                | 30/49 [01:25<00:55,  2.94s/it]
 63%|██████████████████████████▌               | 31/49 [01:25<00:38,  2.16s/it]
 65%|███████████████████████████▍              | 32/49 [01:25<00:27,  1.61s/it]
 67%|████████████████████████████▎             | 33/49 [01:26<00:19,  1.22s/it]
 69%|█████████████████████████████▏            | 34/49 [01:26<00:14,  1.05it/s]
 71%|██████████████████████████████            | 35/49 [01:26<00:10,  1.31it/s]
 73%|██████████████████████████████▊           | 36/49 [01:27<00:08,  1.58it/s]
 76%|███████████████████████████████▋          | 37/49 [01:37<00:40,  3.41s/it]
 78%|████████████████████████████████▌         | 38/49 [01:42<00:45,  4.14s/it]
 80%|█████████████████████████████████▍        | 39/49 [01:43<00:29,  2.99s/it]
 82%|██████████████████████████████████▎       | 40/49 [01:43<00:19,  2.19s/it]
 84%|███████████████████████████████████▏      | 41/49 [01:43<00:13,  1.63s/it]
 86%|████████████████████████████████████      | 42/49 [01:44<00:08,  1.24s/it]
 88%|████████████████████████████████████▊     | 43/49 [01:54<00:23,  3.84s/it]
 90%|█████████████████████████████████████▋    | 44/49 [01:59<00:22,  4.43s/it]
 92%|██████████████████████████████████████▌   | 45/49 [02:00<00:12,  3.20s/it]
 94%|███████████████████████████████████████▍  | 46/49 [02:00<00:07,  2.34s/it]
 96%|████████████████████████████████████████▎ | 47/49 [02:10<00:09,  4.60s/it]
 98%|█████████████████████████████████████████▏| 48/49 [02:16<00:04,  4.97s/it]
100%|██████████████████████████████████████████| 49/49 [02:26<00:00,  6.44s/it]
100%|██████████████████████████████████████████| 49/49 [02:26<00:00,  2.98s/it]
[run ] denoise:1 took 146.2s
[mem] ran denoise:1                host_used=   4.6 GiB  hbm=  63.0 GiB  hbm_peak=  69.3 GiB

  0%|                                                   | 0/49 [00:00<?, ?it/s]
  2%|▉                                          | 1/49 [00:15<12:19, 15.42s/it]
  4%|█▊                                         | 2/49 [00:15<05:07,  6.53s/it]
  6%|██▋                                        | 3/49 [00:16<02:50,  3.70s/it]
  8%|███▌                                       | 4/49 [00:16<01:46,  2.37s/it]
 10%|████▍                                      | 5/49 [00:26<03:43,  5.08s/it]
 12%|█████▎                                     | 6/49 [00:32<03:49,  5.34s/it]
 14%|██████▏                                    | 7/49 [00:32<02:35,  3.70s/it]
 16%|███████                                    | 8/49 [00:32<01:47,  2.63s/it]
 18%|███████▉                                   | 9/49 [00:33<01:16,  1.91s/it]
 20%|████████▌                                 | 10/49 [00:33<00:55,  1.42s/it]
 22%|█████████▍                                | 11/49 [00:43<02:32,  4.01s/it]
 24%|██████████▎                               | 12/49 [00:49<02:49,  4.57s/it]
 27%|███████████▏                              | 13/49 [00:49<01:58,  3.28s/it]
 29%|████████████                              | 14/49 [00:49<01:23,  2.39s/it]
 31%|████████████▊                             | 15/49 [00:50<01:00,  1.77s/it]
 33%|█████████████▋                            | 16/49 [00:50<00:43,  1.33s/it]
 35%|██████████████▌                           | 17/49 [00:50<00:32,  1.03s/it]
 37%|███████████████▍                          | 18/49 [00:51<00:25,  1.22it/s]
 39%|████████████████▎                         | 19/49 [00:51<00:20,  1.49it/s]
 41%|█████████████████▏                        | 20/49 [01:01<01:39,  3.44s/it]
 43%|██████████████████                        | 21/49 [01:07<01:56,  4.16s/it]
 45%|██████████████████▊                       | 22/49 [01:07<01:21,  3.01s/it]
 47%|███████████████████▋                      | 23/49 [01:07<00:57,  2.20s/it]
 49%|████████████████████▌                     | 24/49 [01:08<00:40,  1.64s/it]
 51%|█████████████████████▍                    | 25/49 [01:08<00:29,  1.24s/it]
 53%|██████████████████████▎                   | 26/49 [01:08<00:22,  1.03it/s]
 55%|███████████████████████▏                  | 27/49 [01:09<00:17,  1.29it/s]
 57%|████████████████████████                  | 28/49 [01:09<00:13,  1.56it/s]
 59%|████████████████████████▊                 | 29/49 [01:09<00:10,  1.84it/s]
 61%|█████████████████████████▋                | 30/49 [01:19<01:03,  3.35s/it]
 63%|██████████████████████████▌               | 31/49 [01:25<01:13,  4.10s/it]
 65%|███████████████████████████▍              | 32/49 [01:25<00:50,  2.96s/it]
 67%|████████████████████████████▎             | 33/49 [01:26<00:34,  2.17s/it]
 69%|█████████████████████████████▏            | 34/49 [01:26<00:24,  1.62s/it]
 71%|██████████████████████████████            | 35/49 [01:26<00:17,  1.23s/it]
 73%|██████████████████████████████▊           | 36/49 [01:27<00:12,  1.04it/s]
 76%|███████████████████████████████▋          | 37/49 [01:27<00:09,  1.30it/s]
 78%|████████████████████████████████▌         | 38/49 [01:37<00:38,  3.51s/it]
 80%|█████████████████████████████████▍        | 39/49 [01:43<00:42,  4.21s/it]
 82%|██████████████████████████████████▎       | 40/49 [01:43<00:27,  3.04s/it]
 84%|███████████████████████████████████▏      | 41/49 [01:43<00:17,  2.23s/it]
 86%|████████████████████████████████████      | 42/49 [01:44<00:11,  1.65s/it]
 88%|████████████████████████████████████▊     | 43/49 [01:44<00:07,  1.26s/it]
 90%|█████████████████████████████████████▋    | 44/49 [01:54<00:19,  3.85s/it]
 92%|██████████████████████████████████████▌   | 45/49 [02:00<00:17,  4.44s/it]
 94%|███████████████████████████████████████▍  | 46/49 [02:00<00:09,  3.21s/it]
 96%|████████████████████████████████████████▎ | 47/49 [02:10<00:10,  5.21s/it]
 98%|█████████████████████████████████████████▏| 48/49 [02:16<00:05,  5.40s/it]
100%|██████████████████████████████████████████| 49/49 [02:26<00:00,  6.75s/it]
100%|██████████████████████████████████████████| 49/49 [02:26<00:00,  2.98s/it]
[run ] denoise:2 took 146.2s
[mem] ran denoise:2                host_used=   4.6 GiB  hbm=  63.0 GiB  hbm_peak=  69.4 GiB

  0%|                                                   | 0/49 [00:00<?, ?it/s]
  2%|▉                                          | 1/49 [00:15<12:19, 15.41s/it]
  4%|█▊                                         | 2/49 [00:15<05:06,  6.53s/it]
  6%|██▋                                        | 3/49 [00:16<02:50,  3.70s/it]
  8%|███▌                                       | 4/49 [00:16<01:46,  2.37s/it]
 10%|████▍                                      | 5/49 [00:26<03:43,  5.08s/it]
 12%|█████▎                                     | 6/49 [00:32<03:49,  5.34s/it]
 14%|██████▏                                    | 7/49 [00:32<02:35,  3.70s/it]
 16%|███████                                    | 8/49 [00:32<01:47,  2.62s/it]
 18%|███████▉                                   | 9/49 [00:33<01:16,  1.91s/it]
 20%|████████▌                                 | 10/49 [00:42<02:50,  4.37s/it]
 22%|█████████▍                                | 11/49 [00:48<03:03,  4.82s/it]
 24%|██████████▎                               | 12/49 [00:49<02:07,  3.45s/it]
 27%|███████████▏                              | 13/49 [00:49<01:30,  2.50s/it]
 29%|████████████                              | 14/49 [00:49<01:04,  1.85s/it]
 31%|████████████▊                             | 15/49 [00:50<00:47,  1.39s/it]
 33%|█████████████▋                            | 16/49 [00:50<00:35,  1.07s/it]
 35%|██████████████▌                           | 17/49 [00:50<00:26,  1.19it/s]
 37%|███████████████▍                          | 18/49 [01:00<01:50,  3.56s/it]
 39%|████████████████▎                         | 19/49 [01:06<02:07,  4.24s/it]
 41%|█████████████████▏                        | 20/49 [01:06<01:28,  3.07s/it]
 43%|██████████████████                        | 21/49 [01:07<01:02,  2.24s/it]
 45%|██████████████████▊                       | 22/49 [01:07<00:45,  1.67s/it]
 47%|███████████████████▋                      | 23/49 [01:07<00:32,  1.26s/it]
 49%|████████████████████▌                     | 24/49 [01:08<00:24,  1.02it/s]
 51%|█████████████████████▍                    | 25/49 [01:08<00:18,  1.27it/s]
 53%|██████████████████████▎                   | 26/49 [01:08<00:14,  1.55it/s]
 55%|███████████████████████▏                  | 27/49 [01:09<00:12,  1.82it/s]
 57%|████████████████████████                  | 28/49 [01:18<01:10,  3.35s/it]
 59%|████████████████████████▊                 | 29/49 [01:24<01:21,  4.10s/it]
 61%|█████████████████████████▋                | 30/49 [01:25<00:56,  2.96s/it]
 63%|██████████████████████████▌               | 31/49 [01:25<00:39,  2.17s/it]
 65%|███████████████████████████▍              | 32/49 [01:25<00:27,  1.62s/it]
 67%|████████████████████████████▎             | 33/49 [01:26<00:19,  1.23s/it]
 69%|█████████████████████████████▏            | 34/49 [01:26<00:14,  1.04it/s]
 71%|██████████████████████████████            | 35/49 [01:26<00:10,  1.30it/s]
 73%|██████████████████████████████▊           | 36/49 [01:27<00:08,  1.58it/s]
 76%|███████████████████████████████▋          | 37/49 [01:36<00:40,  3.41s/it]
 78%|████████████████████████████████▌         | 38/49 [01:42<00:45,  4.14s/it]
 80%|█████████████████████████████████▍        | 39/49 [01:43<00:29,  2.99s/it]
 82%|██████████████████████████████████▎       | 40/49 [01:43<00:19,  2.19s/it]
 84%|███████████████████████████████████▏      | 41/49 [01:43<00:13,  1.63s/it]
 86%|████████████████████████████████████      | 42/49 [01:44<00:08,  1.24s/it]
 88%|████████████████████████████████████▊     | 43/49 [01:53<00:23,  3.84s/it]
 90%|█████████████████████████████████████▋    | 44/49 [01:59<00:22,  4.43s/it]
 92%|██████████████████████████████████████▌   | 45/49 [02:00<00:12,  3.20s/it]
 94%|███████████████████████████████████████▍  | 46/49 [02:00<00:07,  2.34s/it]
 96%|████████████████████████████████████████▎ | 47/49 [02:10<00:09,  4.60s/it]
 98%|█████████████████████████████████████████▏| 48/49 [02:16<00:04,  4.97s/it]
100%|██████████████████████████████████████████| 49/49 [02:26<00:00,  6.44s/it]
100%|██████████████████████████████████████████| 49/49 [02:26<00:00,  2.98s/it]
[run ] denoise:3 took 146.1s
[mem] ran denoise:3                host_used=   4.6 GiB  hbm=  63.1 GiB  hbm_peak=  69.4 GiB

  0%|                                                   | 0/49 [00:00<?, ?it/s]
  2%|▉                                          | 1/49 [00:15<12:19, 15.40s/it]
  4%|█▊                                         | 2/49 [00:15<05:06,  6.53s/it]
  6%|██▋                                        | 3/49 [00:16<02:49,  3.70s/it]
  8%|███▌                                       | 4/49 [00:25<04:36,  6.14s/it]
 10%|████▍                                      | 5/49 [00:31<04:25,  6.03s/it]
 12%|█████▎                                     | 6/49 [00:32<02:55,  4.09s/it]
 14%|██████▏                                    | 7/49 [00:32<02:00,  2.86s/it]
 16%|███████                                    | 8/49 [00:32<01:24,  2.05s/it]
 18%|███████▉                                   | 9/49 [00:42<03:00,  4.50s/it]
 20%|████████▌                                 | 10/49 [00:48<03:11,  4.91s/it]
 22%|█████████▍                                | 11/49 [00:48<02:13,  3.51s/it]
 24%|██████████▎                               | 12/49 [00:49<01:33,  2.54s/it]
 27%|███████████▏                              | 13/49 [00:49<01:07,  1.87s/it]
 29%|████████████                              | 14/49 [00:49<00:49,  1.40s/it]
 31%|████████████▊                             | 15/49 [00:50<00:36,  1.08s/it]
 33%|█████████████▋                            | 16/49 [00:50<00:28,  1.18it/s]
 35%|██████████████▌                           | 17/49 [01:00<01:54,  3.57s/it]
 37%|███████████████▍                          | 18/49 [01:06<02:11,  4.25s/it]
 39%|████████████████▎                         | 19/49 [01:06<01:32,  3.07s/it]
 41%|█████████████████▏                        | 20/49 [01:06<01:05,  2.25s/it]
 43%|██████████████████                        | 21/49 [01:07<00:46,  1.67s/it]
 45%|██████████████████▊                       | 22/49 [01:07<00:34,  1.26s/it]
 47%|███████████████████▋                      | 23/49 [01:07<00:25,  1.02it/s]
 49%|████████████████████▌                     | 24/49 [01:08<00:19,  1.27it/s]
 51%|█████████████████████▍                    | 25/49 [01:08<00:15,  1.55it/s]
 53%|██████████████████████▎                   | 26/49 [01:08<00:12,  1.82it/s]
 55%|███████████████████████▏                  | 27/49 [01:09<00:10,  2.08it/s]
 57%|████████████████████████                  | 28/49 [01:18<01:09,  3.30s/it]
 59%|████████████████████████▊                 | 29/49 [01:24<01:21,  4.06s/it]
 61%|█████████████████████████▋                | 30/49 [01:25<00:55,  2.94s/it]
 63%|██████████████████████████▌               | 31/49 [01:25<00:38,  2.15s/it]
 65%|███████████████████████████▍              | 32/49 [01:25<00:27,  1.60s/it]
 67%|████████████████████████████▎             | 33/49 [01:26<00:19,  1.22s/it]
 69%|█████████████████████████████▏            | 34/49 [01:26<00:14,  1.05it/s]
 71%|██████████████████████████████            | 35/49 [01:26<00:10,  1.31it/s]
 73%|██████████████████████████████▊           | 36/49 [01:27<00:08,  1.59it/s]
 76%|███████████████████████████████▋          | 37/49 [01:36<00:40,  3.41s/it]
 78%|████████████████████████████████▌         | 38/49 [01:42<00:45,  4.13s/it]
 80%|█████████████████████████████████▍        | 39/49 [01:43<00:29,  2.99s/it]
 82%|██████████████████████████████████▎       | 40/49 [01:43<00:19,  2.19s/it]
 84%|███████████████████████████████████▏      | 41/49 [01:43<00:13,  1.63s/it]
 86%|████████████████████████████████████      | 42/49 [01:44<00:08,  1.24s/it]
 88%|████████████████████████████████████▊     | 43/49 [01:53<00:22,  3.83s/it]
 90%|█████████████████████████████████████▋    | 44/49 [01:59<00:22,  4.43s/it]
 92%|██████████████████████████████████████▌   | 45/49 [02:00<00:12,  3.20s/it]
 94%|███████████████████████████████████████▍  | 46/49 [02:00<00:07,  2.33s/it]
 96%|████████████████████████████████████████▎ | 47/49 [02:10<00:09,  4.60s/it]
 98%|█████████████████████████████████████████▏| 48/49 [02:16<00:04,  4.96s/it]
100%|██████████████████████████████████████████| 49/49 [02:25<00:00,  6.44s/it]
100%|██████████████████████████████████████████| 49/49 [02:25<00:00,  2.98s/it]
[run ] denoise:4 took 146.0s
[mem] ran denoise:4                host_used=   4.6 GiB  hbm=  63.1 GiB  hbm_peak=  69.4 GiB

  0%|                                                   | 0/49 [00:00<?, ?it/s]
  2%|▉                                          | 1/49 [00:15<12:19, 15.40s/it]
  4%|█▊                                         | 2/49 [00:15<05:06,  6.53s/it]
  6%|██▋                                        | 3/49 [00:16<02:49,  3.70s/it]
  8%|███▌                                       | 4/49 [00:16<01:46,  2.36s/it]
 10%|████▍                                      | 5/49 [00:26<03:43,  5.08s/it]
 12%|█████▎                                     | 6/49 [00:32<03:49,  5.34s/it]
 14%|██████▏                                    | 7/49 [00:32<02:35,  3.70s/it]
 16%|███████                                    | 8/49 [00:32<01:47,  2.62s/it]
 18%|███████▉                                   | 9/49 [00:33<01:16,  1.90s/it]
 20%|████████▌                                 | 10/49 [00:42<02:50,  4.37s/it]
 22%|█████████▍                                | 11/49 [00:48<03:03,  4.82s/it]
 24%|██████████▎                               | 12/49 [00:49<02:07,  3.45s/it]
 27%|███████████▏                              | 13/49 [00:49<01:30,  2.50s/it]
 29%|████████████                              | 14/49 [00:49<01:04,  1.84s/it]
 31%|████████████▊                             | 15/49 [00:50<00:47,  1.39s/it]
 33%|█████████████▋                            | 16/49 [00:50<00:35,  1.07s/it]
 35%|██████████████▌                           | 17/49 [00:50<00:26,  1.19it/s]
 37%|███████████████▍                          | 18/49 [01:00<01:50,  3.56s/it]
 39%|████████████████▎                         | 19/49 [01:06<02:07,  4.24s/it]
 41%|█████████████████▏                        | 20/49 [01:06<01:28,  3.07s/it]
 43%|██████████████████                        | 21/49 [01:07<01:02,  2.24s/it]
 45%|██████████████████▊                       | 22/49 [01:07<00:45,  1.67s/it]
 47%|███████████████████▋                      | 23/49 [01:07<00:32,  1.26s/it]
 49%|████████████████████▌                     | 24/49 [01:08<00:24,  1.02it/s]
 51%|█████████████████████▍                    | 25/49 [01:08<00:18,  1.27it/s]
 53%|██████████████████████▎                   | 26/49 [01:08<00:14,  1.55it/s]
 55%|███████████████████████▏                  | 27/49 [01:09<00:12,  1.82it/s]
 57%|████████████████████████                  | 28/49 [01:18<01:10,  3.35s/it]
 59%|████████████████████████▊                 | 29/49 [01:24<01:21,  4.09s/it]
 61%|█████████████████████████▋                | 30/49 [01:25<00:56,  2.96s/it]
 63%|██████████████████████████▌               | 31/49 [01:25<00:39,  2.17s/it]
 65%|███████████████████████████▍              | 32/49 [01:25<00:27,  1.62s/it]
 67%|████████████████████████████▎             | 33/49 [01:26<00:19,  1.23s/it]
 69%|█████████████████████████████▏            | 34/49 [01:26<00:14,  1.04it/s]
 71%|██████████████████████████████            | 35/49 [01:26<00:10,  1.30it/s]
 73%|██████████████████████████████▊           | 36/49 [01:27<00:08,  1.58it/s]
 76%|███████████████████████████████▋          | 37/49 [01:36<00:40,  3.41s/it]
 78%|████████████████████████████████▌         | 38/49 [01:42<00:45,  4.13s/it]
 80%|█████████████████████████████████▍        | 39/49 [01:43<00:29,  2.99s/it]
 82%|██████████████████████████████████▎       | 40/49 [01:43<00:19,  2.19s/it]
 84%|███████████████████████████████████▏      | 41/49 [01:43<00:13,  1.63s/it]
 86%|████████████████████████████████████      | 42/49 [01:44<00:08,  1.24s/it]
 88%|████████████████████████████████████▊     | 43/49 [01:53<00:22,  3.83s/it]
 90%|█████████████████████████████████████▋    | 44/49 [01:59<00:22,  4.43s/it]
 92%|██████████████████████████████████████▌   | 45/49 [02:00<00:12,  3.20s/it]
 94%|███████████████████████████████████████▍  | 46/49 [02:00<00:07,  2.33s/it]
 96%|████████████████████████████████████████▎ | 47/49 [02:10<00:09,  4.60s/it]
 98%|█████████████████████████████████████████▏| 48/49 [02:16<00:04,  4.97s/it]
100%|██████████████████████████████████████████| 49/49 [02:25<00:00,  6.44s/it]
100%|██████████████████████████████████████████| 49/49 [02:25<00:00,  2.98s/it]
[run ] denoise:5 took 146.1s
[mem] ran denoise:5                host_used=   4.7 GiB  hbm=  63.1 GiB  hbm_peak=  69.5 GiB

  0%|                                                   | 0/49 [00:00<?, ?it/s]
  2%|▉                                          | 1/49 [00:15<12:18, 15.40s/it]
  4%|█▊                                         | 2/49 [00:15<05:06,  6.53s/it]
  6%|██▋                                        | 3/49 [00:16<02:49,  3.69s/it]
  8%|███▌                                       | 4/49 [00:25<04:36,  6.14s/it]
 10%|████▍                                      | 5/49 [00:31<04:25,  6.03s/it]
 12%|█████▎                                     | 6/49 [00:32<02:55,  4.09s/it]
 14%|██████▏                                    | 7/49 [00:32<02:00,  2.86s/it]
 16%|███████                                    | 8/49 [00:32<01:24,  2.05s/it]
 18%|███████▉                                   | 9/49 [00:42<03:00,  4.50s/it]
 20%|████████▌                                 | 10/49 [00:48<03:11,  4.91s/it]
 22%|█████████▍                                | 11/49 [00:48<02:13,  3.51s/it]
 24%|██████████▎                               | 12/49 [00:49<01:33,  2.54s/it]
 27%|███████████▏                              | 13/49 [00:49<01:07,  1.87s/it]
 29%|████████████                              | 14/49 [00:49<00:49,  1.40s/it]
 31%|████████████▊                             | 15/49 [00:50<00:36,  1.08s/it]
 33%|█████████████▋                            | 16/49 [00:50<00:28,  1.18it/s]
 35%|██████████████▌                           | 17/49 [01:00<01:54,  3.57s/it]
 37%|███████████████▍                          | 18/49 [01:06<02:11,  4.25s/it]
 39%|████████████████▎                         | 19/49 [01:06<01:32,  3.07s/it]
 41%|█████████████████▏                        | 20/49 [01:06<01:05,  2.24s/it]
 43%|██████████████████                        | 21/49 [01:07<00:46,  1.67s/it]
 45%|██████████████████▊                       | 22/49 [01:07<00:34,  1.26s/it]
 47%|███████████████████▋                      | 23/49 [01:07<00:25,  1.02it/s]
 49%|████████████████████▌                     | 24/49 [01:08<00:19,  1.27it/s]
 51%|█████████████████████▍                    | 25/49 [01:08<00:15,  1.55it/s]
 53%|██████████████████████▎                   | 26/49 [01:08<00:12,  1.82it/s]
 55%|███████████████████████▏                  | 27/49 [01:09<00:10,  2.08it/s]
 57%|████████████████████████                  | 28/49 [01:18<01:09,  3.30s/it]
 59%|████████████████████████▊                 | 29/49 [01:24<01:21,  4.06s/it]
 61%|█████████████████████████▋                | 30/49 [01:25<00:55,  2.94s/it]
 63%|██████████████████████████▌               | 31/49 [01:25<00:38,  2.15s/it]
 65%|███████████████████████████▍              | 32/49 [01:25<00:27,  1.60s/it]
 67%|████████████████████████████▎             | 33/49 [01:26<00:19,  1.22s/it]
 69%|█████████████████████████████▏            | 34/49 [01:26<00:14,  1.05it/s]
 71%|██████████████████████████████            | 35/49 [01:26<00:10,  1.31it/s]
 73%|██████████████████████████████▊           | 36/49 [01:26<00:08,  1.58it/s]
 76%|███████████████████████████████▋          | 37/49 [01:36<00:40,  3.41s/it]
 78%|████████████████████████████████▌         | 38/49 [01:42<00:45,  4.13s/it]
 80%|█████████████████████████████████▍        | 39/49 [01:43<00:29,  2.99s/it]
 82%|██████████████████████████████████▎       | 40/49 [01:43<00:19,  2.19s/it]
 84%|███████████████████████████████████▏      | 41/49 [01:43<00:13,  1.63s/it]
 86%|████████████████████████████████████      | 42/49 [01:43<00:08,  1.24s/it]
 88%|████████████████████████████████████▊     | 43/49 [01:53<00:22,  3.83s/it]
 90%|█████████████████████████████████████▋    | 44/49 [01:59<00:22,  4.43s/it]
 92%|██████████████████████████████████████▌   | 45/49 [02:00<00:12,  3.20s/it]
 94%|███████████████████████████████████████▍  | 46/49 [02:00<00:07,  2.33s/it]
 96%|████████████████████████████████████████▎ | 47/49 [02:10<00:09,  4.60s/it]
 98%|█████████████████████████████████████████▏| 48/49 [02:16<00:04,  4.97s/it]
100%|██████████████████████████████████████████| 49/49 [02:25<00:00,  6.44s/it]
100%|██████████████████████████████████████████| 49/49 [02:25<00:00,  2.98s/it]
[run ] denoise:6 took 146.0s
[mem] ran denoise:6                host_used=   4.7 GiB  hbm=  63.2 GiB  hbm_peak=  69.5 GiB

  0%|                                                   | 0/49 [00:00<?, ?it/s]
  2%|▉                                          | 1/49 [00:15<12:19, 15.40s/it]
  4%|█▊                                         | 2/49 [00:15<05:06,  6.53s/it]
  6%|██▋                                        | 3/49 [00:16<02:50,  3.70s/it]
  8%|███▌                                       | 4/49 [00:16<01:46,  2.36s/it]
 10%|████▍                                      | 5/49 [00:26<03:43,  5.08s/it]
 12%|█████▎                                     | 6/49 [00:32<03:49,  5.34s/it]
 14%|██████▏                                    | 7/49 [00:32<02:35,  3.70s/it]
 16%|███████                                    | 8/49 [00:32<01:47,  2.62s/it]
 18%|███████▉                                   | 9/49 [00:33<01:16,  1.91s/it]
 20%|████████▌                                 | 10/49 [00:33<00:55,  1.42s/it]
 22%|█████████▍                                | 11/49 [00:43<02:32,  4.01s/it]
 24%|██████████▎                               | 12/49 [00:49<02:48,  4.57s/it]
 27%|███████████▏                              | 13/49 [00:49<01:58,  3.28s/it]
 29%|████████████                              | 14/49 [00:49<01:23,  2.39s/it]
 31%|████████████▊                             | 15/49 [00:50<01:00,  1.77s/it]
 33%|█████████████▋                            | 16/49 [00:50<00:43,  1.33s/it]
 35%|██████████████▌                           | 17/49 [00:50<00:32,  1.03s/it]
 37%|███████████████▍                          | 18/49 [00:51<00:25,  1.22it/s]
 39%|████████████████▎                         | 19/49 [01:00<01:46,  3.54s/it]
 41%|█████████████████▏                        | 20/49 [01:06<02:02,  4.23s/it]
 43%|██████████████████                        | 21/49 [01:07<01:25,  3.06s/it]
 45%|██████████████████▊                       | 22/49 [01:07<01:00,  2.24s/it]
 47%|███████████████████▋                      | 23/49 [01:07<00:43,  1.66s/it]
 49%|████████████████████▌                     | 24/49 [01:08<00:31,  1.26s/it]
 51%|█████████████████████▍                    | 25/49 [01:08<00:23,  1.02it/s]
 53%|██████████████████████▎                   | 26/49 [01:08<00:18,  1.28it/s]
 55%|███████████████████████▏                  | 27/49 [01:09<00:14,  1.55it/s]
 57%|████████████████████████                  | 28/49 [01:09<00:11,  1.82it/s]
 59%|████████████████████████▊                 | 29/49 [01:09<00:09,  2.08it/s]
 61%|█████████████████████████▋                | 30/49 [01:19<01:02,  3.30s/it]
 63%|██████████████████████████▌               | 31/49 [01:25<01:13,  4.06s/it]
 65%|███████████████████████████▍              | 32/49 [01:25<00:49,  2.94s/it]
 67%|████████████████████████████▎             | 33/49 [01:26<00:34,  2.16s/it]
 69%|█████████████████████████████▏            | 34/49 [01:26<00:24,  1.61s/it]
 71%|██████████████████████████████            | 35/49 [01:26<00:17,  1.22s/it]
 73%|██████████████████████████████▊           | 36/49 [01:27<00:12,  1.05it/s]
 76%|███████████████████████████████▋          | 37/49 [01:27<00:09,  1.31it/s]
 78%|████████████████████████████████▌         | 38/49 [01:27<00:06,  1.58it/s]
 80%|█████████████████████████████████▍        | 39/49 [01:37<00:34,  3.41s/it]
 82%|██████████████████████████████████▎       | 40/49 [01:43<00:37,  4.13s/it]
 84%|███████████████████████████████████▏      | 41/49 [01:43<00:23,  2.99s/it]
 86%|████████████████████████████████████      | 42/49 [01:44<00:15,  2.19s/it]
 88%|████████████████████████████████████▊     | 43/49 [01:44<00:09,  1.63s/it]
 90%|█████████████████████████████████████▋    | 44/49 [01:54<00:20,  4.11s/it]
 92%|██████████████████████████████████████▌   | 45/49 [02:00<00:18,  4.62s/it]
 94%|███████████████████████████████████████▍  | 46/49 [02:00<00:10,  3.33s/it]
 96%|████████████████████████████████████████▎ | 47/49 [02:00<00:04,  2.43s/it]
 98%|█████████████████████████████████████████▏| 48/49 [02:10<00:04,  4.67s/it]
100%|██████████████████████████████████████████| 49/49 [02:16<00:00,  5.01s/it]
100%|██████████████████████████████████████████| 49/49 [02:16<00:00,  2.78s/it]
[run ] denoise:7 took 136.6s
[mem] ran denoise:7                host_used=   4.7 GiB  hbm=  63.2 GiB  hbm_peak=  69.5 GiB

  0%|                                                   | 0/49 [00:00<?, ?it/s]
  2%|▉                                          | 1/49 [00:15<12:18, 15.39s/it]
  4%|█▊                                         | 2/49 [00:15<05:06,  6.53s/it]
  6%|██▋                                        | 3/49 [00:16<02:49,  3.69s/it]
  8%|███▌                                       | 4/49 [00:16<01:46,  2.36s/it]
 10%|████▍                                      | 5/49 [00:26<03:43,  5.08s/it]
 12%|█████▎                                     | 6/49 [00:32<03:49,  5.33s/it]
 14%|██████▏                                    | 7/49 [00:32<02:35,  3.70s/it]
 16%|███████                                    | 8/49 [00:32<01:47,  2.62s/it]
 18%|███████▉                                   | 9/49 [00:33<01:16,  1.90s/it]
 20%|████████▌                                 | 10/49 [00:42<02:50,  4.37s/it]
 22%|█████████▍                                | 11/49 [00:48<03:03,  4.82s/it]
 24%|██████████▎                               | 12/49 [00:49<02:07,  3.45s/it]
 27%|███████████▏                              | 13/49 [00:49<01:30,  2.50s/it]
 29%|████████████                              | 14/49 [00:49<01:04,  1.85s/it]
 31%|████████████▊                             | 15/49 [00:50<00:47,  1.39s/it]
 33%|█████████████▋                            | 16/49 [00:50<00:35,  1.07s/it]
 35%|██████████████▌                           | 17/49 [00:50<00:26,  1.19it/s]
 37%|███████████████▍                          | 18/49 [01:00<01:50,  3.56s/it]
 39%|████████████████▎                         | 19/49 [01:06<02:07,  4.24s/it]
 41%|█████████████████▏                        | 20/49 [01:06<01:28,  3.07s/it]
 43%|██████████████████                        | 21/49 [01:07<01:02,  2.24s/it]
 45%|██████████████████▊                       | 22/49 [01:07<00:45,  1.67s/it]
 47%|███████████████████▋                      | 23/49 [01:07<00:32,  1.26s/it]
 49%|████████████████████▌                     | 24/49 [01:08<00:24,  1.02it/s]
 51%|█████████████████████▍                    | 25/49 [01:08<00:18,  1.28it/s]
 53%|██████████████████████▎                   | 26/49 [01:08<00:14,  1.55it/s]
 55%|███████████████████████▏                  | 27/49 [01:09<00:12,  1.82it/s]
 57%|████████████████████████                  | 28/49 [01:18<01:10,  3.35s/it]
 59%|████████████████████████▊                 | 29/49 [01:24<01:21,  4.09s/it]
 61%|█████████████████████████▋                | 30/49 [01:25<00:56,  2.96s/it]
 63%|██████████████████████████▌               | 31/49 [01:25<00:39,  2.17s/it]
 65%|███████████████████████████▍              | 32/49 [01:25<00:27,  1.62s/it]
 67%|████████████████████████████▎             | 33/49 [01:26<00:19,  1.23s/it]
 69%|█████████████████████████████▏            | 34/49 [01:26<00:14,  1.04it/s]
 71%|██████████████████████████████            | 35/49 [01:26<00:10,  1.30it/s]
 73%|██████████████████████████████▊           | 36/49 [01:27<00:08,  1.58it/s]
 76%|███████████████████████████████▋          | 37/49 [01:36<00:40,  3.41s/it]
 78%|████████████████████████████████▌         | 38/49 [01:42<00:45,  4.14s/it]
 80%|█████████████████████████████████▍        | 39/49 [01:43<00:29,  2.99s/it]
 82%|██████████████████████████████████▎       | 40/49 [01:43<00:19,  2.19s/it]
 84%|███████████████████████████████████▏      | 41/49 [01:43<00:13,  1.63s/it]
 86%|████████████████████████████████████      | 42/49 [01:44<00:08,  1.24s/it]
 88%|████████████████████████████████████▊     | 43/49 [01:53<00:23,  3.83s/it]
 90%|█████████████████████████████████████▋    | 44/49 [01:59<00:22,  4.43s/it]
 92%|██████████████████████████████████████▌   | 45/49 [02:00<00:12,  3.20s/it]
 94%|███████████████████████████████████████▍  | 46/49 [02:00<00:07,  2.34s/it]
 96%|████████████████████████████████████████▎ | 47/49 [02:10<00:09,  4.60s/it]
 98%|█████████████████████████████████████████▏| 48/49 [02:16<00:04,  4.97s/it]
100%|██████████████████████████████████████████| 49/49 [02:25<00:00,  6.44s/it]
100%|██████████████████████████████████████████| 49/49 [02:25<00:00,  2.98s/it]
[run ] denoise:8 took 146.1s
[mem] ran denoise:8                host_used=   4.7 GiB  hbm=  63.2 GiB  hbm_peak=  69.5 GiB

  0%|                                                   | 0/49 [00:00<?, ?it/s]
  2%|▉                                          | 1/49 [00:15<12:19, 15.40s/it]
  4%|█▊                                         | 2/49 [00:15<05:06,  6.53s/it]
  6%|██▋                                        | 3/49 [00:16<02:49,  3.70s/it]
  8%|███▌                                       | 4/49 [00:25<04:36,  6.14s/it]
 10%|████▍                                      | 5/49 [00:31<04:25,  6.03s/it]
 12%|█████▎                                     | 6/49 [00:32<02:55,  4.09s/it]
 14%|██████▏                                    | 7/49 [00:32<02:00,  2.86s/it]
 16%|███████                                    | 8/49 [00:32<01:24,  2.05s/it]
 18%|███████▉                                   | 9/49 [00:42<03:00,  4.50s/it]
 20%|████████▌                                 | 10/49 [00:48<03:11,  4.91s/it]
 22%|█████████▍                                | 11/49 [00:48<02:13,  3.51s/it]
 24%|██████████▎                               | 12/49 [00:49<01:33,  2.54s/it]
 27%|███████████▏                              | 13/49 [00:49<01:07,  1.87s/it]
 29%|████████████                              | 14/49 [00:49<00:49,  1.40s/it]
 31%|████████████▊                             | 15/49 [00:50<00:36,  1.08s/it]
 33%|█████████████▋                            | 16/49 [00:59<02:03,  3.73s/it]
 35%|██████████████▌                           | 17/49 [01:05<02:19,  4.36s/it]
 37%|███████████████▍                          | 18/49 [01:06<01:37,  3.15s/it]
 39%|████████████████▎                         | 19/49 [01:06<01:08,  2.30s/it]
 41%|█████████████████▏                        | 20/49 [01:06<00:49,  1.71s/it]
 43%|██████████████████                        | 21/49 [01:07<00:36,  1.29s/it]
 45%|██████████████████▊                       | 22/49 [01:07<00:27,  1.00s/it]
 47%|███████████████████▋                      | 23/49 [01:07<00:20,  1.25it/s]
 49%|████████████████████▌                     | 24/49 [01:08<00:16,  1.53it/s]
 51%|█████████████████████▍                    | 25/49 [01:08<00:13,  1.80it/s]
 53%|██████████████████████▎                   | 26/49 [01:18<01:17,  3.36s/it]
 55%|███████████████████████▏                  | 27/49 [01:24<01:30,  4.10s/it]
 57%|████████████████████████                  | 28/49 [01:24<01:02,  2.96s/it]
 59%|████████████████████████▊                 | 29/49 [01:24<00:43,  2.17s/it]
 61%|█████████████████████████▋                | 30/49 [01:25<00:30,  1.62s/it]
 63%|██████████████████████████▌               | 31/49 [01:25<00:22,  1.23s/it]
 65%|███████████████████████████▍              | 32/49 [01:25<00:16,  1.04it/s]
 67%|████████████████████████████▎             | 33/49 [01:26<00:12,  1.30it/s]
 69%|█████████████████████████████▏            | 34/49 [01:26<00:09,  1.58it/s]
 71%|██████████████████████████████            | 35/49 [01:26<00:07,  1.85it/s]
 73%|██████████████████████████████▊           | 36/49 [01:36<00:43,  3.34s/it]
 76%|███████████████████████████████▋          | 37/49 [01:42<00:49,  4.09s/it]
 78%|████████████████████████████████▌         | 38/49 [01:42<00:32,  2.96s/it]
 80%|█████████████████████████████████▍        | 39/49 [01:43<00:21,  2.17s/it]
 82%|██████████████████████████████████▎       | 40/49 [01:43<00:14,  1.61s/it]
 84%|███████████████████████████████████▏      | 41/49 [01:43<00:09,  1.23s/it]
 86%|████████████████████████████████████      | 42/49 [01:53<00:26,  3.82s/it]
 88%|████████████████████████████████████▊     | 43/49 [01:59<00:26,  4.42s/it]
 90%|█████████████████████████████████████▋    | 44/49 [01:59<00:15,  3.19s/it]
 92%|██████████████████████████████████████▌   | 45/49 [02:00<00:09,  2.33s/it]
 94%|███████████████████████████████████████▍  | 46/49 [02:09<00:13,  4.60s/it]
 96%|████████████████████████████████████████▎ | 47/49 [02:15<00:09,  4.96s/it]
 98%|█████████████████████████████████████████▏| 48/49 [02:16<00:03,  3.57s/it]
100%|██████████████████████████████████████████| 49/49 [02:25<00:00,  5.46s/it]
100%|██████████████████████████████████████████| 49/49 [02:25<00:00,  2.98s/it]
[run ] denoise:9 took 146.0s
[mem] ran denoise:9                host_used=   4.8 GiB  hbm=  63.2 GiB  hbm_peak=  69.6 GiB
[free] ['transformer', 'scheduler', 'audio_scheduler']

Loading checkpoint shards:   0%|                         | 0/3 [00:00<?, ?it/s]
Loading checkpoint shards:  33%|█████▋           | 1/3 [00:01<00:03,  1.53s/it]
Loading checkpoint shards:  67%|███████████▎     | 2/3 [00:02<00:01,  1.21s/it]
Loading checkpoint shards: 100%|█████████████████| 3/3 [00:02<00:00,  1.16it/s]
[load] vae: 2.60B params -> float32 2.60B/9.7GiB
[load] audio_vae: 0.15B params -> float32 0.15B/0.6GiB
[load] ['vae', 'audio_vae'] in 3.2s
[mem] loaded for decode            host_used=   4.8 GiB  hbm=  10.6 GiB  hbm_peak=  69.6 GiB
[run ] decode:0 took 19.4s
[mem] ran decode:0                 host_used=   5.5 GiB  hbm=  10.8 GiB  hbm_peak=  69.6 GiB
[out ] /mnt/workspace/outputs/batch10_sage_fbcache025-20260928-111414/video-0.mp4 frames=124 audio=(165600, 2) sr=32000
[run ] decode:1 took 17.8s
[mem] ran decode:1                 host_used=   5.9 GiB  hbm=  10.8 GiB  hbm_peak=  69.6 GiB
[out ] /mnt/workspace/outputs/batch10_sage_fbcache025-20260928-111414/video-1.mp4 frames=124 audio=(165600, 2) sr=32000
[run ] decode:2 took 17.6s
[mem] ran decode:2                 host_used=   5.8 GiB  hbm=  10.8 GiB  hbm_peak=  69.6 GiB
[out ] /mnt/workspace/outputs/batch10_sage_fbcache025-20260928-111414/video-2.mp4 frames=124 audio=(165600, 2) sr=32000
[run ] decode:3 took 17.6s
[mem] ran decode:3                 host_used=   5.8 GiB  hbm=  10.7 GiB  hbm_peak=  69.6 GiB
[out ] /mnt/workspace/outputs/batch10_sage_fbcache025-20260928-111414/video-3.mp4 frames=124 audio=(165600, 2) sr=32000
[run ] decode:4 took 17.6s
[mem] ran decode:4                 host_used=   5.8 GiB  hbm=  10.7 GiB  hbm_peak=  69.6 GiB
[out ] /mnt/workspace/outputs/batch10_sage_fbcache025-20260928-111414/video-4.mp4 frames=124 audio=(165600, 2) sr=32000
[run ] decode:5 took 17.7s
[mem] ran decode:5                 host_used=   5.8 GiB  hbm=  10.7 GiB  hbm_peak=  69.6 GiB
[out ] /mnt/workspace/outputs/batch10_sage_fbcache025-20260928-111414/video-5.mp4 frames=124 audio=(165600, 2) sr=32000
[run ] decode:6 took 17.6s
[mem] ran decode:6                 host_used=   5.8 GiB  hbm=  10.6 GiB  hbm_peak=  69.6 GiB
[out ] /mnt/workspace/outputs/batch10_sage_fbcache025-20260928-111414/video-6.mp4 frames=124 audio=(165600, 2) sr=32000
[run ] decode:7 took 17.6s
[mem] ran decode:7                 host_used=   5.8 GiB  hbm=  10.6 GiB  hbm_peak=  69.6 GiB
[out ] /mnt/workspace/outputs/batch10_sage_fbcache025-20260928-111414/video-7.mp4 frames=124 audio=(165600, 2) sr=32000
[run ] decode:8 took 17.7s
[mem] ran decode:8                 host_used=   5.8 GiB  hbm=  10.6 GiB  hbm_peak=  69.6 GiB
[out ] /mnt/workspace/outputs/batch10_sage_fbcache025-20260928-111414/video-8.mp4 frames=124 audio=(165600, 2) sr=32000
[run ] decode:9 took 17.6s
[mem] ran decode:9                 host_used=   5.8 GiB  hbm=  10.6 GiB  hbm_peak=  69.6 GiB
[out ] /mnt/workspace/outputs/batch10_sage_fbcache025-20260928-111414/video-9.mp4 frames=124 audio=(165600, 2) sr=32000
[free] ['vae', 'audio_vae']
[done] batch of 10 videos, wall time 1965.2s
