[cache] evicted 102 model files: page cache 113.1 -> 2.7 GiB in 7.1s
[mon ] telemetry -> /mnt/workspace/runs/sage-20260928-165335
[init] loading pipeline config from /mnt/workspace/MiniMax-H3
[mem] after config load            host_used=   3.7 GiB  hbm=   0.0 GiB  hbm_peak=   0.0 GiB
[mem] loaded for before_encode     host_used=   3.7 GiB  hbm=   0.0 GiB  hbm_peak=   0.0 GiB
[run ] before_encode took 0.0s
[mem] ran before_encode            host_used=   3.7 GiB  hbm=   0.0 GiB  hbm_peak=   0.0 GiB

Loading weights:   0%|          | 0/1058 [00:00<?, ?it/s]
Loading weights:   0%|          | 1/1058 [00:03<57:42,  3.28s/it]
Loading weights:   0%|          | 2/1058 [00:07<1:05:56,  3.75s/it]
Loading weights:   0%|          | 3/1058 [00:08<41:32,  2.36s/it]  
Loading weights:   0%|          | 5/1058 [00:08<21:31,  1.23s/it]
Loading weights:   1%|          | 6/1058 [00:09<18:56,  1.08s/it]
Loading weights:   1%|          | 10/1058 [00:09<07:49,  2.23it/s]
Loading weights:   1%|          | 12/1058 [00:09<06:01,  2.90it/s]
Loading weights:   1%|▏         | 15/1058 [00:10<05:19,  3.27it/s]
Loading weights:   2%|▏         | 16/1058 [00:11<06:26,  2.69it/s]
Loading weights:   2%|▏         | 17/1058 [00:12<07:32,  2.30it/s]
Loading weights:   2%|▏         | 21/1058 [00:12<04:13,  4.09it/s]
Loading weights:   2%|▏         | 23/1058 [00:12<03:36,  4.77it/s]
Loading weights:   2%|▏         | 26/1058 [00:13<03:50,  4.48it/s]
Loading weights:   3%|▎         | 27/1058 [00:14<05:05,  3.38it/s]
Loading weights:   3%|▎         | 28/1058 [00:14<06:20,  2.71it/s]
Loading weights:   3%|▎         | 32/1058 [00:15<03:42,  4.61it/s]
Loading weights:   3%|▎         | 34/1058 [00:15<03:13,  5.28it/s]
Loading weights:   3%|▎         | 37/1058 [00:16<03:35,  4.74it/s]
Loading weights:   4%|▎         | 38/1058 [00:16<04:50,  3.52it/s]
Loading weights:   4%|▎         | 39/1058 [00:17<06:06,  2.78it/s]
Loading weights:   4%|▍         | 43/1058 [00:17<03:35,  4.71it/s]
Loading weights:   4%|▍         | 44/1058 [00:17<03:38,  4.65it/s]
Loading weights:   5%|▍         | 48/1058 [00:18<03:22,  4.98it/s]
Loading weights:   5%|▍         | 49/1058 [00:19<04:36,  3.64it/s]
Loading weights:   5%|▍         | 50/1058 [00:20<05:50,  2.88it/s]
Loading weights:   5%|▌         | 54/1058 [00:20<03:29,  4.79it/s]
Loading weights:   5%|▌         | 55/1058 [00:20<03:32,  4.71it/s]
Loading weights:   6%|▌         | 59/1058 [00:21<03:19,  5.00it/s]
Loading weights:   6%|▌         | 60/1058 [00:22<04:31,  3.68it/s]
Loading weights:   6%|▌         | 61/1058 [00:22<05:46,  2.88it/s]
Loading weights:   6%|▌         | 65/1058 [00:23<03:27,  4.80it/s]
Loading weights:   6%|▌         | 66/1058 [00:23<03:29,  4.74it/s]
Loading weights:   7%|▋         | 70/1058 [00:24<04:38,  3.55it/s]
Loading weights:   7%|▋         | 72/1058 [00:25<04:56,  3.32it/s]
Loading weights:   7%|▋         | 76/1058 [00:25<03:18,  4.94it/s]
Loading weights:   7%|▋         | 77/1058 [00:25<03:21,  4.86it/s]
Loading weights:   8%|▊         | 81/1058 [00:26<03:12,  5.07it/s]
Loading weights:   8%|▊         | 82/1058 [00:27<04:19,  3.76it/s]
Loading weights:   8%|▊         | 83/1058 [00:28<05:27,  2.97it/s]
Loading weights:   8%|▊         | 87/1058 [00:28<03:21,  4.82it/s]
Loading weights:   8%|▊         | 88/1058 [00:28<03:23,  4.76it/s]
Loading weights:   9%|▊         | 92/1058 [00:30<04:30,  3.57it/s]
Loading weights:   9%|▉         | 94/1058 [00:30<04:48,  3.34it/s]
Loading weights:   9%|▉         | 97/1058 [00:31<03:36,  4.43it/s]
Loading weights:   9%|▉         | 100/1058 [00:31<02:49,  5.66it/s]
Loading weights:  10%|▉         | 103/1058 [00:31<03:10,  5.02it/s]
Loading weights:  10%|▉         | 104/1058 [00:32<04:14,  3.75it/s]
Loading weights:  10%|▉         | 105/1058 [00:33<05:22,  2.95it/s]
Loading weights:  10%|█         | 109/1058 [00:33<03:16,  4.82it/s]
Loading weights:  10%|█         | 111/1058 [00:33<02:54,  5.43it/s]
Loading weights:  11%|█         | 114/1058 [00:34<03:15,  4.84it/s]
Loading weights:  11%|█         | 115/1058 [00:35<04:23,  3.58it/s]
Loading weights:  11%|█         | 116/1058 [00:36<05:33,  2.83it/s]
Loading weights:  11%|█▏        | 120/1058 [00:36<03:44,  4.18it/s]
Loading weights:  12%|█▏        | 125/1058 [00:37<03:03,  5.09it/s]
Loading weights:  12%|█▏        | 126/1058 [00:38<04:00,  3.88it/s]
Loading weights:  12%|█▏        | 127/1058 [00:38<05:01,  3.09it/s]
Loading weights:  12%|█▏        | 131/1058 [00:38<03:11,  4.84it/s]
Loading weights:  13%|█▎        | 133/1058 [00:39<02:50,  5.43it/s]
Loading weights:  13%|█▎        | 135/1058 [00:39<03:34,  4.30it/s]
Loading weights:  13%|█▎        | 137/1058 [00:40<04:04,  3.77it/s]
Loading weights:  13%|█▎        | 138/1058 [00:41<05:11,  2.96it/s]
Loading weights:  13%|█▎        | 142/1058 [00:41<03:09,  4.83it/s]
Loading weights:  14%|█▎        | 144/1058 [00:41<02:47,  5.46it/s]
Loading weights:  14%|█▍        | 147/1058 [00:42<03:07,  4.86it/s]
Loading weights:  14%|█▍        | 148/1058 [00:43<04:14,  3.58it/s]
Loading weights:  14%|█▍        | 149/1058 [00:44<05:21,  2.83it/s]
Loading weights:  14%|█▍        | 153/1058 [00:44<03:36,  4.18it/s]
Loading weights:  15%|█▍        | 158/1058 [00:45<02:56,  5.09it/s]
Loading weights:  15%|█▌        | 159/1058 [00:45<03:51,  3.88it/s]
Loading weights:  15%|█▌        | 160/1058 [00:46<04:51,  3.08it/s]
Loading weights:  15%|█▌        | 163/1058 [00:46<03:27,  4.30it/s]
Loading weights:  16%|█▌        | 165/1058 [00:47<02:59,  4.98it/s]
Loading weights:  16%|█▌        | 169/1058 [00:47<02:52,  5.15it/s]
Loading weights:  16%|█▌        | 170/1058 [00:48<03:54,  3.78it/s]
Loading weights:  16%|█▌        | 171/1058 [00:49<04:58,  2.98it/s]
Loading weights:  17%|█▋        | 175/1058 [00:49<03:02,  4.85it/s]
Loading weights:  17%|█▋        | 177/1058 [00:49<02:41,  5.47it/s]
Loading weights:  17%|█▋        | 180/1058 [00:50<03:00,  4.86it/s]
Loading weights:  17%|█▋        | 181/1058 [00:51<04:04,  3.59it/s]
Loading weights:  17%|█▋        | 182/1058 [00:52<05:09,  2.83it/s]
Loading weights:  18%|█▊        | 186/1058 [00:52<03:03,  4.75it/s]
Loading weights:  18%|█▊        | 187/1058 [00:52<03:05,  4.69it/s]
Loading weights:  18%|█▊        | 191/1058 [00:53<02:53,  4.99it/s]
Loading weights:  18%|█▊        | 192/1058 [00:53<03:56,  3.66it/s]
Loading weights:  18%|█▊        | 193/1058 [00:54<05:00,  2.88it/s]
Loading weights:  19%|█▊        | 197/1058 [00:54<02:59,  4.79it/s]
Loading weights:  19%|█▉        | 199/1058 [00:55<02:38,  5.43it/s]
Loading weights:  19%|█▉        | 202/1058 [00:55<02:57,  4.82it/s]
Loading weights:  19%|█▉        | 203/1058 [00:56<03:59,  3.57it/s]
Loading weights:  19%|█▉        | 204/1058 [00:57<05:03,  2.81it/s]
Loading weights:  20%|█▉        | 208/1058 [00:57<03:02,  4.65it/s]
Loading weights:  20%|█▉        | 210/1058 [00:57<02:36,  5.43it/s]
Loading weights:  20%|██        | 213/1058 [00:58<02:55,  4.82it/s]
Loading weights:  20%|██        | 214/1058 [00:59<03:56,  3.57it/s]
Loading weights:  20%|██        | 215/1058 [00:59<05:00,  2.81it/s]
Loading weights:  21%|██        | 219/1058 [01:00<02:57,  4.73it/s]
Loading weights:  21%|██        | 221/1058 [01:00<02:35,  5.40it/s]
Loading weights:  21%|██        | 223/1058 [01:01<03:17,  4.23it/s]
Loading weights:  21%|██▏       | 225/1058 [01:01<03:45,  3.70it/s]
Loading weights:  21%|██▏       | 226/1058 [01:02<04:46,  2.90it/s]
Loading weights:  22%|██▏       | 230/1058 [01:02<02:52,  4.81it/s]
Loading weights:  22%|██▏       | 232/1058 [01:03<02:31,  5.45it/s]
Loading weights:  22%|██▏       | 235/1058 [01:03<02:49,  4.84it/s]
Loading weights:  22%|██▏       | 236/1058 [01:04<03:50,  3.57it/s]
Loading weights:  22%|██▏       | 237/1058 [01:05<04:51,  2.82it/s]
Loading weights:  23%|██▎       | 241/1058 [01:05<02:52,  4.74it/s]
Loading weights:  23%|██▎       | 243/1058 [01:05<02:31,  5.39it/s]
Loading weights:  23%|██▎       | 245/1058 [01:06<03:11,  4.24it/s]
Loading weights:  23%|██▎       | 247/1058 [01:07<03:38,  3.71it/s]
Loading weights:  23%|██▎       | 248/1058 [01:07<04:39,  2.90it/s]
Loading weights:  24%|██▍       | 252/1058 [01:08<02:47,  4.81it/s]
Loading weights:  24%|██▍       | 254/1058 [01:08<02:27,  5.46it/s]
Loading weights:  24%|██▍       | 257/1058 [01:09<02:45,  4.85it/s]
Loading weights:  24%|██▍       | 258/1058 [01:09<03:43,  3.58it/s]
Loading weights:  24%|██▍       | 259/1058 [01:10<04:43,  2.82it/s]
Loading weights:  25%|██▍       | 263/1058 [01:10<02:47,  4.75it/s]
Loading weights:  25%|██▌       | 265/1058 [01:11<02:27,  5.39it/s]
Loading weights:  25%|██▌       | 268/1058 [01:11<02:44,  4.82it/s]
Loading weights:  25%|██▌       | 269/1058 [01:13<05:04,  2.59it/s]
Loading weights:  26%|██▌       | 274/1058 [01:13<03:07,  4.19it/s]
Loading weights:  26%|██▋       | 279/1058 [01:14<02:36,  4.99it/s]
Loading weights:  26%|██▋       | 280/1058 [01:15<03:19,  3.91it/s]
Loading weights:  27%|██▋       | 281/1058 [01:15<04:06,  3.15it/s]
Loading weights:  27%|██▋       | 285/1058 [01:16<02:40,  4.81it/s]
Loading weights:  27%|██▋       | 286/1058 [01:16<02:42,  4.75it/s]
Loading weights:  27%|██▋       | 290/1058 [01:17<02:34,  4.96it/s]
Loading weights:  28%|██▊       | 291/1058 [01:17<03:26,  3.72it/s]
Loading weights:  28%|██▊       | 292/1058 [01:18<04:20,  2.94it/s]
Loading weights:  28%|██▊       | 296/1058 [01:18<02:38,  4.82it/s]
Loading weights:  28%|██▊       | 297/1058 [01:19<02:40,  4.75it/s]
Loading weights:  28%|██▊       | 301/1058 [01:19<02:30,  5.02it/s]
Loading weights:  29%|██▊       | 302/1058 [01:20<03:24,  3.69it/s]
Loading weights:  29%|██▊       | 303/1058 [01:21<04:20,  2.89it/s]
Loading weights:  29%|██▉       | 307/1058 [01:21<02:36,  4.81it/s]
Loading weights:  29%|██▉       | 309/1058 [01:21<02:17,  5.44it/s]
Loading weights:  29%|██▉       | 312/1058 [01:22<02:34,  4.84it/s]
Loading weights:  30%|██▉       | 313/1058 [01:23<03:29,  3.56it/s]
Loading weights:  30%|██▉       | 314/1058 [01:23<04:23,  2.82it/s]
Loading weights:  30%|███       | 318/1058 [01:24<02:36,  4.74it/s]
Loading weights:  30%|███       | 320/1058 [01:24<02:17,  5.37it/s]
Loading weights:  31%|███       | 323/1058 [01:25<02:32,  4.81it/s]
Loading weights:  31%|███       | 324/1058 [01:25<03:26,  3.55it/s]
Loading weights:  31%|███       | 325/1058 [01:26<04:21,  2.81it/s]
Loading weights:  31%|███       | 329/1058 [01:26<02:34,  4.73it/s]
Loading weights:  31%|███       | 330/1058 [01:27<02:35,  4.68it/s]
Loading weights:  32%|███▏      | 334/1058 [01:27<02:25,  4.98it/s]
Loading weights:  32%|███▏      | 335/1058 [01:28<03:18,  3.65it/s]
Loading weights:  32%|███▏      | 336/1058 [01:29<04:11,  2.87it/s]
Loading weights:  32%|███▏      | 340/1058 [01:29<02:30,  4.78it/s]
Loading weights:  32%|███▏      | 341/1058 [01:29<02:31,  4.73it/s]
Loading weights:  33%|███▎      | 345/1058 [01:31<03:20,  3.55it/s]
Loading weights:  33%|███▎      | 347/1058 [01:31<03:33,  3.33it/s]
Loading weights:  33%|███▎      | 350/1058 [01:32<02:40,  4.42it/s]
Loading weights:  33%|███▎      | 353/1058 [01:32<02:04,  5.66it/s]
Loading weights:  34%|███▎      | 355/1058 [01:33<02:36,  4.48it/s]
Loading weights:  34%|███▎      | 357/1058 [01:33<03:00,  3.89it/s]
Loading weights:  34%|███▍      | 358/1058 [01:34<03:49,  3.05it/s]
Loading weights:  34%|███▍      | 362/1058 [01:34<02:22,  4.89it/s]
Loading weights:  34%|███▍      | 364/1058 [01:35<02:06,  5.50it/s]
Loading weights:  35%|███▍      | 367/1058 [01:35<02:21,  4.88it/s]
Loading weights:  35%|███▍      | 368/1058 [01:36<03:11,  3.61it/s]
Loading weights:  35%|███▍      | 369/1058 [01:37<04:02,  2.84it/s]
Loading weights:  35%|███▌      | 373/1058 [01:37<02:23,  4.76it/s]
Loading weights:  35%|███▌      | 375/1058 [01:37<02:06,  5.40it/s]
Loading weights:  36%|███▌      | 378/1058 [01:38<02:21,  4.82it/s]
Loading weights:  36%|███▌      | 379/1058 [01:39<03:11,  3.55it/s]
Loading weights:  36%|███▌      | 380/1058 [01:39<04:01,  2.81it/s]
Loading weights:  36%|███▋      | 384/1058 [01:40<02:22,  4.73it/s]
Loading weights:  36%|███▋      | 386/1058 [01:40<02:04,  5.38it/s]
Loading weights:  37%|███▋      | 388/1058 [01:41<02:38,  4.23it/s]
Loading weights:  37%|███▋      | 390/1058 [01:41<03:00,  3.70it/s]
Loading weights:  37%|███▋      | 391/1058 [01:42<03:50,  2.89it/s]
Loading weights:  37%|███▋      | 395/1058 [01:42<02:17,  4.82it/s]
Loading weights:  38%|███▊      | 397/1058 [01:42<02:01,  5.45it/s]
Loading weights:  38%|███▊      | 400/1058 [01:43<02:15,  4.85it/s]
Loading weights:  38%|███▊      | 401/1058 [01:44<03:04,  3.57it/s]
Loading weights:  38%|███▊      | 402/1058 [01:45<03:52,  2.82it/s]
Loading weights:  38%|███▊      | 406/1058 [01:45<02:17,  4.75it/s]
Loading weights:  38%|███▊      | 407/1058 [01:45<02:18,  4.69it/s]
Loading weights:  39%|███▉      | 411/1058 [01:47<03:03,  3.53it/s]
Loading weights:  39%|███▉      | 413/1058 [01:47<03:14,  3.32it/s]
Loading weights:  39%|███▉      | 417/1058 [01:48<02:10,  4.92it/s]
Loading weights:  40%|███▉      | 419/1058 [01:48<01:56,  5.48it/s]
Loading weights:  40%|███▉      | 422/1058 [01:49<02:09,  4.90it/s]
Loading weights:  40%|███▉      | 423/1058 [01:49<02:53,  3.66it/s]
Loading weights:  40%|████      | 424/1058 [01:50<03:38,  2.90it/s]
Loading weights:  40%|████      | 427/1058 [01:50<02:30,  4.19it/s]
Loading weights:  41%|████      | 430/1058 [01:50<01:51,  5.61it/s]
Loading weights:  41%|████      | 433/1058 [01:51<02:06,  4.94it/s]
Loading weights:  41%|████      | 434/1058 [01:52<02:51,  3.64it/s]
Loading weights:  41%|████      | 435/1058 [01:53<03:37,  2.87it/s]
Loading weights:  41%|████▏     | 438/1058 [01:53<02:27,  4.20it/s]
Loading weights:  42%|████▏     | 441/1058 [01:53<01:49,  5.63it/s]
Loading weights:  42%|████▏     | 443/1058 [01:54<02:20,  4.36it/s]
Loading weights:  42%|████▏     | 445/1058 [01:55<02:41,  3.79it/s]
Loading weights:  42%|████▏     | 446/1058 [01:55<03:26,  2.96it/s]
Loading weights:  43%|████▎     | 450/1058 [01:56<02:05,  4.86it/s]
Loading weights:  43%|████▎     | 452/1058 [01:56<01:50,  5.49it/s]
Loading weights:  43%|████▎     | 455/1058 [01:57<02:03,  4.88it/s]
Loading weights:  43%|████▎     | 456/1058 [01:57<02:47,  3.58it/s]
Loading weights:  43%|████▎     | 457/1058 [01:58<03:32,  2.83it/s]
Loading weights:  44%|████▎     | 461/1058 [01:58<02:05,  4.75it/s]
Loading weights:  44%|████▎     | 462/1058 [01:58<02:06,  4.69it/s]
Loading weights:  44%|████▍     | 466/1058 [01:59<01:58,  4.99it/s]
Loading weights:  44%|████▍     | 467/1058 [02:00<02:41,  3.66it/s]
Loading weights:  44%|████▍     | 468/1058 [02:01<03:25,  2.88it/s]
Loading weights:  45%|████▍     | 472/1058 [02:01<02:02,  4.79it/s]
Loading weights:  45%|████▍     | 473/1058 [02:01<02:03,  4.73it/s]
Loading weights:  45%|████▌     | 477/1058 [02:03<02:43,  3.55it/s]
Loading weights:  45%|████▌     | 479/1058 [02:03<02:54,  3.32it/s]
Loading weights:  46%|████▌     | 483/1058 [02:04<02:10,  4.41it/s]
Loading weights:  46%|████▌     | 488/1058 [02:04<01:50,  5.18it/s]
Loading weights:  46%|████▌     | 489/1058 [02:05<02:22,  4.00it/s]
Loading weights:  46%|████▋     | 490/1058 [02:06<02:57,  3.20it/s]
Loading weights:  47%|████▋     | 494/1058 [02:06<01:55,  4.89it/s]
Loading weights:  47%|████▋     | 496/1058 [02:06<01:42,  5.46it/s]
Loading weights:  47%|████▋     | 499/1058 [02:07<01:54,  4.89it/s]
Loading weights:  47%|████▋     | 500/1058 [02:08<02:33,  3.63it/s]
Loading weights:  47%|████▋     | 501/1058 [02:09<03:13,  2.88it/s]
Loading weights:  48%|████▊     | 505/1058 [02:09<01:56,  4.76it/s]
Loading weights:  48%|████▊     | 506/1058 [02:09<01:57,  4.70it/s]
Loading weights:  48%|████▊     | 510/1058 [02:11<02:34,  3.55it/s]
Loading weights:  48%|████▊     | 512/1058 [02:11<02:44,  3.32it/s]
Loading weights:  49%|████▉     | 516/1058 [02:11<01:49,  4.93it/s]
Loading weights:  49%|████▉     | 517/1058 [02:12<01:51,  4.84it/s]
Loading weights:  49%|████▉     | 521/1058 [02:13<02:26,  3.67it/s]
Loading weights:  49%|████▉     | 523/1058 [02:14<02:36,  3.42it/s]
Loading weights:  50%|████▉     | 527/1058 [02:14<01:47,  4.96it/s]
Loading weights:  50%|█████     | 529/1058 [02:14<01:36,  5.49it/s]
Loading weights:  50%|█████     | 532/1058 [02:15<01:46,  4.92it/s]
Loading weights:  50%|█████     | 533/1058 [02:16<02:22,  3.68it/s]
Loading weights:  50%|█████     | 534/1058 [02:17<02:59,  2.92it/s]
Loading weights:  51%|█████     | 538/1058 [02:17<01:49,  4.77it/s]
Loading weights:  51%|█████     | 539/1058 [02:17<01:49,  4.72it/s]
Loading weights:  51%|█████▏    | 543/1058 [02:18<01:42,  5.00it/s]
Loading weights:  51%|█████▏    | 544/1058 [02:18<02:19,  3.68it/s]
Loading weights:  52%|█████▏    | 545/1058 [02:19<02:57,  2.89it/s]
Loading weights:  52%|█████▏    | 549/1058 [02:19<01:46,  4.80it/s]
Loading weights:  52%|█████▏    | 551/1058 [02:20<01:33,  5.41it/s]
Loading weights:  52%|█████▏    | 554/1058 [02:20<01:44,  4.83it/s]
Loading weights:  52%|█████▏    | 555/1058 [02:21<02:20,  3.57it/s]
Loading weights:  53%|█████▎    | 556/1058 [02:22<02:58,  2.82it/s]
Loading weights:  53%|█████▎    | 559/1058 [02:22<02:00,  4.16it/s]
Loading weights:  53%|█████▎    | 561/1058 [02:22<01:41,  4.90it/s]
Loading weights:  53%|█████▎    | 565/1058 [02:23<01:36,  5.11it/s]
Loading weights:  53%|█████▎    | 566/1058 [02:24<02:11,  3.73it/s]
Loading weights:  54%|█████▎    | 567/1058 [02:25<02:47,  2.93it/s]
Loading weights:  54%|█████▍    | 570/1058 [02:25<01:54,  4.25it/s]
Loading weights:  54%|█████▍    | 573/1058 [02:25<01:25,  5.66it/s]
Loading weights:  54%|█████▍    | 576/1058 [02:26<01:36,  4.97it/s]
Loading weights:  55%|█████▍    | 577/1058 [02:26<02:11,  3.66it/s]
Loading weights:  55%|█████▍    | 578/1058 [02:27<02:47,  2.87it/s]
Loading weights:  55%|█████▍    | 581/1058 [02:27<01:53,  4.20it/s]
Loading weights:  55%|█████▌    | 583/1058 [02:28<01:36,  4.93it/s]
Loading weights:  55%|█████▌    | 587/1058 [02:28<01:31,  5.13it/s]
Loading weights:  56%|█████▌    | 588/1058 [02:29<02:05,  3.75it/s]
Loading weights:  56%|█████▌    | 589/1058 [02:30<02:39,  2.93it/s]
Loading weights:  56%|█████▌    | 593/1058 [02:30<01:35,  4.84it/s]
Loading weights:  56%|█████▌    | 594/1058 [02:30<01:37,  4.76it/s]
Loading weights:  57%|█████▋    | 598/1058 [02:32<02:09,  3.56it/s]
Loading weights:  57%|█████▋    | 600/1058 [02:32<02:17,  3.34it/s]
Loading weights:  57%|█████▋    | 604/1058 [02:33<01:42,  4.43it/s]
Loading weights:  58%|█████▊    | 609/1058 [02:34<01:26,  5.18it/s]
Loading weights:  58%|█████▊    | 610/1058 [02:34<01:51,  4.01it/s]
Loading weights:  58%|█████▊    | 611/1058 [02:35<02:19,  3.21it/s]
Loading weights:  58%|█████▊    | 615/1058 [02:36<01:41,  4.36it/s]
Loading weights:  59%|█████▊    | 620/1058 [02:36<01:24,  5.15it/s]
Loading weights:  59%|█████▊    | 621/1058 [02:37<01:49,  3.98it/s]
Loading weights:  59%|█████▉    | 622/1058 [02:38<02:17,  3.17it/s]
Loading weights:  59%|█████▉    | 626/1058 [02:38<01:39,  4.35it/s]
Loading weights:  60%|█████▉    | 631/1058 [02:39<01:23,  5.14it/s]
Loading weights:  60%|█████▉    | 632/1058 [02:40<01:47,  3.96it/s]
Loading weights:  60%|█████▉    | 633/1058 [02:40<02:14,  3.17it/s]
Loading weights:  60%|██████    | 637/1058 [02:41<01:26,  4.87it/s]
Loading weights:  60%|██████    | 639/1058 [02:41<01:16,  5.45it/s]
Loading weights:  61%|██████    | 641/1058 [02:42<01:36,  4.32it/s]
Loading weights:  61%|██████    | 643/1058 [02:42<01:49,  3.78it/s]
Loading weights:  61%|██████    | 644/1058 [02:43<02:19,  2.97it/s]
Loading weights:  61%|██████    | 648/1058 [02:43<01:24,  4.84it/s]
Loading weights:  61%|██████▏   | 650/1058 [02:44<01:14,  5.47it/s]
Loading weights:  62%|██████▏   | 653/1058 [02:44<01:23,  4.87it/s]
Loading weights:  62%|██████▏   | 654/1058 [02:45<01:52,  3.59it/s]
Loading weights:  62%|██████▏   | 655/1058 [02:46<02:22,  2.83it/s]
Loading weights:  62%|██████▏   | 659/1058 [02:46<01:24,  4.73it/s]
Loading weights:  62%|██████▏   | 661/1058 [02:46<01:13,  5.39it/s]
Loading weights:  63%|██████▎   | 664/1058 [02:47<01:21,  4.82it/s]
Loading weights:  63%|██████▎   | 665/1058 [02:48<01:50,  3.55it/s]
Loading weights:  63%|██████▎   | 666/1058 [02:48<02:19,  2.80it/s]
Loading weights:  63%|██████▎   | 670/1058 [02:49<01:21,  4.74it/s]
Loading weights:  63%|██████▎   | 671/1058 [02:49<01:22,  4.68it/s]
Loading weights:  64%|██████▍   | 675/1058 [02:50<01:48,  3.53it/s]
Loading weights:  64%|██████▍   | 677/1058 [02:51<01:54,  3.31it/s]
Loading weights:  64%|██████▍   | 681/1058 [02:51<01:16,  4.92it/s]
Loading weights:  65%|██████▍   | 683/1058 [02:52<01:08,  5.45it/s]
Loading weights:  65%|██████▍   | 686/1058 [02:52<01:15,  4.90it/s]
Loading weights:  65%|██████▍   | 687/1058 [02:53<01:41,  3.66it/s]
Loading weights:  65%|██████▌   | 688/1058 [02:54<02:07,  2.90it/s]
Loading weights:  65%|██████▌   | 692/1058 [02:54<01:26,  4.22it/s]
Loading weights:  66%|██████▌   | 697/1058 [02:55<01:10,  5.10it/s]
Loading weights:  66%|██████▌   | 698/1058 [02:56<01:32,  3.90it/s]
Loading weights:  66%|██████▌   | 699/1058 [02:56<01:55,  3.10it/s]
Loading weights:  66%|██████▋   | 703/1058 [02:57<01:13,  4.85it/s]
Loading weights:  67%|██████▋   | 705/1058 [02:57<01:04,  5.44it/s]
Loading weights:  68%|██████▊   | 715/1058 [02:57<00:25, 13.46it/s]
Loading weights:  69%|██████▉   | 732/1058 [02:57<00:10, 30.03it/s]
Loading weights:  71%|███████   | 749/1058 [02:57<00:06, 47.97it/s]
Loading weights:  72%|███████▏  | 763/1058 [02:57<00:04, 61.45it/s]
Loading weights:  74%|███████▍  | 781/1058 [02:57<00:03, 77.23it/s]
Loading weights:  76%|███████▌  | 799/1058 [02:58<00:02, 95.50it/s]
Loading weights:  77%|███████▋  | 819/1058 [02:58<00:02, 115.08it/s]
Loading weights:  79%|███████▉  | 834/1058 [02:58<00:01, 120.17it/s]
Loading weights:  80%|████████  | 849/1058 [02:58<00:01, 123.95it/s]
Loading weights:  82%|████████▏ | 867/1058 [02:58<00:01, 119.03it/s]
Loading weights:  84%|████████▍ | 891/1058 [02:58<00:01, 143.46it/s]
Loading weights:  86%|████████▌ | 907/1058 [02:58<00:01, 136.34it/s]
Loading weights:  88%|████████▊ | 926/1058 [02:58<00:00, 143.65it/s]
Loading weights:  89%|████████▉ | 942/1058 [02:59<00:00, 144.56it/s]
Loading weights:  90%|█████████ | 957/1058 [02:59<00:00, 143.20it/s]
Loading weights:  92%|█████████▏| 973/1058 [02:59<00:00, 142.29it/s]
Loading weights:  93%|█████████▎| 989/1058 [02:59<00:00, 143.00it/s]
Loading weights:  95%|█████████▍| 1004/1058 [02:59<00:00, 140.74it/s]
Loading weights:  97%|█████████▋| 1023/1058 [02:59<00:00, 150.24it/s]
Loading weights:  98%|█████████▊| 1039/1058 [03:00<00:00, 82.26it/s] 
Loading weights:  99%|█████████▉| 1051/1058 [03:00<00:00, 52.67it/s]
Loading weights: 100%|██████████| 1058/1058 [03:00<00:00,  5.86it/s]
[load] text_encoder: 33.36B params -> bfloat16 33.36B/62.1GiB
[load] ['text_encoder', 'tokenizer', 'processor'] in 183.3s
[mem] loaded for text_encoder      host_used=   4.1 GiB  hbm=  62.1 GiB  hbm_peak=  62.1 GiB
[run ] text_encoder took 0.8s
[mem] ran text_encoder             host_used=   4.5 GiB  hbm=  62.1 GiB  hbm_peak=  62.2 GiB
[free] ['text_encoder']
/usr/local/lib/python3.12/site-packages/torch/nn/utils/weight_norm.py:144: FutureWarning: `torch.nn.utils.weight_norm` is deprecated in favor of `torch.nn.utils.parametrizations.weight_norm`.
  WeightNorm.apply(module, name, dim)

Loading checkpoint shards:   0%|          | 0/3 [00:00<?, ?it/s]
Loading checkpoint shards:  33%|███▎      | 1/3 [00:13<00:26, 13.00s/it]
Loading checkpoint shards:  67%|██████▋   | 2/3 [00:26<00:13, 13.30s/it]
Loading checkpoint shards: 100%|██████████| 3/3 [00:27<00:00,  7.69s/it]
Loading checkpoint shards: 100%|██████████| 3/3 [00:27<00:00,  9.17s/it]
[load] vae: 2.60B params -> float32 2.60B/9.7GiB
[load] audio_vae: 0.15B params -> float32 0.15B/0.6GiB
[load] ['vae', 'audio_vae'] in 29.5s
[mem] loaded for vae_encoder       host_used=   4.4 GiB  hbm=  10.3 GiB  hbm_peak=  62.2 GiB
[run ] vae_encoder took 0.0s
[mem] ran vae_encoder              host_used=   4.4 GiB  hbm=  10.3 GiB  hbm_peak=  62.2 GiB
[free] ['vae', 'audio_vae']

Loading checkpoint shards:   0%|          | 0/14 [00:00<?, ?it/s]
Loading checkpoint shards:   7%|▋         | 1/14 [00:12<02:46, 12.81s/it]
Loading checkpoint shards:  14%|█▍        | 2/14 [00:25<02:33, 12.81s/it]
Loading checkpoint shards:  21%|██▏       | 3/14 [00:39<02:24, 13.10s/it]
Loading checkpoint shards:  29%|██▊       | 4/14 [00:51<02:08, 12.84s/it]
Loading checkpoint shards:  36%|███▌      | 5/14 [01:04<01:55, 12.83s/it]
Loading checkpoint shards:  43%|████▎     | 6/14 [01:17<01:44, 13.04s/it]
Loading checkpoint shards:  50%|█████     | 7/14 [01:30<01:29, 12.84s/it]
Loading checkpoint shards:  57%|█████▋    | 8/14 [01:43<01:17, 12.83s/it]
Loading checkpoint shards:  64%|██████▍   | 9/14 [01:56<01:05, 13.03s/it]
Loading checkpoint shards:  71%|███████▏  | 10/14 [02:08<00:51, 12.85s/it]
Loading checkpoint shards:  79%|███████▊  | 11/14 [02:21<00:38, 12.85s/it]
Loading checkpoint shards:  86%|████████▌ | 12/14 [02:35<00:26, 13.03s/it]
Loading checkpoint shards:  93%|█████████▎| 13/14 [02:47<00:12, 12.84s/it]
Loading checkpoint shards: 100%|██████████| 14/14 [03:00<00:00, 12.78s/it]
Loading checkpoint shards: 100%|██████████| 14/14 [03:00<00:00, 12.88s/it]
[load] transformer: 33.12B params -> bfloat16 33.11B/61.7GiB, float32 0.02B/0.1GiB
[load] ['transformer', 'scheduler', 'audio_scheduler'] in 180.4s
[mem] loaded for denoise           host_used=   4.5 GiB  hbm=  61.7 GiB  hbm_peak=  62.2 GiB

  0%|          | 0/49 [00:00<?, ?it/s]
  2%|▏         | 1/49 [00:15<12:28, 15.60s/it]
  4%|▍         | 2/49 [00:25<09:36, 12.26s/it]
  6%|▌         | 3/49 [00:40<10:30, 13.72s/it]
  8%|▊         | 4/49 [00:56<10:47, 14.39s/it]
 10%|█         | 5/49 [01:11<10:49, 14.77s/it]
 12%|█▏        | 6/49 [01:27<10:44, 14.99s/it]
 14%|█▍        | 7/49 [01:42<10:35, 15.14s/it]
 16%|█▋        | 8/49 [01:58<10:24, 15.23s/it]
 18%|█▊        | 9/49 [02:13<10:11, 15.29s/it]
 20%|██        | 10/49 [02:28<09:57, 15.33s/it]
 22%|██▏       | 11/49 [02:44<09:43, 15.36s/it]
 24%|██▍       | 12/49 [02:59<09:29, 15.38s/it]
 27%|██▋       | 13/49 [03:15<09:14, 15.39s/it]
 29%|██▊       | 14/49 [03:30<08:59, 15.40s/it]
 31%|███       | 15/49 [03:46<08:43, 15.40s/it]
 33%|███▎      | 16/49 [04:01<08:28, 15.41s/it]
 35%|███▍      | 17/49 [04:16<08:13, 15.41s/it]
 37%|███▋      | 18/49 [04:32<07:57, 15.41s/it]
 39%|███▉      | 19/49 [04:47<07:42, 15.41s/it]
 41%|████      | 20/49 [05:03<07:26, 15.41s/it]
 43%|████▎     | 21/49 [05:18<07:11, 15.41s/it]
 45%|████▍     | 22/49 [05:33<06:56, 15.41s/it]
 47%|████▋     | 23/49 [05:49<06:40, 15.41s/it]
 49%|████▉     | 24/49 [06:04<06:25, 15.41s/it]
 51%|█████     | 25/49 [06:20<06:09, 15.41s/it]
 53%|█████▎    | 26/49 [06:35<05:54, 15.41s/it]
 55%|█████▌    | 27/49 [06:50<05:38, 15.41s/it]
 57%|█████▋    | 28/49 [07:06<05:23, 15.41s/it]
 59%|█████▉    | 29/49 [07:21<05:08, 15.41s/it]
 61%|██████    | 30/49 [07:37<04:52, 15.40s/it]
 63%|██████▎   | 31/49 [07:52<04:37, 15.40s/it]
 65%|██████▌   | 32/49 [08:08<04:21, 15.40s/it]
 67%|██████▋   | 33/49 [08:23<04:06, 15.40s/it]
 69%|██████▉   | 34/49 [08:38<03:51, 15.40s/it]
 71%|███████▏  | 35/49 [08:54<03:35, 15.40s/it]
 73%|███████▎  | 36/49 [09:09<03:20, 15.40s/it]
 76%|███████▌  | 37/49 [09:25<03:04, 15.40s/it]
 78%|███████▊  | 38/49 [09:40<02:49, 15.40s/it]
 80%|███████▉  | 39/49 [09:55<02:34, 15.40s/it]
 82%|████████▏ | 40/49 [10:11<02:18, 15.40s/it]
 84%|████████▎ | 41/49 [10:26<02:03, 15.40s/it]
 86%|████████▌ | 42/49 [10:42<01:47, 15.40s/it]
 88%|████████▊ | 43/49 [10:57<01:32, 15.40s/it]
 90%|████████▉ | 44/49 [11:12<01:17, 15.40s/it]
 92%|█████████▏| 45/49 [11:28<01:01, 15.40s/it]
 94%|█████████▍| 46/49 [11:43<00:46, 15.40s/it]
 96%|█████████▌| 47/49 [11:59<00:30, 15.40s/it]
 98%|█████████▊| 48/49 [12:14<00:15, 15.40s/it]
100%|██████████| 49/49 [12:29<00:00, 15.40s/it]
100%|██████████| 49/49 [12:29<00:00, 15.30s/it]
[run ] denoise took 749.9s
[mem] ran denoise                  host_used=   4.6 GiB  hbm=  61.8 GiB  hbm_peak=  68.1 GiB
[free] ['transformer', 'scheduler', 'audio_scheduler']

Loading checkpoint shards:   0%|          | 0/3 [00:00<?, ?it/s]
Loading checkpoint shards:  33%|███▎      | 1/3 [00:01<00:03,  1.72s/it]
Loading checkpoint shards:  67%|██████▋   | 2/3 [00:02<00:01,  1.25s/it]
Loading checkpoint shards: 100%|██████████| 3/3 [00:02<00:00,  1.10it/s]
[load] vae: 2.60B params -> float32 2.60B/9.7GiB
[load] audio_vae: 0.15B params -> float32 0.15B/0.6GiB
[load] ['vae', 'audio_vae'] in 3.6s
[mem] loaded for decode            host_used=   4.6 GiB  hbm=  10.3 GiB  hbm_peak=  68.1 GiB
[run ] decode took 19.6s
[mem] ran decode                   host_used=   5.4 GiB  hbm=  10.6 GiB  hbm_peak=  68.1 GiB
[free] ['vae', 'audio_vae']
[done] iteration 0 wall time 1174.0s
[out ] /mnt/workspace/outputs/sage-20260928-165335/video.mp4 frames=124 audio=(165600, 2) sr=32000
[mem] final it=0                   host_used=   5.4 GiB  hbm=   0.1 GiB  hbm_peak=  68.1 GiB
[mon ] {"init": 0.3, "load:before_encode": 0.0, "run:before_encode": 0.0, "free:before_encode": 0.3, "load:text_encoder": 183.3, "run:text_encoder": 0.8, "free:text_encoder": 0.4, "load:vae_encoder": 29.5, "run:vae_encoder": 0.0, "free:vae_encoder": 0.3, "load:denoise": 180.4, "run:denoise": 749.9, "free:denoise": 5.7, "load:decode": 3.6, "run:decode": 19.6, "free:decode": 0.3, "encode_mp4": 3.4}
[mon ] step median 15407.1 ms over 49 transformer calls
[mon ] peaks: torch_alloc=68.1 GiB  nvml=70.48 GiB  host=9.0 GiB
