Target compute capabilities: {'8.0'}
running bdist_wheel
running build
running build_py
running build_ext
building 'sageattention._qattn_sm80' extension
building 'sageattention._fused' extension
ninja: no work to do.
ninja: no work to do.
g++ -fno-strict-overflow -Wsign-compare -DNDEBUG -g -O3 -Wall -shared /mnt/workspace/explore/SageAttention/build/temp.linux-x86_64-cpython-312/sageattention._fused/csrc/fused/fused.o /mnt/workspace/explore/SageAttention/build/temp.linux-x86_64-cpython-312/sageattention._fused/csrc/fused/pybind.o -L/usr/local/lib/python3.12/site-packages/torch/lib -L/usr/local/cuda/lib64 -L/usr/local/lib -lc10 -ltorch -ltorch_cpu -ltorch_python -lcudart -lc10_cuda -ltorch_cuda -o build/lib.linux-x86_64-cpython-312/sageattention/_fused.cpython-312-x86_64-linux-gnu.so
g++ -fno-strict-overflow -Wsign-compare -DNDEBUG -g -O3 -Wall -shared /mnt/workspace/explore/SageAttention/build/temp.linux-x86_64-cpython-312/sageattention._qattn_sm80/csrc/qattn/pybind_sm80.o /mnt/workspace/explore/SageAttention/build/temp.linux-x86_64-cpython-312/sageattention._qattn_sm80/csrc/qattn/qk_int_sv_f16_cuda_sm80.o -L/usr/local/lib/python3.12/site-packages/torch/lib -L/usr/local/cuda/lib64 -L/usr/local/lib -lc10 -ltorch -ltorch_cpu -ltorch_python -lcudart -lc10_cuda -ltorch_cuda -o build/lib.linux-x86_64-cpython-312/sageattention/_qattn_sm80.cpython-312-x86_64-linux-gnu.so
/usr/local/lib/python3.12/site-packages/setuptools/_distutils/cmd.py:90: SetuptoolsDeprecationWarning: setup.py install is deprecated.
!!

        ********************************************************************************
        Please avoid running ``setup.py`` directly.
        Instead, use pypa/build, pypa/installer or other
        standards-based tools.

        This deprecation is overdue, please update your project and remove deprecated
        calls to avoid build errors in the future.

        See https://blog.ganssle.io/articles/2021/10/setup-py-deprecated.html for details.
        ********************************************************************************

!!
  self.initialize_options()
installing to build/bdist.linux-x86_64/wheel
running install
running install_lib
creating build/bdist.linux-x86_64/wheel
creating build/bdist.linux-x86_64/wheel/sageattention
copying build/lib.linux-x86_64-cpython-312/sageattention/__init__.py -> build/bdist.linux-x86_64/wheel/./sageattention
copying build/lib.linux-x86_64-cpython-312/sageattention/sm90_compile.py -> build/bdist.linux-x86_64/wheel/./sageattention
copying build/lib.linux-x86_64-cpython-312/sageattention/sm80_compile.py -> build/bdist.linux-x86_64/wheel/./sageattention
copying build/lib.linux-x86_64-cpython-312/sageattention/fa3_wrapper.py -> build/bdist.linux-x86_64/wheel/./sageattention
copying build/lib.linux-x86_64-cpython-312/sageattention/_qattn_sm80.cpython-312-x86_64-linux-gnu.so -> build/bdist.linux-x86_64/wheel/./sageattention
creating build/bdist.linux-x86_64/wheel/sageattention/triton
copying build/lib.linux-x86_64-cpython-312/sageattention/triton/__init__.py -> build/bdist.linux-x86_64/wheel/./sageattention/triton
copying build/lib.linux-x86_64-cpython-312/sageattention/triton/attn_qk_int8_per_block_causal_varlen.py -> build/bdist.linux-x86_64/wheel/./sageattention/triton
copying build/lib.linux-x86_64-cpython-312/sageattention/triton/attn_qk_int8_per_block.py -> build/bdist.linux-x86_64/wheel/./sageattention/triton
copying build/lib.linux-x86_64-cpython-312/sageattention/triton/quant_per_block.py -> build/bdist.linux-x86_64/wheel/./sageattention/triton
copying build/lib.linux-x86_64-cpython-312/sageattention/triton/quant_per_block_varlen.py -> build/bdist.linux-x86_64/wheel/./sageattention/triton
copying build/lib.linux-x86_64-cpython-312/sageattention/triton/quant_per_thread.py -> build/bdist.linux-x86_64/wheel/./sageattention/triton
copying build/lib.linux-x86_64-cpython-312/sageattention/triton/attn_qk_int8_block_varlen.py -> build/bdist.linux-x86_64/wheel/./sageattention/triton
copying build/lib.linux-x86_64-cpython-312/sageattention/triton/attn_qk_int8_per_block_causal.py -> build/bdist.linux-x86_64/wheel/./sageattention/triton
copying build/lib.linux-x86_64-cpython-312/sageattention/sm89_compile.py -> build/bdist.linux-x86_64/wheel/./sageattention
copying build/lib.linux-x86_64-cpython-312/sageattention/_fused.cpython-312-x86_64-linux-gnu.so -> build/bdist.linux-x86_64/wheel/./sageattention
copying build/lib.linux-x86_64-cpython-312/sageattention/core.py -> build/bdist.linux-x86_64/wheel/./sageattention
copying build/lib.linux-x86_64-cpython-312/sageattention/quant.py -> build/bdist.linux-x86_64/wheel/./sageattention
running install_egg_info
running egg_info
writing sageattention.egg-info/PKG-INFO
writing dependency_links to sageattention.egg-info/dependency_links.txt
writing top-level names to sageattention.egg-info/top_level.txt
reading manifest file 'sageattention.egg-info/SOURCES.txt'
reading manifest template 'MANIFEST.in'
warning: no files found matching '*.hpp' under directory 'csrc'
warning: no previously-included files matching '__pycache__' found anywhere in distribution
warning: no previously-included files matching '*.py[cod]' found anywhere in distribution
adding license file 'LICENSE'
writing manifest file 'sageattention.egg-info/SOURCES.txt'
Copying sageattention.egg-info to build/bdist.linux-x86_64/wheel/./sageattention-2.2.0-py3.12.egg-info
running install_scripts
creating build/bdist.linux-x86_64/wheel/sageattention-2.2.0.dist-info/WHEEL
creating 'dist/sageattention-2.2.0-cp312-cp312-linux_x86_64.whl' and adding 'build/bdist.linux-x86_64/wheel' to it
adding 'sageattention/__init__.py'
adding 'sageattention/_fused.cpython-312-x86_64-linux-gnu.so'
adding 'sageattention/_qattn_sm80.cpython-312-x86_64-linux-gnu.so'
adding 'sageattention/core.py'
adding 'sageattention/fa3_wrapper.py'
adding 'sageattention/quant.py'
adding 'sageattention/sm80_compile.py'
adding 'sageattention/sm89_compile.py'
adding 'sageattention/sm90_compile.py'
adding 'sageattention/triton/__init__.py'
adding 'sageattention/triton/attn_qk_int8_block_varlen.py'
adding 'sageattention/triton/attn_qk_int8_per_block.py'
adding 'sageattention/triton/attn_qk_int8_per_block_causal.py'
adding 'sageattention/triton/attn_qk_int8_per_block_causal_varlen.py'
adding 'sageattention/triton/quant_per_block.py'
adding 'sageattention/triton/quant_per_block_varlen.py'
adding 'sageattention/triton/quant_per_thread.py'
adding 'sageattention-2.2.0.dist-info/licenses/LICENSE'
adding 'sageattention-2.2.0.dist-info/METADATA'
adding 'sageattention-2.2.0.dist-info/WHEEL'
adding 'sageattention-2.2.0.dist-info/top_level.txt'
adding 'sageattention-2.2.0.dist-info/RECORD'
removing build/bdist.linux-x86_64/wheel
