[mon ] telemetry -> /mnt/workspace/runs/steps2-20260920-172251
[init] loading pipeline config from /mnt/workspace/MiniMax-H3
[mem] after config load            host_used=   3.4 GiB  hbm=   0.0 GiB  hbm_peak=   0.0 GiB
[mem] loaded for before_encode     host_used=   3.4 GiB  hbm=   0.0 GiB  hbm_peak=   0.0 GiB
[run ] before_encode took 0.0s
[mem] ran before_encode            host_used=   3.4 GiB  hbm=   0.0 GiB  hbm_peak=   0.0 GiB

Loading weights:   0%|          | 0/1058 [00:00<?, ?it/s]
Loading weights:   0%|          | 1/1058 [00:00<02:29,  7.06it/s]
Loading weights:   1%|          | 9/1058 [00:00<00:24, 43.58it/s]
Loading weights:   2%|▏         | 16/1058 [00:00<00:22, 47.28it/s]
Loading weights:   3%|▎         | 28/1058 [00:00<00:15, 66.83it/s]
Loading weights:   4%|▎         | 39/1058 [00:00<00:13, 75.03it/s]
Loading weights:   5%|▍         | 50/1058 [00:00<00:12, 79.43it/s]
Loading weights:   6%|▌         | 61/1058 [00:00<00:12, 82.86it/s]
Loading weights:   7%|▋         | 72/1058 [00:00<00:11, 84.91it/s]
Loading weights:   8%|▊         | 83/1058 [00:01<00:11, 86.85it/s]
Loading weights:   9%|▉         | 94/1058 [00:01<00:11, 87.54it/s]
Loading weights:  10%|▉         | 105/1058 [00:01<00:10, 88.14it/s]
Loading weights:  11%|█         | 116/1058 [00:01<00:10, 88.80it/s]
Loading weights:  12%|█▏        | 127/1058 [00:01<00:10, 88.88it/s]
Loading weights:  13%|█▎        | 138/1058 [00:01<00:10, 89.04it/s]
Loading weights:  14%|█▍        | 149/1058 [00:01<00:10, 89.41it/s]
Loading weights:  15%|█▌        | 160/1058 [00:01<00:10, 89.49it/s]
Loading weights:  16%|█▌        | 171/1058 [00:02<00:09, 88.95it/s]
Loading weights:  17%|█▋        | 182/1058 [00:02<00:09, 89.27it/s]
Loading weights:  18%|█▊        | 193/1058 [00:02<00:09, 89.37it/s]
Loading weights:  19%|█▉        | 204/1058 [00:02<00:09, 89.43it/s]
Loading weights:  20%|██        | 215/1058 [00:02<00:09, 89.80it/s]
Loading weights:  21%|██▏       | 226/1058 [00:02<00:09, 89.01it/s]
Loading weights:  22%|██▏       | 237/1058 [00:02<00:09, 88.93it/s]
Loading weights:  23%|██▎       | 248/1058 [00:02<00:09, 89.27it/s]
Loading weights:  24%|██▍       | 259/1058 [00:03<00:08, 89.26it/s]
Loading weights:  26%|██▌       | 270/1058 [00:03<00:08, 89.70it/s]
Loading weights:  27%|██▋       | 281/1058 [00:03<00:08, 89.60it/s]
Loading weights:  28%|██▊       | 292/1058 [00:03<00:08, 89.62it/s]
Loading weights:  29%|██▊       | 303/1058 [00:03<00:08, 89.45it/s]
Loading weights:  30%|██▉       | 314/1058 [00:03<00:08, 88.84it/s]
Loading weights:  31%|███       | 325/1058 [00:03<00:08, 88.89it/s]
Loading weights:  32%|███▏      | 336/1058 [00:03<00:08, 89.22it/s]
Loading weights:  33%|███▎      | 347/1058 [00:04<00:07, 89.68it/s]
Loading weights:  34%|███▍      | 358/1058 [00:04<00:07, 89.75it/s]
Loading weights:  35%|███▍      | 369/1058 [00:04<00:07, 90.15it/s]
Loading weights:  36%|███▌      | 379/1058 [00:04<00:07, 87.38it/s]
Loading weights:  37%|███▋      | 391/1058 [00:04<00:07, 90.63it/s]
Loading weights:  38%|███▊      | 402/1058 [00:04<00:07, 90.39it/s]
Loading weights:  39%|███▉      | 413/1058 [00:04<00:07, 90.22it/s]
Loading weights:  40%|████      | 424/1058 [00:04<00:07, 89.66it/s]
Loading weights:  41%|████      | 435/1058 [00:05<00:07, 88.02it/s]
Loading weights:  42%|████▏     | 445/1058 [00:05<00:06, 91.05it/s]
Loading weights:  43%|████▎     | 456/1058 [00:05<00:06, 89.60it/s]
Loading weights:  44%|████▍     | 467/1058 [00:05<00:06, 89.37it/s]
Loading weights:  45%|████▌     | 478/1058 [00:05<00:06, 89.09it/s]
Loading weights:  46%|████▌     | 489/1058 [00:05<00:06, 87.98it/s]
Loading weights:  47%|████▋     | 500/1058 [00:05<00:06, 86.48it/s]
Loading weights:  48%|████▊     | 511/1058 [00:05<00:06, 87.04it/s]
Loading weights:  49%|████▉     | 522/1058 [00:06<00:06, 86.91it/s]
Loading weights:  50%|█████     | 533/1058 [00:06<00:05, 87.65it/s]
Loading weights:  51%|█████▏    | 544/1058 [00:06<00:05, 87.20it/s]
Loading weights:  52%|█████▏    | 555/1058 [00:06<00:05, 85.54it/s]
Loading weights:  53%|█████▎    | 566/1058 [00:06<00:05, 85.44it/s]
Loading weights:  55%|█████▍    | 577/1058 [00:06<00:05, 85.88it/s]
Loading weights:  56%|█████▌    | 588/1058 [00:06<00:05, 85.84it/s]
Loading weights:  57%|█████▋    | 599/1058 [00:06<00:05, 85.95it/s]
Loading weights:  57%|█████▋    | 608/1058 [00:07<00:05, 86.65it/s]
Loading weights:  59%|█████▊    | 619/1058 [00:07<00:05, 86.66it/s]
Loading weights:  60%|█████▉    | 631/1058 [00:07<00:05, 81.87it/s]
Loading weights:  61%|██████    | 643/1058 [00:07<00:04, 85.66it/s]
Loading weights:  62%|██████▏   | 654/1058 [00:07<00:04, 85.68it/s]
Loading weights:  63%|██████▎   | 665/1058 [00:07<00:05, 78.25it/s]
Loading weights:  64%|██████▍   | 677/1058 [00:07<00:04, 82.79it/s]
Loading weights:  65%|██████▌   | 688/1058 [00:08<00:04, 84.70it/s]
Loading weights:  66%|██████▌   | 699/1058 [00:08<00:04, 85.45it/s]
Loading weights:  85%|████████▌ | 900/1058 [00:08<00:00, 559.56it/s]
Loading weights: 100%|██████████| 1058/1058 [00:08<00:00, 127.00it/s]
[load] text_encoder: 33.36B params -> bfloat16 33.36B/62.1GiB
[load] ['text_encoder', 'tokenizer', 'processor'] in 13.4s
[mem] loaded for text_encoder      host_used=   3.8 GiB  hbm=  62.1 GiB  hbm_peak=  62.1 GiB
[run ] text_encoder took 2.1s
[mem] ran text_encoder             host_used=   4.2 GiB  hbm=  62.1 GiB  hbm_peak=  62.2 GiB
[free] ['text_encoder']

Loading checkpoint shards:   0%|          | 0/3 [00:00<?, ?it/s]
Loading checkpoint shards:  33%|███▎      | 1/3 [00:12<00:25, 12.94s/it]
Loading checkpoint shards:  67%|██████▋   | 2/3 [00:26<00:13, 13.27s/it]
Loading checkpoint shards: 100%|██████████| 3/3 [00:27<00:00,  7.67s/it]
Loading checkpoint shards: 100%|██████████| 3/3 [00:27<00:00,  9.15s/it]
/usr/local/lib/python3.12/site-packages/torch/nn/utils/weight_norm.py:144: FutureWarning: `torch.nn.utils.weight_norm` is deprecated in favor of `torch.nn.utils.parametrizations.weight_norm`.
  WeightNorm.apply(module, name, dim)
[load] vae: 2.60B params -> float32 2.60B/9.7GiB
[load] audio_vae: 0.15B params -> float32 0.15B/0.6GiB
[load] ['vae', 'audio_vae'] in 29.2s
[mem] loaded for vae_encoder       host_used=   4.2 GiB  hbm=  10.3 GiB  hbm_peak=  62.2 GiB
[run ] vae_encoder took 0.0s
[mem] ran vae_encoder              host_used=   4.2 GiB  hbm=  10.3 GiB  hbm_peak=  62.2 GiB
[free] ['vae', 'audio_vae']

Loading checkpoint shards:   0%|          | 0/14 [00:00<?, ?it/s]
Loading checkpoint shards:   7%|▋         | 1/14 [00:12<02:47, 12.89s/it]
Loading checkpoint shards:  14%|█▍        | 2/14 [00:25<02:34, 12.84s/it]
Loading checkpoint shards:  21%|██▏       | 3/14 [00:39<02:24, 13.12s/it]
Loading checkpoint shards:  29%|██▊       | 4/14 [00:51<02:08, 12.85s/it]
Loading checkpoint shards:  36%|███▌      | 5/14 [01:04<01:55, 12.85s/it]
Loading checkpoint shards:  43%|████▎     | 6/14 [01:17<01:44, 13.05s/it]
Loading checkpoint shards:  50%|█████     | 7/14 [01:30<01:29, 12.85s/it]
Loading checkpoint shards:  57%|█████▋    | 8/14 [01:43<01:17, 12.84s/it]
Loading checkpoint shards:  64%|██████▍   | 9/14 [01:56<01:05, 13.03s/it]
Loading checkpoint shards:  71%|███████▏  | 10/14 [02:09<00:51, 12.85s/it]
Loading checkpoint shards:  79%|███████▊  | 11/14 [02:21<00:38, 12.84s/it]
Loading checkpoint shards:  86%|████████▌ | 12/14 [02:35<00:26, 13.03s/it]
Loading checkpoint shards:  93%|█████████▎| 13/14 [02:47<00:12, 12.85s/it]
Loading checkpoint shards: 100%|██████████| 14/14 [03:00<00:00, 12.80s/it]
Loading checkpoint shards: 100%|██████████| 14/14 [03:00<00:00, 12.89s/it]
[load] transformer: 33.12B params -> bfloat16 33.11B/61.7GiB, float32 0.02B/0.1GiB
[load] ['transformer', 'scheduler', 'audio_scheduler'] in 180.5s
[mem] loaded for denoise           host_used=   4.2 GiB  hbm=  61.8 GiB  hbm_peak=  62.2 GiB

  0%|          | 0/1 [00:00<?, ?it/s]
100%|██████████| 1/1 [00:17<00:00, 17.20s/it]
100%|██████████| 1/1 [00:17<00:00, 17.20s/it]
[run ] denoise took 17.2s
[mem] ran denoise                  host_used=   4.3 GiB  hbm=  61.8 GiB  hbm_peak=  68.2 GiB
[free] ['transformer', 'scheduler', 'audio_scheduler']

Loading checkpoint shards:   0%|          | 0/3 [00:00<?, ?it/s]
Loading checkpoint shards:  33%|███▎      | 1/3 [00:12<00:25, 12.91s/it]
Loading checkpoint shards:  67%|██████▋   | 2/3 [00:26<00:13, 13.25s/it]
Loading checkpoint shards: 100%|██████████| 3/3 [00:27<00:00,  7.66s/it]
Loading checkpoint shards: 100%|██████████| 3/3 [00:27<00:00,  9.13s/it]
[load] vae: 2.60B params -> float32 2.60B/9.7GiB
[load] audio_vae: 0.15B params -> float32 0.15B/0.6GiB
[load] ['vae', 'audio_vae'] in 29.1s
[mem] loaded for decode            host_used=   4.3 GiB  hbm=  72.1 GiB  hbm_peak=  72.1 GiB
[run ] decode took 19.3s
[mem] ran decode                   host_used=   5.1 GiB  hbm=  72.4 GiB  hbm_peak=  78.3 GiB
[free] ['vae', 'audio_vae']
[done] iteration 0 wall time 292.2s
[out ] /mnt/workspace/outputs/steps2-20260920-172251/video.mp4 frames=124 audio=(165600, 2) sr=32000
[mem] final it=0                   host_used=   5.1 GiB  hbm=  61.8 GiB  hbm_peak=  78.3 GiB
