[mon ] telemetry -> /mnt/workspace/runs/sage_fbcache025_repeat2_reuse-20260920-211122
[init] loading pipeline config from /mnt/workspace/MiniMax-H3
[mem] after config load            host_used=   3.5 GiB  hbm=   0.0 GiB  hbm_peak=   0.0 GiB
[mem] loaded for before_encode     host_used=   3.5 GiB  hbm=   0.0 GiB  hbm_peak=   0.0 GiB
[run ] before_encode took 0.0s
[mem] ran before_encode            host_used=   3.5 GiB  hbm=   0.0 GiB  hbm_peak=   0.0 GiB

Loading weights:   0%|          | 0/1058 [00:00<?, ?it/s]
Loading weights:   0%|          | 1/1058 [00:03<55:18,  3.14s/it]
Loading weights:   0%|          | 2/1058 [00:03<24:51,  1.41s/it]
Loading weights:   1%|          | 7/1058 [00:03<05:02,  3.48it/s]
Loading weights:   2%|▏         | 16/1058 [00:03<01:48,  9.64it/s]
Loading weights:   3%|▎         | 28/1058 [00:03<00:53, 19.43it/s]
Loading weights:   4%|▎         | 39/1058 [00:03<00:35, 28.99it/s]
Loading weights:   5%|▍         | 50/1058 [00:03<00:25, 38.86it/s]
Loading weights:   6%|▌         | 61/1058 [00:04<00:20, 48.26it/s]
Loading weights:   7%|▋         | 72/1058 [00:04<00:17, 57.10it/s]
Loading weights:   8%|▊         | 82/1058 [00:04<00:15, 62.99it/s]
Loading weights:   9%|▉         | 94/1058 [00:04<00:13, 71.94it/s]
Loading weights:  10%|▉         | 105/1058 [00:04<00:12, 76.57it/s]
Loading weights:  11%|█         | 116/1058 [00:04<00:11, 79.50it/s]
Loading weights:  12%|█▏        | 127/1058 [00:04<00:11, 81.99it/s]
Loading weights:  13%|█▎        | 138/1058 [00:04<00:10, 84.07it/s]
Loading weights:  14%|█▍        | 149/1058 [00:05<00:10, 85.57it/s]
Loading weights:  15%|█▌        | 160/1058 [00:05<00:10, 86.31it/s]
Loading weights:  16%|█▌        | 171/1058 [00:05<00:10, 86.95it/s]
Loading weights:  17%|█▋        | 182/1058 [00:05<00:10, 87.10it/s]
Loading weights:  18%|█▊        | 193/1058 [00:05<00:09, 87.78it/s]
Loading weights:  19%|█▉        | 204/1058 [00:05<00:09, 87.54it/s]
Loading weights:  20%|██        | 215/1058 [00:05<00:09, 88.11it/s]
Loading weights:  21%|██▏       | 226/1058 [00:05<00:09, 88.32it/s]
Loading weights:  22%|██▏       | 237/1058 [00:06<00:09, 88.08it/s]
Loading weights:  23%|██▎       | 248/1058 [00:06<00:09, 88.05it/s]
Loading weights:  24%|██▍       | 259/1058 [00:06<00:09, 88.37it/s]
Loading weights:  25%|██▌       | 269/1058 [00:06<00:10, 73.45it/s]
Loading weights:  27%|██▋       | 290/1058 [00:06<00:07, 98.78it/s]
Loading weights:  28%|██▊       | 301/1058 [00:06<00:07, 96.22it/s]
Loading weights:  29%|██▉       | 312/1058 [00:06<00:07, 94.29it/s]
Loading weights:  30%|███       | 322/1058 [00:07<00:09, 79.85it/s]
Loading weights:  31%|███▏      | 331/1058 [00:07<00:09, 78.28it/s]
Loading weights:  32%|███▏      | 340/1058 [00:07<00:09, 76.50it/s]
Loading weights:  33%|███▎      | 350/1058 [00:07<00:08, 82.10it/s]
Loading weights:  34%|███▍      | 359/1058 [00:07<00:08, 79.91it/s]
Loading weights:  35%|███▍      | 368/1058 [00:08<00:19, 34.98it/s]
Loading weights:  35%|███▌      | 375/1058 [00:08<00:29, 22.99it/s]
Loading weights:  36%|███▌      | 380/1058 [00:10<01:05, 10.29it/s]
Loading weights:  36%|███▋      | 384/1058 [00:10<00:59, 11.31it/s]
Loading weights:  37%|███▋      | 387/1058 [00:10<00:56, 11.80it/s]
Loading weights:  37%|███▋      | 390/1058 [00:12<01:43,  6.42it/s]
Loading weights:  37%|███▋      | 392/1058 [00:12<02:04,  5.37it/s]
Loading weights:  37%|███▋      | 395/1058 [00:13<01:47,  6.19it/s]
Loading weights:  38%|███▊      | 397/1058 [00:13<01:41,  6.54it/s]
Loading weights:  38%|███▊      | 400/1058 [00:14<01:58,  5.55it/s]
Loading weights:  38%|███▊      | 401/1058 [00:14<02:40,  4.09it/s]
Loading weights:  38%|███▊      | 402/1058 [00:15<03:26,  3.18it/s]
Loading weights:  38%|███▊      | 406/1058 [00:15<02:10,  5.01it/s]
Loading weights:  39%|███▊      | 408/1058 [00:16<01:56,  5.59it/s]
Loading weights:  39%|███▉      | 411/1058 [00:16<02:10,  4.95it/s]
Loading weights:  39%|███▉      | 412/1058 [00:17<02:57,  3.64it/s]
Loading weights:  39%|███▉      | 413/1058 [00:18<03:44,  2.87it/s]
Loading weights:  39%|███▉      | 417/1058 [00:18<02:14,  4.78it/s]
Loading weights:  40%|███▉      | 419/1058 [00:18<01:57,  5.44it/s]
Loading weights:  40%|███▉      | 421/1058 [00:19<02:29,  4.26it/s]
Loading weights:  40%|███▉      | 423/1058 [00:20<02:50,  3.72it/s]
Loading weights:  40%|████      | 424/1058 [00:20<03:36,  2.92it/s]
Loading weights:  40%|████      | 428/1058 [00:21<02:27,  4.26it/s]
Loading weights:  41%|████      | 433/1058 [00:22<02:01,  5.14it/s]
Loading weights:  41%|████      | 434/1058 [00:22<02:39,  3.92it/s]
Loading weights:  41%|████      | 435/1058 [00:23<03:20,  3.11it/s]
Loading weights:  41%|████▏     | 439/1058 [00:23<02:07,  4.85it/s]
Loading weights:  42%|████▏     | 441/1058 [00:23<01:52,  5.48it/s]
Loading weights:  42%|████▏     | 444/1058 [00:24<02:05,  4.91it/s]
Loading weights:  42%|████▏     | 445/1058 [00:25<02:46,  3.67it/s]
Loading weights:  42%|████▏     | 446/1058 [00:26<03:32,  2.89it/s]
Loading weights:  43%|████▎     | 450/1058 [00:26<02:06,  4.80it/s]
Loading weights:  43%|████▎     | 451/1058 [00:26<02:08,  4.73it/s]
Loading weights:  43%|████▎     | 455/1058 [00:27<02:00,  5.01it/s]
Loading weights:  43%|████▎     | 456/1058 [00:28<02:43,  3.68it/s]
Loading weights:  43%|████▎     | 457/1058 [00:28<03:27,  2.89it/s]
Loading weights:  44%|████▎     | 461/1058 [00:29<02:04,  4.80it/s]
Loading weights:  44%|████▍     | 463/1058 [00:29<01:49,  5.43it/s]
Loading weights:  44%|████▍     | 466/1058 [00:29<02:00,  4.90it/s]
Loading weights:  44%|████▍     | 467/1058 [00:30<02:44,  3.60it/s]
Loading weights:  44%|████▍     | 468/1058 [00:32<04:32,  2.17it/s]
Loading weights:  45%|████▍     | 471/1058 [00:32<02:51,  3.43it/s]
Loading weights:  45%|████▍     | 473/1058 [00:32<02:15,  4.32it/s]
Loading weights:  45%|████▌     | 477/1058 [00:32<01:50,  5.27it/s]
Loading weights:  45%|████▌     | 478/1058 [00:33<02:18,  4.20it/s]
Loading weights:  45%|████▌     | 479/1058 [00:34<02:50,  3.39it/s]
Loading weights:  46%|████▌     | 483/1058 [00:34<01:45,  5.47it/s]
Loading weights:  46%|████▌     | 485/1058 [00:34<01:34,  6.05it/s]
Loading weights:  46%|████▌     | 488/1058 [00:35<01:50,  5.14it/s]
Loading weights:  46%|████▌     | 489/1058 [00:35<02:33,  3.71it/s]
Loading weights:  46%|████▋     | 490/1058 [00:36<03:16,  2.89it/s]
Loading weights:  47%|████▋     | 493/1058 [00:36<02:13,  4.24it/s]
Loading weights:  47%|████▋     | 495/1058 [00:37<01:52,  4.99it/s]
Loading weights:  47%|████▋     | 499/1058 [00:38<02:33,  3.64it/s]
Loading weights:  47%|████▋     | 501/1058 [00:39<02:44,  3.39it/s]
Loading weights:  48%|████▊     | 505/1058 [00:39<01:50,  4.99it/s]
Loading weights:  48%|████▊     | 507/1058 [00:39<01:39,  5.53it/s]
Loading weights:  48%|████▊     | 509/1058 [00:40<02:04,  4.40it/s]
Loading weights:  48%|████▊     | 511/1058 [00:41<02:22,  3.84it/s]
Loading weights:  48%|████▊     | 512/1058 [00:42<03:01,  3.01it/s]
Loading weights:  49%|████▉     | 516/1058 [00:42<01:51,  4.86it/s]
Loading weights:  49%|████▉     | 518/1058 [00:42<01:38,  5.49it/s]
Loading weights:  49%|████▉     | 521/1058 [00:43<01:50,  4.87it/s]
Loading weights:  49%|████▉     | 522/1058 [00:43<02:28,  3.60it/s]
Loading weights:  49%|████▉     | 523/1058 [00:44<03:08,  2.84it/s]
Loading weights:  50%|████▉     | 527/1058 [00:44<01:51,  4.76it/s]
Loading weights:  50%|█████     | 529/1058 [00:45<01:38,  5.39it/s]
Loading weights:  50%|█████     | 532/1058 [00:45<01:49,  4.82it/s]
Loading weights:  50%|█████     | 533/1058 [00:46<02:27,  3.55it/s]
Loading weights:  50%|█████     | 534/1058 [00:47<03:06,  2.81it/s]
Loading weights:  51%|█████     | 538/1058 [00:47<02:04,  4.19it/s]
Loading weights:  51%|█████▏    | 543/1058 [00:48<01:40,  5.10it/s]
Loading weights:  51%|█████▏    | 544/1058 [00:49<02:12,  3.89it/s]
Loading weights:  52%|█████▏    | 545/1058 [00:49<02:45,  3.10it/s]
Loading weights:  52%|█████▏    | 549/1058 [00:50<01:44,  4.86it/s]
Loading weights:  52%|█████▏    | 551/1058 [00:50<01:33,  5.44it/s]
Loading weights:  52%|█████▏    | 554/1058 [00:51<01:43,  4.86it/s]
Loading weights:  52%|█████▏    | 555/1058 [00:51<02:19,  3.61it/s]
Loading weights:  53%|█████▎    | 556/1058 [00:52<02:55,  2.86it/s]
Loading weights:  53%|█████▎    | 560/1058 [00:53<01:58,  4.19it/s]
Loading weights:  53%|█████▎    | 565/1058 [00:53<01:36,  5.09it/s]
Loading weights:  53%|█████▎    | 566/1058 [00:54<02:06,  3.89it/s]
Loading weights:  54%|█████▎    | 567/1058 [00:55<02:38,  3.10it/s]
Loading weights:  54%|█████▍    | 571/1058 [00:55<01:40,  4.85it/s]
Loading weights:  54%|█████▍    | 573/1058 [00:55<01:29,  5.44it/s]
Loading weights:  54%|█████▍    | 575/1058 [00:56<01:51,  4.32it/s]
Loading weights:  55%|█████▍    | 577/1058 [00:57<02:06,  3.80it/s]
Loading weights:  55%|█████▍    | 578/1058 [00:57<02:39,  3.02it/s]
Loading weights:  55%|█████▌    | 582/1058 [00:58<01:49,  4.35it/s]
Loading weights:  55%|█████▌    | 587/1058 [00:59<01:30,  5.19it/s]
Loading weights:  56%|█████▌    | 588/1058 [00:59<01:59,  3.95it/s]
Loading weights:  56%|█████▌    | 589/1058 [01:00<02:29,  3.14it/s]
Loading weights:  56%|█████▌    | 592/1058 [01:00<01:47,  4.34it/s]
Loading weights:  56%|█████▌    | 595/1058 [01:01<01:21,  5.66it/s]
Loading weights:  57%|█████▋    | 598/1058 [01:01<01:31,  5.01it/s]
Loading weights:  57%|█████▋    | 599/1058 [01:02<02:03,  3.72it/s]
Loading weights:  57%|█████▋    | 600/1058 [01:03<02:36,  2.94it/s]
Loading weights:  57%|█████▋    | 604/1058 [01:03<01:34,  4.83it/s]
Loading weights:  57%|█████▋    | 606/1058 [01:03<01:22,  5.47it/s]
Loading weights:  58%|█████▊    | 609/1058 [01:04<01:32,  4.85it/s]
Loading weights:  58%|█████▊    | 610/1058 [01:05<02:04,  3.60it/s]
Loading weights:  58%|█████▊    | 611/1058 [01:05<02:36,  2.85it/s]
Loading weights:  58%|█████▊    | 615/1058 [01:06<01:45,  4.20it/s]
Loading weights:  59%|█████▊    | 620/1058 [01:07<01:24,  5.17it/s]
Loading weights:  59%|█████▊    | 621/1058 [01:07<01:48,  4.04it/s]
Loading weights:  59%|█████▉    | 622/1058 [01:08<02:17,  3.18it/s]
Loading weights:  59%|█████▉    | 626/1058 [01:08<01:38,  4.40it/s]
Loading weights:  60%|█████▉    | 631/1058 [01:09<01:21,  5.21it/s]
Loading weights:  60%|█████▉    | 632/1058 [01:10<01:46,  3.99it/s]
Loading weights:  60%|█████▉    | 633/1058 [01:11<02:13,  3.19it/s]
Loading weights:  60%|██████    | 637/1058 [01:11<01:25,  4.92it/s]
Loading weights:  60%|██████    | 638/1058 [01:11<01:26,  4.86it/s]
Loading weights:  61%|██████    | 642/1058 [01:12<01:20,  5.17it/s]
Loading weights:  61%|██████    | 643/1058 [01:12<01:48,  3.81it/s]
Loading weights:  61%|██████    | 644/1058 [01:13<02:18,  2.98it/s]
Loading weights:  61%|██████    | 648/1058 [01:13<01:23,  4.91it/s]
Loading weights:  61%|██████▏   | 649/1058 [01:14<01:24,  4.86it/s]
Loading weights:  62%|██████▏   | 653/1058 [01:14<01:19,  5.10it/s]
Loading weights:  62%|██████▏   | 654/1058 [01:15<01:48,  3.71it/s]
Loading weights:  62%|██████▏   | 655/1058 [01:16<02:15,  2.97it/s]
Loading weights:  62%|██████▏   | 659/1058 [01:16<01:21,  4.90it/s]
Loading weights:  62%|██████▏   | 661/1058 [01:16<01:11,  5.56it/s]
Loading weights:  63%|██████▎   | 664/1058 [01:17<01:19,  4.97it/s]
Loading weights:  63%|██████▎   | 665/1058 [01:18<01:48,  3.63it/s]
Loading weights:  63%|██████▎   | 666/1058 [01:18<02:17,  2.85it/s]
Loading weights:  63%|██████▎   | 670/1058 [01:19<01:20,  4.79it/s]
Loading weights:  63%|██████▎   | 671/1058 [01:19<01:21,  4.73it/s]
Loading weights:  64%|██████▍   | 675/1058 [01:20<01:16,  5.02it/s]
Loading weights:  64%|██████▍   | 676/1058 [01:20<01:41,  3.78it/s]
Loading weights:  64%|██████▍   | 677/1058 [01:21<02:05,  3.03it/s]
Loading weights:  64%|██████▍   | 680/1058 [01:21<01:25,  4.42it/s]
Loading weights:  64%|██████▍   | 682/1058 [01:21<01:13,  5.14it/s]
Loading weights:  65%|██████▍   | 686/1058 [01:22<01:10,  5.28it/s]
Loading weights:  65%|██████▍   | 687/1058 [01:23<01:36,  3.83it/s]
Loading weights:  65%|██████▌   | 688/1058 [01:24<02:03,  3.00it/s]
Loading weights:  65%|██████▌   | 691/1058 [01:24<01:24,  4.35it/s]
Loading weights:  66%|██████▌   | 693/1058 [01:24<01:11,  5.07it/s]
Loading weights:  66%|██████▌   | 697/1058 [01:25<01:09,  5.21it/s]
Loading weights:  66%|██████▌   | 698/1058 [01:25<01:34,  3.83it/s]
Loading weights:  66%|██████▌   | 699/1058 [01:26<02:00,  2.98it/s]
Loading weights:  66%|██████▋   | 703/1058 [01:26<01:12,  4.91it/s]
Loading weights:  67%|██████▋   | 705/1058 [01:27<01:03,  5.54it/s]
Loading weights:  67%|██████▋   | 714/1058 [01:27<00:26, 13.20it/s]
Loading weights:  69%|██████▉   | 735/1058 [01:27<00:09, 35.50it/s]
Loading weights:  71%|███████   | 749/1058 [01:27<00:06, 49.54it/s]
Loading weights:  72%|███████▏  | 763/1058 [01:27<00:04, 63.37it/s]
Loading weights:  74%|███████▍  | 783/1058 [01:27<00:03, 86.11it/s]
Loading weights:  75%|███████▌  | 797/1058 [01:27<00:02, 96.72it/s]
Loading weights:  77%|███████▋  | 811/1058 [01:27<00:02, 104.99it/s]
Loading weights:  79%|███████▊  | 831/1058 [01:27<00:01, 124.64it/s]
Loading weights:  80%|███████▉  | 846/1058 [01:28<00:01, 130.73it/s]
Loading weights:  81%|████████▏ | 861/1058 [01:28<00:01, 132.08it/s]
Loading weights:  83%|████████▎ | 879/1058 [01:28<00:01, 134.77it/s]
Loading weights:  84%|████████▍ | 894/1058 [01:28<00:01, 131.82it/s]
Loading weights:  86%|████████▋ | 913/1058 [01:28<00:01, 142.52it/s]
Loading weights:  88%|████████▊ | 929/1058 [01:28<00:00, 134.27it/s]
Loading weights:  90%|████████▉ | 951/1058 [01:28<00:00, 151.75it/s]
Loading weights:  91%|█████████▏| 967/1058 [01:28<00:00, 139.53it/s]
Loading weights:  93%|█████████▎| 986/1058 [01:29<00:00, 148.55it/s]
Loading weights:  95%|█████████▍| 1002/1058 [01:29<00:00, 148.59it/s]
Loading weights:  96%|█████████▌| 1018/1058 [01:29<00:00, 147.61it/s]
Loading weights:  98%|█████████▊| 1033/1058 [01:29<00:00, 93.42it/s] 
Loading weights:  99%|█████████▉| 1045/1058 [01:29<00:00, 65.28it/s]
Loading weights: 100%|█████████▉| 1055/1058 [01:30<00:00, 50.56it/s]
Loading weights: 100%|██████████| 1058/1058 [01:30<00:00, 11.71it/s]
[load] text_encoder: 33.36B params -> bfloat16 33.36B/62.1GiB
[load] ['text_encoder', 'tokenizer', 'processor'] in 93.0s
[mem] loaded for text_encoder      host_used=   3.9 GiB  hbm=  62.1 GiB  hbm_peak=  62.1 GiB
[run ] text_encoder took 1.1s
[mem] ran text_encoder             host_used=   4.3 GiB  hbm=  62.1 GiB  hbm_peak=  62.2 GiB
[reuse] cached ['prompt_embeds', 'text_token_tags'] (0.3 MiB); text_encoder will not be loaded again
[free] ['text_encoder']

Loading checkpoint shards:   0%|          | 0/3 [00:00<?, ?it/s]
Loading checkpoint shards:  33%|███▎      | 1/3 [00:10<00:21, 10.98s/it]
Loading checkpoint shards:  67%|██████▋   | 2/3 [00:12<00:05,  5.47s/it]
Loading checkpoint shards: 100%|██████████| 3/3 [00:12<00:00,  3.04s/it]
Loading checkpoint shards: 100%|██████████| 3/3 [00:12<00:00,  4.25s/it]
/usr/local/lib/python3.12/site-packages/torch/nn/utils/weight_norm.py:144: FutureWarning: `torch.nn.utils.weight_norm` is deprecated in favor of `torch.nn.utils.parametrizations.weight_norm`.
  WeightNorm.apply(module, name, dim)
[load] vae: 2.60B params -> float32 2.60B/9.7GiB
[load] audio_vae: 0.15B params -> float32 0.15B/0.6GiB
[load] ['vae', 'audio_vae'] in 14.5s
[mem] loaded for vae_encoder       host_used=   4.3 GiB  hbm=  10.3 GiB  hbm_peak=  62.2 GiB
[run ] vae_encoder took 0.0s
[mem] ran vae_encoder              host_used=   4.3 GiB  hbm=  10.3 GiB  hbm_peak=  62.2 GiB
[free] ['vae', 'audio_vae']

Loading checkpoint shards:   0%|          | 0/14 [00:00<?, ?it/s]
Loading checkpoint shards:   7%|▋         | 1/14 [00:00<00:11,  1.09it/s]
Loading checkpoint shards:  14%|█▍        | 2/14 [00:01<00:11,  1.06it/s]
Loading checkpoint shards:  21%|██▏       | 3/14 [00:02<00:10,  1.05it/s]
Loading checkpoint shards:  29%|██▊       | 4/14 [00:03<00:09,  1.03it/s]
Loading checkpoint shards:  36%|███▌      | 5/14 [00:04<00:08,  1.01it/s]
Loading checkpoint shards:  43%|████▎     | 6/14 [00:17<00:39,  4.92s/it]
Loading checkpoint shards:  50%|█████     | 7/14 [00:18<00:25,  3.62s/it]
Loading checkpoint shards:  57%|█████▋    | 8/14 [00:19<00:16,  2.78s/it]
Loading checkpoint shards:  64%|██████▍   | 9/14 [00:20<00:10,  2.20s/it]
Loading checkpoint shards:  71%|███████▏  | 10/14 [00:21<00:07,  1.80s/it]
Loading checkpoint shards:  79%|███████▊  | 11/14 [00:21<00:04,  1.48s/it]
Loading checkpoint shards:  86%|████████▌ | 12/14 [00:34<00:09,  4.84s/it]
Loading checkpoint shards:  93%|█████████▎| 13/14 [00:35<00:03,  3.65s/it]
Loading checkpoint shards: 100%|██████████| 14/14 [00:37<00:00,  3.30s/it]
Loading checkpoint shards: 100%|██████████| 14/14 [00:37<00:00,  2.70s/it]
[load] transformer: 33.12B params -> bfloat16 33.11B/61.7GiB, float32 0.02B/0.1GiB
[load] ['transformer', 'scheduler', 'audio_scheduler'] in 38.0s
[mem] loaded for denoise           host_used=   4.3 GiB  hbm=  61.7 GiB  hbm_peak=  62.2 GiB
[fbc ] FBCache enabled: threshold=0.25

  0%|          | 0/49 [00:00<?, ?it/s]
  2%|▏         | 1/49 [00:15<12:41, 15.86s/it]
  4%|▍         | 2/49 [00:16<05:15,  6.72s/it]
  6%|▌         | 3/49 [00:16<02:54,  3.80s/it]
  8%|▊         | 4/49 [00:16<01:49,  2.43s/it]
 10%|█         | 5/49 [00:26<03:45,  5.13s/it]
 12%|█▏        | 6/49 [00:32<03:51,  5.38s/it]
 14%|█▍        | 7/49 [00:32<02:36,  3.73s/it]
 16%|█▋        | 8/49 [00:33<01:48,  2.64s/it]
 18%|█▊        | 9/49 [00:33<01:16,  1.92s/it]
 20%|██        | 10/49 [00:33<00:55,  1.43s/it]
 22%|██▏       | 11/49 [00:43<02:32,  4.03s/it]
 24%|██▍       | 12/49 [00:49<02:49,  4.58s/it]
 27%|██▋       | 13/49 [00:49<01:58,  3.29s/it]
 29%|██▊       | 14/49 [00:50<01:23,  2.39s/it]
 31%|███       | 15/49 [00:50<01:00,  1.77s/it]
 33%|███▎      | 16/49 [00:50<00:44,  1.34s/it]
 35%|███▍      | 17/49 [00:51<00:33,  1.03s/it]
 37%|███▋      | 18/49 [00:51<00:25,  1.22it/s]
 39%|███▉      | 19/49 [00:51<00:20,  1.49it/s]
 41%|████      | 20/49 [01:01<01:39,  3.45s/it]
 43%|████▎     | 21/49 [01:07<01:56,  4.16s/it]
 45%|████▍     | 22/49 [01:08<01:21,  3.01s/it]
 47%|████▋     | 23/49 [01:08<00:57,  2.21s/it]
 49%|████▉     | 24/49 [01:08<00:41,  1.64s/it]
 51%|█████     | 25/49 [01:09<00:29,  1.25s/it]
 53%|█████▎    | 26/49 [01:09<00:22,  1.03it/s]
 55%|█████▌    | 27/49 [01:09<00:17,  1.29it/s]
 57%|█████▋    | 28/49 [01:09<00:13,  1.56it/s]
 59%|█████▉    | 29/49 [01:10<00:10,  1.83it/s]
 61%|██████    | 30/49 [01:10<00:09,  2.09it/s]
 63%|██████▎   | 31/49 [01:20<00:59,  3.31s/it]
 65%|██████▌   | 32/49 [01:26<01:09,  4.07s/it]
 67%|██████▋   | 33/49 [01:26<00:47,  2.94s/it]
 69%|██████▉   | 34/49 [01:27<00:32,  2.16s/it]
 71%|███████▏  | 35/49 [01:27<00:22,  1.61s/it]
 73%|███████▎  | 36/49 [01:27<00:15,  1.22s/it]
 76%|███████▌  | 37/49 [01:27<00:11,  1.05it/s]
 78%|███████▊  | 38/49 [01:28<00:08,  1.31it/s]
 80%|███████▉  | 39/49 [01:38<00:35,  3.51s/it]
 82%|████████▏ | 40/49 [01:44<00:37,  4.21s/it]
 84%|████████▎ | 41/49 [01:44<00:24,  3.04s/it]
 86%|████████▌ | 42/49 [01:44<00:15,  2.23s/it]
 88%|████████▊ | 43/49 [01:45<00:09,  1.66s/it]
 90%|████████▉ | 44/49 [01:54<00:20,  4.13s/it]
 92%|█████████▏| 45/49 [02:00<00:18,  4.64s/it]
 94%|█████████▍| 46/49 [02:01<00:10,  3.35s/it]
 96%|█████████▌| 47/49 [02:01<00:04,  2.44s/it]
 98%|█████████▊| 48/49 [02:11<00:04,  4.68s/it]
100%|██████████| 49/49 [02:17<00:00,  5.02s/it]
100%|██████████| 49/49 [02:17<00:00,  2.80s/it]
[run ] denoise took 137.3s
[mem] ran denoise                  host_used=   4.4 GiB  hbm=  62.9 GiB  hbm_peak=  69.2 GiB
[free] ['transformer', 'scheduler', 'audio_scheduler']

Loading checkpoint shards:   0%|          | 0/3 [00:00<?, ?it/s]
Loading checkpoint shards:  33%|███▎      | 1/3 [00:02<00:04,  2.35s/it]
Loading checkpoint shards:  67%|██████▋   | 2/3 [00:03<00:01,  1.43s/it]
Loading checkpoint shards: 100%|██████████| 3/3 [00:03<00:00,  1.07s/it]
[load] vae: 2.60B params -> float32 2.60B/9.7GiB
[load] audio_vae: 0.15B params -> float32 0.15B/0.6GiB
[load] ['vae', 'audio_vae'] in 3.8s
[mem] loaded for decode            host_used=   4.4 GiB  hbm=  10.3 GiB  hbm_peak=  69.2 GiB
[run ] decode took 20.0s
[mem] ran decode                   host_used=   5.2 GiB  hbm=  10.6 GiB  hbm_peak=  69.2 GiB
[free] ['vae', 'audio_vae']
[done] iteration 0 wall time 309.3s
[out ] /mnt/workspace/outputs/sage_fbcache025_repeat2_reuse-20260920-211122/video-0.mp4 frames=124 audio=(165600, 2) sr=32000
[mem] final it=0                   host_used=   5.2 GiB  hbm=   0.1 GiB  hbm_peak=  69.2 GiB
[mem] loaded for before_encode     host_used=   5.2 GiB  hbm=   0.0 GiB  hbm_peak=  69.2 GiB
[run ] before_encode took 0.0s
[mem] ran before_encode            host_used=   5.2 GiB  hbm=   0.0 GiB  hbm_peak=  69.2 GiB
[reuse] text_encoder skipped, replayed ['prompt_embeds', 'text_token_tags']

Loading checkpoint shards:   0%|          | 0/3 [00:00<?, ?it/s]
Loading checkpoint shards:  33%|███▎      | 1/3 [00:00<00:01,  1.27it/s]
Loading checkpoint shards:  67%|██████▋   | 2/3 [00:01<00:00,  1.30it/s]
Loading checkpoint shards: 100%|██████████| 3/3 [00:01<00:00,  1.86it/s]
/usr/local/lib/python3.12/site-packages/torch/nn/utils/weight_norm.py:144: FutureWarning: `torch.nn.utils.weight_norm` is deprecated in favor of `torch.nn.utils.parametrizations.weight_norm`.
  WeightNorm.apply(module, name, dim)
[load] vae: 2.60B params -> float32 2.60B/9.7GiB
[load] audio_vae: 0.15B params -> float32 0.15B/0.6GiB
[load] ['vae', 'audio_vae'] in 2.2s
[mem] loaded for vae_encoder       host_used=   5.2 GiB  hbm=  10.3 GiB  hbm_peak=  69.2 GiB
[run ] vae_encoder took 0.0s
[mem] ran vae_encoder              host_used=   5.2 GiB  hbm=  10.3 GiB  hbm_peak=  69.2 GiB
[free] ['vae', 'audio_vae']

Loading checkpoint shards:   0%|          | 0/14 [00:00<?, ?it/s]
Loading checkpoint shards:   7%|▋         | 1/14 [00:00<00:10,  1.23it/s]
Loading checkpoint shards:  14%|█▍        | 2/14 [00:01<00:08,  1.39it/s]
Loading checkpoint shards:  21%|██▏       | 3/14 [00:02<00:07,  1.42it/s]
Loading checkpoint shards:  29%|██▊       | 4/14 [00:02<00:06,  1.44it/s]
Loading checkpoint shards:  36%|███▌      | 5/14 [00:03<00:06,  1.45it/s]
Loading checkpoint shards:  43%|████▎     | 6/14 [00:04<00:06,  1.32it/s]
Loading checkpoint shards:  50%|█████     | 7/14 [00:05<00:05,  1.36it/s]
Loading checkpoint shards:  57%|█████▋    | 8/14 [00:05<00:04,  1.39it/s]
Loading checkpoint shards:  64%|██████▍   | 9/14 [00:06<00:03,  1.38it/s]
Loading checkpoint shards:  71%|███████▏  | 10/14 [00:07<00:02,  1.37it/s]
Loading checkpoint shards:  79%|███████▊  | 11/14 [00:07<00:02,  1.40it/s]
Loading checkpoint shards:  86%|████████▌ | 12/14 [00:08<00:01,  1.30it/s]
Loading checkpoint shards:  93%|█████████▎| 13/14 [00:09<00:00,  1.33it/s]
Loading checkpoint shards: 100%|██████████| 14/14 [00:10<00:00,  1.34it/s]
Loading checkpoint shards: 100%|██████████| 14/14 [00:10<00:00,  1.36it/s]
[load] transformer: 33.12B params -> bfloat16 33.11B/61.7GiB, float32 0.02B/0.1GiB
[load] ['transformer', 'scheduler', 'audio_scheduler'] in 10.4s
[mem] loaded for denoise           host_used=   5.3 GiB  hbm=  61.7 GiB  hbm_peak=  69.2 GiB
[fbc ] FBCache enabled: threshold=0.25

  0%|          | 0/49 [00:00<?, ?it/s]
  2%|▏         | 1/49 [00:15<12:20, 15.43s/it]
  4%|▍         | 2/49 [00:15<05:07,  6.54s/it]
  6%|▌         | 3/49 [00:16<02:50,  3.70s/it]
  8%|▊         | 4/49 [00:16<01:46,  2.37s/it]
 10%|█         | 5/49 [00:26<03:43,  5.09s/it]
 12%|█▏        | 6/49 [00:32<03:49,  5.34s/it]
 14%|█▍        | 7/49 [00:32<02:35,  3.70s/it]
 16%|█▋        | 8/49 [00:32<01:47,  2.63s/it]
 18%|█▊        | 9/49 [00:33<01:16,  1.91s/it]
 20%|██        | 10/49 [00:33<00:55,  1.42s/it]
 22%|██▏       | 11/49 [00:43<02:32,  4.02s/it]
 24%|██▍       | 12/49 [00:49<02:49,  4.57s/it]
 27%|██▋       | 13/49 [00:49<01:58,  3.29s/it]
 29%|██▊       | 14/49 [00:49<01:23,  2.39s/it]
 31%|███       | 15/49 [00:50<01:00,  1.77s/it]
 33%|███▎      | 16/49 [00:50<00:44,  1.33s/it]
 35%|███▍      | 17/49 [00:50<00:32,  1.03s/it]
 37%|███▋      | 18/49 [00:51<00:25,  1.22it/s]
 39%|███▉      | 19/49 [00:51<00:20,  1.49it/s]
 41%|████      | 20/49 [01:01<01:39,  3.44s/it]
 43%|████▎     | 21/49 [01:07<01:56,  4.16s/it]
 45%|████▍     | 22/49 [01:07<01:21,  3.01s/it]
 47%|████▋     | 23/49 [01:07<00:57,  2.20s/it]
 49%|████▉     | 24/49 [01:08<00:41,  1.64s/it]
 51%|█████     | 25/49 [01:08<00:29,  1.25s/it]
 53%|█████▎    | 26/49 [01:08<00:22,  1.03it/s]
 55%|█████▌    | 27/49 [01:09<00:17,  1.29it/s]
 57%|█████▋    | 28/49 [01:09<00:13,  1.56it/s]
 59%|█████▉    | 29/49 [01:09<00:10,  1.83it/s]
 61%|██████    | 30/49 [01:10<00:09,  2.08it/s]
 63%|██████▎   | 31/49 [01:20<00:59,  3.31s/it]
 65%|██████▌   | 32/49 [01:25<01:09,  4.07s/it]
 67%|██████▋   | 33/49 [01:26<00:47,  2.94s/it]
 69%|██████▉   | 34/49 [01:26<00:32,  2.16s/it]
 71%|███████▏  | 35/49 [01:26<00:22,  1.61s/it]
 73%|███████▎  | 36/49 [01:27<00:15,  1.22s/it]
 76%|███████▌  | 37/49 [01:27<00:11,  1.05it/s]
 78%|███████▊  | 38/49 [01:27<00:08,  1.31it/s]
 80%|███████▉  | 39/49 [01:37<00:35,  3.51s/it]
 82%|████████▏ | 40/49 [01:43<00:37,  4.20s/it]
 84%|████████▎ | 41/49 [01:43<00:24,  3.04s/it]
 86%|████████▌ | 42/49 [01:44<00:15,  2.23s/it]
 88%|████████▊ | 43/49 [01:44<00:09,  1.65s/it]
 90%|████████▉ | 44/49 [01:54<00:20,  4.13s/it]
 92%|█████████▏| 45/49 [02:00<00:18,  4.64s/it]
 94%|█████████▍| 46/49 [02:00<00:10,  3.35s/it]
 96%|█████████▌| 47/49 [02:00<00:04,  2.44s/it]
 98%|█████████▊| 48/49 [02:10<00:04,  4.68s/it]
100%|██████████| 49/49 [02:16<00:00,  5.02s/it]
100%|██████████| 49/49 [02:16<00:00,  2.79s/it]
[run ] denoise took 136.7s
[mem] ran denoise                  host_used=   5.3 GiB  hbm=  62.9 GiB  hbm_peak=  69.2 GiB
[free] ['transformer', 'scheduler', 'audio_scheduler']

Loading checkpoint shards:   0%|          | 0/3 [00:00<?, ?it/s]
Loading checkpoint shards:  33%|███▎      | 1/3 [00:02<00:04,  2.20s/it]
Loading checkpoint shards:  67%|██████▋   | 2/3 [00:02<00:01,  1.35s/it]
Loading checkpoint shards: 100%|██████████| 3/3 [00:03<00:00,  1.01s/it]
[load] vae: 2.60B params -> float32 2.60B/9.7GiB
[load] audio_vae: 0.15B params -> float32 0.15B/0.6GiB
[load] ['vae', 'audio_vae'] in 3.6s
[mem] loaded for decode            host_used=   5.2 GiB  hbm=  10.3 GiB  hbm_peak=  69.2 GiB
[run ] decode took 17.9s
[mem] ran decode                   host_used=   5.3 GiB  hbm=  10.6 GiB  hbm_peak=  69.2 GiB
[free] ['vae', 'audio_vae']
[done] iteration 1 wall time 172.0s
[out ] /mnt/workspace/outputs/sage_fbcache025_repeat2_reuse-20260920-211122/video-1.mp4 frames=124 audio=(165600, 2) sr=32000
[mem] final it=1                   host_used=   5.3 GiB  hbm=   0.1 GiB  hbm_peak=  69.2 GiB
