[mon ] telemetry -> /mnt/workspace/runs/steps2_repeat2_reuse-20260928-150823
[init] loading pipeline config from /mnt/workspace/MiniMax-H3
[mem] after config load            host_used=   3.6 GiB  hbm=   0.0 GiB  hbm_peak=   0.0 GiB
[mem] loaded for before_encode     host_used=   3.6 GiB  hbm=   0.0 GiB  hbm_peak=   0.0 GiB
[run ] before_encode took 0.0s
[mem] ran before_encode            host_used=   3.6 GiB  hbm=   0.0 GiB  hbm_peak=   0.0 GiB

Loading weights:   0%|          | 0/1058 [00:00<?, ?it/s]
Loading weights:   0%|          | 1/1058 [00:08<2:21:51,  8.05s/it]
Loading weights:   0%|          | 5/1058 [00:08<23:43,  1.35s/it]  
Loading weights:   1%|          | 6/1058 [00:09<21:07,  1.21s/it]
Loading weights:   1%|          | 10/1058 [00:09<10:13,  1.71it/s]
Loading weights:   1%|▏         | 15/1058 [00:10<06:20,  2.74it/s]
Loading weights:   2%|▏         | 16/1058 [00:11<07:06,  2.44it/s]
Loading weights:   2%|▏         | 17/1058 [00:12<07:54,  2.19it/s]
Loading weights:   2%|▏         | 21/1058 [00:12<04:43,  3.66it/s]
Loading weights:   2%|▏         | 23/1058 [00:12<04:01,  4.28it/s]
Loading weights:   2%|▏         | 26/1058 [00:13<04:05,  4.20it/s]
Loading weights:   3%|▎         | 27/1058 [00:14<05:15,  3.27it/s]
Loading weights:   3%|▎         | 28/1058 [00:14<06:25,  2.67it/s]
Loading weights:   3%|▎         | 32/1058 [00:15<03:48,  4.50it/s]
Loading weights:   3%|▎         | 34/1058 [00:15<03:18,  5.15it/s]
Loading weights:   3%|▎         | 37/1058 [00:16<03:38,  4.68it/s]
Loading weights:   4%|▎         | 38/1058 [00:16<04:51,  3.49it/s]
Loading weights:   4%|▎         | 39/1058 [00:17<06:06,  2.78it/s]
Loading weights:   4%|▍         | 43/1058 [00:17<03:36,  4.69it/s]
Loading weights:   4%|▍         | 45/1058 [00:17<03:09,  5.34it/s]
Loading weights:   5%|▍         | 48/1058 [00:18<03:31,  4.79it/s]
Loading weights:   5%|▍         | 49/1058 [00:19<04:44,  3.54it/s]
Loading weights:   5%|▍         | 50/1058 [00:20<06:00,  2.79it/s]
Loading weights:   5%|▌         | 54/1058 [00:20<03:32,  4.72it/s]
Loading weights:   5%|▌         | 56/1058 [00:20<03:07,  5.36it/s]
Loading weights:   5%|▌         | 58/1058 [00:21<03:56,  4.23it/s]
Loading weights:   6%|▌         | 60/1058 [00:22<04:29,  3.70it/s]
Loading weights:   6%|▌         | 61/1058 [00:22<05:43,  2.90it/s]
Loading weights:   6%|▌         | 65/1058 [00:23<03:26,  4.81it/s]
Loading weights:   6%|▋         | 67/1058 [00:23<03:01,  5.46it/s]
Loading weights:   7%|▋         | 70/1058 [00:23<03:23,  4.85it/s]
Loading weights:   7%|▋         | 71/1058 [00:24<04:36,  3.57it/s]
Loading weights:   7%|▋         | 72/1058 [00:25<05:50,  2.81it/s]
Loading weights:   7%|▋         | 76/1058 [00:25<03:54,  4.19it/s]
Loading weights:   8%|▊         | 81/1058 [00:26<03:12,  5.09it/s]
Loading weights:   8%|▊         | 82/1058 [00:27<04:11,  3.87it/s]
Loading weights:   8%|▊         | 83/1058 [00:28<05:15,  3.09it/s]
Loading weights:   8%|▊         | 86/1058 [00:28<03:46,  4.29it/s]
Loading weights:   8%|▊         | 89/1058 [00:28<02:52,  5.63it/s]
Loading weights:   9%|▊         | 92/1058 [00:29<03:14,  4.98it/s]
Loading weights:   9%|▉         | 93/1058 [00:30<04:21,  3.69it/s]
Loading weights:   9%|▉         | 94/1058 [00:30<05:32,  2.90it/s]
Loading weights:   9%|▉         | 98/1058 [00:31<03:20,  4.79it/s]
Loading weights:   9%|▉         | 100/1058 [00:31<02:56,  5.42it/s]
Loading weights:  10%|▉         | 103/1058 [00:31<03:17,  4.83it/s]
Loading weights:  10%|▉         | 104/1058 [00:32<04:27,  3.56it/s]
Loading weights:  10%|▉         | 105/1058 [00:33<05:38,  2.82it/s]
Loading weights:  10%|█         | 109/1058 [00:33<03:20,  4.74it/s]
Loading weights:  10%|█         | 111/1058 [00:33<02:55,  5.38it/s]
Loading weights:  11%|█         | 114/1058 [00:34<03:16,  4.81it/s]
Loading weights:  11%|█         | 115/1058 [00:35<04:25,  3.55it/s]
Loading weights:  11%|█         | 116/1058 [00:36<05:36,  2.80it/s]
Loading weights:  11%|█▏        | 120/1058 [00:36<03:18,  4.74it/s]
Loading weights:  12%|█▏        | 122/1058 [00:36<02:54,  5.37it/s]
Loading weights:  12%|█▏        | 125/1058 [00:37<03:13,  4.81it/s]
Loading weights:  12%|█▏        | 126/1058 [00:37<04:22,  3.55it/s]
Loading weights:  12%|█▏        | 127/1058 [00:38<05:32,  2.80it/s]
Loading weights:  12%|█▏        | 131/1058 [00:38<03:16,  4.72it/s]
Loading weights:  13%|█▎        | 133/1058 [00:39<02:52,  5.37it/s]
Loading weights:  13%|█▎        | 136/1058 [00:39<03:11,  4.81it/s]
Loading weights:  13%|█▎        | 137/1058 [00:40<04:19,  3.55it/s]
Loading weights:  13%|█▎        | 138/1058 [00:41<05:28,  2.80it/s]
Loading weights:  13%|█▎        | 142/1058 [00:41<03:39,  4.17it/s]
Loading weights:  14%|█▍        | 147/1058 [00:42<02:59,  5.08it/s]
Loading weights:  14%|█▍        | 148/1058 [00:43<03:55,  3.87it/s]
Loading weights:  14%|█▍        | 149/1058 [00:44<04:54,  3.08it/s]
Loading weights:  14%|█▍        | 153/1058 [00:44<03:06,  4.84it/s]
Loading weights:  15%|█▍        | 155/1058 [00:44<02:46,  5.43it/s]
Loading weights:  15%|█▍        | 158/1058 [00:45<03:05,  4.86it/s]
Loading weights:  15%|█▌        | 159/1058 [00:45<04:09,  3.60it/s]
Loading weights:  15%|█▌        | 160/1058 [00:46<05:14,  2.85it/s]
Loading weights:  16%|█▌        | 164/1058 [00:46<03:08,  4.75it/s]
Loading weights:  16%|█▌        | 165/1058 [00:47<03:09,  4.70it/s]
Loading weights:  16%|█▌        | 169/1058 [00:48<04:11,  3.54it/s]
Loading weights:  16%|█▌        | 171/1058 [00:49<04:27,  3.32it/s]
Loading weights:  17%|█▋        | 175/1058 [00:49<02:59,  4.92it/s]
Loading weights:  17%|█▋        | 177/1058 [00:49<02:41,  5.46it/s]
Loading weights:  17%|█▋        | 179/1058 [00:50<03:21,  4.37it/s]
Loading weights:  17%|█▋        | 181/1058 [00:51<03:50,  3.81it/s]
Loading weights:  17%|█▋        | 182/1058 [00:52<04:52,  3.00it/s]
Loading weights:  18%|█▊        | 186/1058 [00:52<03:23,  4.29it/s]
Loading weights:  18%|█▊        | 191/1058 [00:53<03:45,  3.85it/s]
Loading weights:  18%|█▊        | 193/1058 [00:54<04:02,  3.57it/s]
Loading weights:  19%|█▊        | 197/1058 [00:55<03:10,  4.52it/s]
Loading weights:  19%|█▉        | 202/1058 [00:55<02:44,  5.20it/s]
Loading weights:  19%|█▉        | 203/1058 [00:56<03:30,  4.07it/s]
Loading weights:  19%|█▉        | 204/1058 [00:57<04:21,  3.27it/s]
Loading weights:  20%|█▉        | 208/1058 [00:57<02:52,  4.92it/s]
Loading weights:  20%|█▉        | 210/1058 [00:57<02:35,  5.47it/s]
Loading weights:  20%|██        | 213/1058 [00:58<02:52,  4.89it/s]
Loading weights:  20%|██        | 214/1058 [00:59<03:50,  3.65it/s]
Loading weights:  20%|██        | 215/1058 [00:59<04:51,  2.89it/s]
Loading weights:  21%|██        | 218/1058 [01:00<03:20,  4.19it/s]
Loading weights:  21%|██        | 220/1058 [01:00<02:50,  4.91it/s]
Loading weights:  21%|██        | 224/1058 [01:01<03:49,  3.63it/s]
Loading weights:  21%|██▏       | 226/1058 [01:02<04:05,  3.39it/s]
Loading weights:  22%|██▏       | 230/1058 [01:02<02:46,  4.98it/s]
Loading weights:  22%|██▏       | 232/1058 [01:03<02:29,  5.51it/s]
Loading weights:  22%|██▏       | 235/1058 [01:03<02:46,  4.93it/s]
Loading weights:  22%|██▏       | 236/1058 [01:04<03:42,  3.69it/s]
Loading weights:  22%|██▏       | 237/1058 [01:05<04:41,  2.91it/s]
Loading weights:  23%|██▎       | 241/1058 [01:05<02:51,  4.78it/s]
Loading weights:  23%|██▎       | 243/1058 [01:05<02:30,  5.40it/s]
Loading weights:  23%|██▎       | 246/1058 [01:06<02:48,  4.83it/s]
Loading weights:  23%|██▎       | 247/1058 [01:07<03:47,  3.57it/s]
Loading weights:  23%|██▎       | 248/1058 [01:07<04:47,  2.82it/s]
Loading weights:  24%|██▍       | 252/1058 [01:08<02:50,  4.74it/s]
Loading weights:  24%|██▍       | 254/1058 [01:08<02:29,  5.37it/s]
Loading weights:  24%|██▍       | 257/1058 [01:09<02:46,  4.81it/s]
Loading weights:  24%|██▍       | 258/1058 [01:09<03:45,  3.55it/s]
Loading weights:  24%|██▍       | 259/1058 [01:10<04:45,  2.80it/s]
Loading weights:  25%|██▍       | 263/1058 [01:10<02:47,  4.74it/s]
Loading weights:  25%|██▍       | 264/1058 [01:11<02:49,  4.68it/s]
Loading weights:  25%|██▌       | 268/1058 [01:11<02:38,  4.98it/s]
Loading weights:  25%|██▌       | 269/1058 [01:12<03:36,  3.65it/s]
Loading weights:  26%|██▌       | 270/1058 [01:13<04:33,  2.88it/s]
Loading weights:  26%|██▌       | 274/1058 [01:13<02:43,  4.79it/s]
Loading weights:  26%|██▌       | 275/1058 [01:13<02:46,  4.71it/s]
Loading weights:  26%|██▋       | 279/1058 [01:14<02:35,  5.01it/s]
Loading weights:  26%|██▋       | 280/1058 [01:15<03:31,  3.67it/s]
Loading weights:  27%|██▋       | 281/1058 [01:15<04:29,  2.89it/s]
Loading weights:  27%|██▋       | 285/1058 [01:16<02:41,  4.80it/s]
Loading weights:  27%|██▋       | 287/1058 [01:16<02:21,  5.44it/s]
Loading weights:  27%|██▋       | 290/1058 [01:17<02:38,  4.84it/s]
Loading weights:  28%|██▊       | 291/1058 [01:17<03:35,  3.56it/s]
Loading weights:  28%|██▊       | 292/1058 [01:18<04:32,  2.81it/s]
Loading weights:  28%|██▊       | 296/1058 [01:18<02:40,  4.75it/s]
Loading weights:  28%|██▊       | 297/1058 [01:19<02:42,  4.68it/s]
Loading weights:  28%|██▊       | 301/1058 [01:20<03:34,  3.53it/s]
Loading weights:  29%|██▊       | 303/1058 [01:21<03:47,  3.32it/s]
Loading weights:  29%|██▉       | 307/1058 [01:21<02:32,  4.93it/s]
Loading weights:  29%|██▉       | 308/1058 [01:21<02:34,  4.85it/s]
Loading weights:  29%|██▉       | 312/1058 [01:22<02:27,  5.05it/s]
Loading weights:  30%|██▉       | 313/1058 [01:23<03:17,  3.77it/s]
Loading weights:  30%|██▉       | 314/1058 [01:23<04:10,  2.97it/s]
Loading weights:  30%|███       | 318/1058 [01:24<02:33,  4.82it/s]
Loading weights:  30%|███       | 320/1058 [01:24<02:15,  5.44it/s]
Loading weights:  30%|███       | 322/1058 [01:25<02:51,  4.28it/s]
Loading weights:  31%|███       | 324/1058 [01:25<03:16,  3.74it/s]
Loading weights:  31%|███       | 325/1058 [01:26<04:09,  2.93it/s]
Loading weights:  31%|███       | 329/1058 [01:27<02:50,  4.27it/s]
Loading weights:  32%|███▏      | 334/1058 [01:27<02:20,  5.14it/s]
Loading weights:  32%|███▏      | 335/1058 [01:28<03:04,  3.91it/s]
Loading weights:  32%|███▏      | 336/1058 [01:29<03:51,  3.11it/s]
Loading weights:  32%|███▏      | 340/1058 [01:29<02:27,  4.86it/s]
Loading weights:  32%|███▏      | 341/1058 [01:29<02:30,  4.78it/s]
Loading weights:  33%|███▎      | 345/1058 [01:31<03:17,  3.60it/s]
Loading weights:  33%|███▎      | 347/1058 [01:31<03:30,  3.37it/s]
Loading weights:  33%|███▎      | 351/1058 [01:32<02:22,  4.95it/s]
Loading weights:  33%|███▎      | 352/1058 [01:32<02:25,  4.87it/s]
Loading weights:  34%|███▎      | 356/1058 [01:33<02:18,  5.07it/s]
Loading weights:  34%|███▎      | 357/1058 [01:33<03:05,  3.78it/s]
Loading weights:  34%|███▍      | 358/1058 [01:34<03:54,  2.98it/s]
Loading weights:  34%|███▍      | 362/1058 [01:34<02:24,  4.82it/s]
Loading weights:  34%|███▍      | 363/1058 [01:35<02:25,  4.77it/s]
Loading weights:  35%|███▍      | 367/1058 [01:35<02:17,  5.02it/s]
Loading weights:  35%|███▍      | 368/1058 [01:36<03:06,  3.70it/s]
Loading weights:  35%|███▍      | 369/1058 [01:37<03:57,  2.90it/s]
Loading weights:  35%|███▌      | 373/1058 [01:37<02:41,  4.24it/s]
Loading weights:  36%|███▌      | 378/1058 [01:38<02:12,  5.12it/s]
Loading weights:  36%|███▌      | 379/1058 [01:39<02:53,  3.91it/s]
Loading weights:  36%|███▌      | 380/1058 [01:39<03:38,  3.10it/s]
Loading weights:  36%|███▋      | 384/1058 [01:40<02:18,  4.86it/s]
Loading weights:  36%|███▋      | 386/1058 [01:40<02:03,  5.45it/s]
Loading weights:  37%|███▋      | 388/1058 [01:41<02:35,  4.31it/s]
Loading weights:  37%|███▋      | 390/1058 [01:41<02:57,  3.77it/s]
Loading weights:  37%|███▋      | 391/1058 [01:42<03:45,  2.96it/s]
Loading weights:  37%|███▋      | 395/1058 [01:42<02:35,  4.27it/s]
Loading weights:  38%|███▊      | 400/1058 [01:44<02:51,  3.84it/s]
Loading weights:  38%|███▊      | 402/1058 [01:45<03:04,  3.56it/s]
Loading weights:  38%|███▊      | 406/1058 [01:45<02:10,  5.00it/s]
Loading weights:  39%|███▊      | 408/1058 [01:45<01:58,  5.50it/s]
Loading weights:  39%|███▉      | 411/1058 [01:46<02:10,  4.95it/s]
Loading weights:  39%|███▉      | 412/1058 [01:47<02:53,  3.72it/s]
Loading weights:  39%|███▉      | 413/1058 [01:47<03:37,  2.96it/s]
Loading weights:  39%|███▉      | 417/1058 [01:48<02:13,  4.79it/s]
Loading weights:  40%|███▉      | 418/1058 [01:48<02:15,  4.72it/s]
Loading weights:  40%|███▉      | 422/1058 [01:49<02:07,  5.00it/s]
Loading weights:  40%|███▉      | 423/1058 [01:49<02:52,  3.68it/s]
Loading weights:  40%|████      | 424/1058 [01:50<03:38,  2.90it/s]
Loading weights:  40%|████      | 428/1058 [01:50<02:11,  4.80it/s]
Loading weights:  41%|████      | 429/1058 [01:50<02:12,  4.73it/s]
Loading weights:  41%|████      | 433/1058 [01:52<02:55,  3.56it/s]
Loading weights:  41%|████      | 435/1058 [01:53<03:07,  3.33it/s]
Loading weights:  41%|████▏     | 439/1058 [01:53<02:05,  4.93it/s]
Loading weights:  42%|████▏     | 440/1058 [01:53<02:07,  4.86it/s]
Loading weights:  42%|████▏     | 444/1058 [01:54<02:01,  5.07it/s]
Loading weights:  42%|████▏     | 445/1058 [01:55<02:42,  3.77it/s]
Loading weights:  42%|████▏     | 446/1058 [01:55<03:26,  2.97it/s]
Loading weights:  43%|████▎     | 450/1058 [01:56<02:05,  4.83it/s]
Loading weights:  43%|████▎     | 452/1058 [01:56<01:51,  5.45it/s]
Loading weights:  43%|████▎     | 455/1058 [01:57<02:04,  4.85it/s]
Loading weights:  43%|████▎     | 456/1058 [01:57<02:47,  3.58it/s]
Loading weights:  43%|████▎     | 457/1058 [01:58<03:32,  2.83it/s]
Loading weights:  44%|████▎     | 461/1058 [01:58<02:05,  4.75it/s]
Loading weights:  44%|████▍     | 463/1058 [01:58<01:50,  5.38it/s]
Loading weights:  44%|████▍     | 466/1058 [01:59<02:03,  4.81it/s]
Loading weights:  44%|████▍     | 467/1058 [02:00<02:46,  3.55it/s]
Loading weights:  44%|████▍     | 468/1058 [02:01<03:30,  2.80it/s]
Loading weights:  45%|████▍     | 472/1058 [02:01<02:20,  4.18it/s]
Loading weights:  45%|████▌     | 477/1058 [02:02<01:54,  5.08it/s]
Loading weights:  45%|████▌     | 478/1058 [02:03<02:29,  3.87it/s]
Loading weights:  45%|████▌     | 479/1058 [02:03<03:07,  3.08it/s]
Loading weights:  46%|████▌     | 483/1058 [02:04<01:58,  4.85it/s]
Loading weights:  46%|████▌     | 485/1058 [02:04<01:45,  5.44it/s]
Loading weights:  46%|████▌     | 488/1058 [02:04<01:57,  4.86it/s]
Loading weights:  46%|████▌     | 489/1058 [02:05<02:37,  3.60it/s]
Loading weights:  46%|████▋     | 490/1058 [02:06<03:18,  2.85it/s]
Loading weights:  47%|████▋     | 493/1058 [02:06<02:15,  4.16it/s]
Loading weights:  47%|████▋     | 496/1058 [02:06<01:40,  5.59it/s]
Loading weights:  47%|████▋     | 499/1058 [02:07<01:53,  4.94it/s]
Loading weights:  47%|████▋     | 500/1058 [02:08<02:33,  3.63it/s]
Loading weights:  47%|████▋     | 501/1058 [02:09<03:14,  2.86it/s]
Loading weights:  48%|████▊     | 505/1058 [02:09<01:55,  4.78it/s]
Loading weights:  48%|████▊     | 507/1058 [02:09<01:41,  5.40it/s]
Loading weights:  48%|████▊     | 509/1058 [02:10<02:09,  4.25it/s]
Loading weights:  48%|████▊     | 511/1058 [02:11<02:27,  3.71it/s]
Loading weights:  48%|████▊     | 512/1058 [02:11<03:07,  2.91it/s]
Loading weights:  49%|████▉     | 516/1058 [02:11<01:52,  4.82it/s]
Loading weights:  49%|████▉     | 517/1058 [02:12<01:53,  4.76it/s]
Loading weights:  49%|████▉     | 521/1058 [02:12<01:46,  5.03it/s]
Loading weights:  49%|████▉     | 522/1058 [02:13<02:25,  3.69it/s]
Loading weights:  49%|████▉     | 523/1058 [02:14<03:05,  2.89it/s]
Loading weights:  50%|████▉     | 527/1058 [02:14<01:50,  4.80it/s]
Loading weights:  50%|█████     | 529/1058 [02:14<01:37,  5.44it/s]
Loading weights:  50%|█████     | 531/1058 [02:15<02:03,  4.27it/s]
Loading weights:  50%|█████     | 533/1058 [02:16<02:20,  3.72it/s]
Loading weights:  50%|█████     | 534/1058 [02:17<02:59,  2.91it/s]
Loading weights:  51%|█████     | 538/1058 [02:17<02:02,  4.26it/s]
Loading weights:  51%|█████▏    | 543/1058 [02:18<01:40,  5.14it/s]
Loading weights:  51%|█████▏    | 544/1058 [02:18<02:11,  3.92it/s]
Loading weights:  52%|█████▏    | 545/1058 [02:19<02:44,  3.11it/s]
Loading weights:  52%|█████▏    | 549/1058 [02:19<01:44,  4.86it/s]
Loading weights:  52%|█████▏    | 551/1058 [02:20<01:32,  5.45it/s]
Loading weights:  52%|█████▏    | 554/1058 [02:20<01:43,  4.86it/s]
Loading weights:  52%|█████▏    | 555/1058 [02:21<02:19,  3.62it/s]
Loading weights:  53%|█████▎    | 556/1058 [02:22<02:56,  2.85it/s]
Loading weights:  53%|█████▎    | 560/1058 [02:22<01:44,  4.75it/s]
Loading weights:  53%|█████▎    | 561/1058 [02:22<01:45,  4.69it/s]
Loading weights:  53%|█████▎    | 565/1058 [02:23<01:38,  4.99it/s]
Loading weights:  53%|█████▎    | 566/1058 [02:24<02:14,  3.66it/s]
Loading weights:  54%|█████▎    | 567/1058 [02:25<02:50,  2.88it/s]
Loading weights:  54%|█████▍    | 571/1058 [02:25<01:41,  4.79it/s]
Loading weights:  54%|█████▍    | 573/1058 [02:25<01:29,  5.43it/s]
Loading weights:  54%|█████▍    | 576/1058 [02:26<01:39,  4.83it/s]
Loading weights:  55%|█████▍    | 577/1058 [02:26<02:15,  3.56it/s]
Loading weights:  55%|█████▍    | 578/1058 [02:27<02:50,  2.82it/s]
Loading weights:  55%|█████▌    | 582/1058 [02:27<01:40,  4.74it/s]
Loading weights:  55%|█████▌    | 583/1058 [02:28<01:41,  4.68it/s]
Loading weights:  55%|█████▌    | 587/1058 [02:28<01:34,  4.99it/s]
Loading weights:  56%|█████▌    | 588/1058 [02:29<02:08,  3.66it/s]
Loading weights:  56%|█████▌    | 589/1058 [02:30<02:43,  2.87it/s]
Loading weights:  56%|█████▌    | 593/1058 [02:30<01:37,  4.79it/s]
Loading weights:  56%|█████▌    | 595/1058 [02:30<01:25,  5.43it/s]
Loading weights:  57%|█████▋    | 598/1058 [02:31<01:35,  4.84it/s]
Loading weights:  57%|█████▋    | 599/1058 [02:32<02:08,  3.56it/s]
Loading weights:  57%|█████▋    | 600/1058 [02:32<02:42,  2.82it/s]
Loading weights:  57%|█████▋    | 604/1058 [02:33<01:35,  4.74it/s]
Loading weights:  57%|█████▋    | 606/1058 [02:33<01:23,  5.38it/s]
Loading weights:  58%|█████▊    | 609/1058 [02:34<01:33,  4.80it/s]
Loading weights:  58%|█████▊    | 610/1058 [02:34<02:06,  3.55it/s]
Loading weights:  58%|█████▊    | 611/1058 [02:35<02:39,  2.81it/s]
Loading weights:  58%|█████▊    | 615/1058 [02:35<01:33,  4.73it/s]
Loading weights:  58%|█████▊    | 617/1058 [02:36<01:22,  5.37it/s]
Loading weights:  59%|█████▊    | 619/1058 [02:36<01:43,  4.23it/s]
Loading weights:  59%|█████▊    | 621/1058 [02:37<01:58,  3.70it/s]
Loading weights:  59%|█████▉    | 622/1058 [02:38<02:30,  2.90it/s]
Loading weights:  59%|█████▉    | 626/1058 [02:38<01:29,  4.82it/s]
Loading weights:  59%|█████▉    | 628/1058 [02:38<01:18,  5.46it/s]
Loading weights:  60%|█████▉    | 631/1058 [02:39<01:28,  4.84it/s]
Loading weights:  60%|█████▉    | 632/1058 [02:40<01:59,  3.57it/s]
Loading weights:  60%|█████▉    | 633/1058 [02:40<02:30,  2.81it/s]
Loading weights:  60%|██████    | 637/1058 [02:41<01:28,  4.74it/s]
Loading weights:  60%|██████    | 639/1058 [02:41<01:17,  5.39it/s]
Loading weights:  61%|██████    | 642/1058 [02:42<01:26,  4.81it/s]
Loading weights:  61%|██████    | 643/1058 [02:42<01:56,  3.55it/s]
Loading weights:  61%|██████    | 644/1058 [02:43<02:27,  2.80it/s]
Loading weights:  61%|██████    | 648/1058 [02:44<01:38,  4.17it/s]
Loading weights:  62%|██████▏   | 653/1058 [02:45<01:46,  3.79it/s]
Loading weights:  62%|██████▏   | 655/1058 [02:46<01:54,  3.52it/s]
Loading weights:  62%|██████▏   | 659/1058 [02:46<01:20,  4.98it/s]
Loading weights:  62%|██████▏   | 660/1058 [02:46<01:21,  4.90it/s]
Loading weights:  63%|██████▎   | 664/1058 [02:47<01:17,  5.08it/s]
Loading weights:  63%|██████▎   | 665/1058 [02:48<01:42,  3.82it/s]
Loading weights:  63%|██████▎   | 666/1058 [02:48<02:09,  3.02it/s]
Loading weights:  63%|██████▎   | 670/1058 [02:49<01:30,  4.28it/s]
Loading weights:  64%|██████▍   | 675/1058 [02:50<01:14,  5.14it/s]
Loading weights:  64%|██████▍   | 676/1058 [02:51<02:08,  2.96it/s]
Loading weights:  64%|██████▍   | 681/1058 [02:51<01:18,  4.81it/s]
Loading weights:  64%|██████▍   | 682/1058 [02:52<01:19,  4.76it/s]
Loading weights:  65%|██████▍   | 686/1058 [02:53<01:40,  3.69it/s]
Loading weights:  65%|██████▌   | 688/1058 [02:54<01:47,  3.45it/s]
Loading weights:  65%|██████▌   | 691/1058 [02:54<01:22,  4.45it/s]
Loading weights:  66%|██████▌   | 693/1058 [02:54<01:12,  5.03it/s]
Loading weights:  66%|██████▌   | 697/1058 [02:55<01:09,  5.16it/s]
Loading weights:  66%|██████▌   | 698/1058 [02:56<01:33,  3.86it/s]
Loading weights:  66%|██████▌   | 699/1058 [02:56<01:57,  3.05it/s]
Loading weights:  66%|██████▋   | 703/1058 [02:57<01:12,  4.87it/s]
Loading weights:  67%|██████▋   | 705/1058 [02:57<01:04,  5.49it/s]
Loading weights:  68%|██████▊   | 715/1058 [02:57<00:24, 13.74it/s]
Loading weights:  69%|██████▉   | 735/1058 [02:57<00:09, 33.98it/s]
Loading weights:  71%|███████   | 749/1058 [02:57<00:06, 47.57it/s]
Loading weights:  72%|███████▏  | 763/1058 [02:57<00:04, 61.67it/s]
Loading weights:  74%|███████▎  | 780/1058 [02:57<00:03, 79.58it/s]
Loading weights:  75%|███████▌  | 796/1058 [02:58<00:02, 93.50it/s]
Loading weights:  77%|███████▋  | 811/1058 [02:58<00:02, 105.05it/s]
Loading weights:  79%|███████▊  | 831/1058 [02:58<00:01, 122.90it/s]
Loading weights:  80%|███████▉  | 846/1058 [02:58<00:01, 127.63it/s]
Loading weights:  81%|████████▏ | 861/1058 [02:58<00:01, 129.10it/s]
Loading weights:  83%|████████▎ | 878/1058 [02:58<00:01, 135.28it/s]
Loading weights:  84%|████████▍ | 893/1058 [02:58<00:01, 137.36it/s]
Loading weights:  86%|████████▌ | 908/1058 [02:58<00:01, 135.50it/s]
Loading weights:  88%|████████▊ | 927/1058 [02:58<00:00, 145.72it/s]
Loading weights:  89%|████████▉ | 942/1058 [02:59<00:00, 143.80it/s]
Loading weights:  90%|█████████ | 957/1058 [02:59<00:00, 140.15it/s]
Loading weights:  92%|█████████▏| 975/1058 [02:59<00:00, 137.39it/s]
Loading weights:  94%|█████████▎| 991/1058 [02:59<00:00, 139.23it/s]
Loading weights:  96%|█████████▌| 1011/1058 [02:59<00:00, 141.05it/s]
Loading weights:  97%|█████████▋| 1027/1058 [02:59<00:00, 142.30it/s]
Loading weights:  98%|█████████▊| 1042/1058 [03:00<00:00, 71.37it/s] 
Loading weights: 100%|█████████▉| 1053/1058 [03:00<00:00, 47.94it/s]
Loading weights: 100%|██████████| 1058/1058 [03:00<00:00,  5.86it/s]
[load] text_encoder: 33.36B params -> bfloat16 33.36B/62.1GiB
[load] ['text_encoder', 'tokenizer', 'processor'] in 183.4s
[mem] loaded for text_encoder      host_used=   4.1 GiB  hbm=  62.1 GiB  hbm_peak=  62.1 GiB
[run ] text_encoder took 0.8s
[mem] ran text_encoder             host_used=   4.5 GiB  hbm=  62.1 GiB  hbm_peak=  62.2 GiB
[reuse] cached ['prompt_embeds', 'text_token_tags'] (0.3 MiB); text_encoder will not be loaded again
[free] ['text_encoder']
/usr/local/lib/python3.12/site-packages/torch/nn/utils/weight_norm.py:144: FutureWarning: `torch.nn.utils.weight_norm` is deprecated in favor of `torch.nn.utils.parametrizations.weight_norm`.
  WeightNorm.apply(module, name, dim)

Loading checkpoint shards:   0%|          | 0/3 [00:00<?, ?it/s]
Loading checkpoint shards:  33%|███▎      | 1/3 [00:13<00:26, 13.06s/it]
Loading checkpoint shards:  67%|██████▋   | 2/3 [00:26<00:13, 13.32s/it]
Loading checkpoint shards: 100%|██████████| 3/3 [00:27<00:00,  7.70s/it]
Loading checkpoint shards: 100%|██████████| 3/3 [00:27<00:00,  9.19s/it]
[load] vae: 2.60B params -> float32 2.60B/9.7GiB
[load] audio_vae: 0.15B params -> float32 0.15B/0.6GiB
[load] ['vae', 'audio_vae'] in 29.4s
[mem] loaded for vae_encoder       host_used=   4.4 GiB  hbm=  10.3 GiB  hbm_peak=  62.2 GiB
[run ] vae_encoder took 0.0s
[mem] ran vae_encoder              host_used=   4.4 GiB  hbm=  10.3 GiB  hbm_peak=  62.2 GiB
[free] ['vae', 'audio_vae']

Loading checkpoint shards:   0%|          | 0/14 [00:00<?, ?it/s]
Loading checkpoint shards:   7%|▋         | 1/14 [00:12<02:46, 12.82s/it]
Loading checkpoint shards:  14%|█▍        | 2/14 [00:25<02:33, 12.81s/it]
Loading checkpoint shards:  21%|██▏       | 3/14 [00:39<02:24, 13.10s/it]
Loading checkpoint shards:  29%|██▊       | 4/14 [00:51<02:08, 12.84s/it]
Loading checkpoint shards:  36%|███▌      | 5/14 [01:04<01:55, 12.83s/it]
Loading checkpoint shards:  43%|████▎     | 6/14 [01:17<01:44, 13.04s/it]
Loading checkpoint shards:  50%|█████     | 7/14 [01:30<01:29, 12.84s/it]
Loading checkpoint shards:  57%|█████▋    | 8/14 [01:43<01:17, 12.83s/it]
Loading checkpoint shards:  64%|██████▍   | 9/14 [01:56<01:05, 13.02s/it]
Loading checkpoint shards:  71%|███████▏  | 10/14 [02:08<00:51, 12.85s/it]
Loading checkpoint shards:  79%|███████▊  | 11/14 [02:21<00:38, 12.85s/it]
Loading checkpoint shards:  86%|████████▌ | 12/14 [02:35<00:26, 13.03s/it]
Loading checkpoint shards:  93%|█████████▎| 13/14 [02:47<00:12, 12.84s/it]
Loading checkpoint shards: 100%|██████████| 14/14 [03:00<00:00, 12.79s/it]
Loading checkpoint shards: 100%|██████████| 14/14 [03:00<00:00, 12.88s/it]
[load] transformer: 33.12B params -> bfloat16 33.11B/61.7GiB, float32 0.02B/0.1GiB
[load] ['transformer', 'scheduler', 'audio_scheduler'] in 180.4s
[mem] loaded for denoise           host_used=   4.5 GiB  hbm=  61.7 GiB  hbm_peak=  62.2 GiB

  0%|          | 0/1 [00:00<?, ?it/s]
100%|██████████| 1/1 [00:17<00:00, 17.15s/it]
100%|██████████| 1/1 [00:17<00:00, 17.15s/it]
[run ] denoise took 17.2s
[mem] ran denoise                  host_used=   4.6 GiB  hbm=  61.8 GiB  hbm_peak=  68.1 GiB
[free] ['transformer', 'scheduler', 'audio_scheduler']

Loading checkpoint shards:   0%|          | 0/3 [00:00<?, ?it/s]
Loading checkpoint shards:  33%|███▎      | 1/3 [00:01<00:03,  1.71s/it]
Loading checkpoint shards:  67%|██████▋   | 2/3 [00:02<00:01,  1.25s/it]
Loading checkpoint shards: 100%|██████████| 3/3 [00:02<00:00,  1.11it/s]
[load] vae: 2.60B params -> float32 2.60B/9.7GiB
[load] audio_vae: 0.15B params -> float32 0.15B/0.6GiB
[load] ['vae', 'audio_vae'] in 3.6s
[mem] loaded for decode            host_used=   4.5 GiB  hbm=  10.3 GiB  hbm_peak=  68.1 GiB
[run ] decode took 19.4s
[mem] ran decode                   host_used=   5.3 GiB  hbm=  10.5 GiB  hbm_peak=  68.1 GiB
[free] ['vae', 'audio_vae']
[done] iteration 0 wall time 435.7s
[out ] /mnt/workspace/outputs/steps2_repeat2_reuse-20260928-150823/video-0.mp4 frames=124 audio=(165600, 2) sr=32000
[mem] final it=0                   host_used=   5.4 GiB  hbm=   0.0 GiB  hbm_peak=  68.1 GiB
[mem] loaded for before_encode     host_used=   5.4 GiB  hbm=   0.0 GiB  hbm_peak=  68.1 GiB
[run ] before_encode took 0.0s
[mem] ran before_encode            host_used=   5.4 GiB  hbm=   0.0 GiB  hbm_peak=  68.1 GiB
[reuse] text_encoder skipped, replayed ['prompt_embeds', 'text_token_tags']
/usr/local/lib/python3.12/site-packages/torch/nn/utils/weight_norm.py:144: FutureWarning: `torch.nn.utils.weight_norm` is deprecated in favor of `torch.nn.utils.parametrizations.weight_norm`.
  WeightNorm.apply(module, name, dim)

Loading checkpoint shards:   0%|          | 0/3 [00:00<?, ?it/s]
Loading checkpoint shards:  33%|███▎      | 1/3 [00:00<00:01,  1.33it/s]
Loading checkpoint shards:  67%|██████▋   | 2/3 [00:01<00:00,  1.33it/s]
Loading checkpoint shards: 100%|██████████| 3/3 [00:01<00:00,  1.91it/s]
[load] vae: 2.60B params -> float32 2.60B/9.7GiB
[load] audio_vae: 0.15B params -> float32 0.15B/0.6GiB
[load] ['vae', 'audio_vae'] in 2.1s
[mem] loaded for vae_encoder       host_used=   5.4 GiB  hbm=  10.3 GiB  hbm_peak=  68.1 GiB
[run ] vae_encoder took 0.0s
[mem] ran vae_encoder              host_used=   5.4 GiB  hbm=  10.3 GiB  hbm_peak=  68.1 GiB
[free] ['vae', 'audio_vae']

Loading checkpoint shards:   0%|          | 0/14 [00:00<?, ?it/s]
Loading checkpoint shards:   7%|▋         | 1/14 [00:00<00:12,  1.01it/s]
Loading checkpoint shards:  14%|█▍        | 2/14 [00:01<00:10,  1.11it/s]
Loading checkpoint shards:  21%|██▏       | 3/14 [00:02<00:09,  1.12it/s]
Loading checkpoint shards:  29%|██▊       | 4/14 [00:03<00:08,  1.14it/s]
Loading checkpoint shards:  36%|███▌      | 5/14 [00:04<00:07,  1.15it/s]
Loading checkpoint shards:  43%|████▎     | 6/14 [00:05<00:07,  1.14it/s]
Loading checkpoint shards:  50%|█████     | 7/14 [00:06<00:06,  1.15it/s]
Loading checkpoint shards:  57%|█████▋    | 8/14 [00:07<00:05,  1.15it/s]
Loading checkpoint shards:  64%|██████▍   | 9/14 [00:07<00:04,  1.13it/s]
Loading checkpoint shards:  71%|███████▏  | 10/14 [00:08<00:03,  1.12it/s]
Loading checkpoint shards:  79%|███████▊  | 11/14 [00:09<00:02,  1.10it/s]
Loading checkpoint shards:  86%|████████▌ | 12/14 [00:10<00:01,  1.08it/s]
Loading checkpoint shards:  93%|█████████▎| 13/14 [00:11<00:00,  1.09it/s]
Loading checkpoint shards: 100%|██████████| 14/14 [00:12<00:00,  1.10it/s]
Loading checkpoint shards: 100%|██████████| 14/14 [00:12<00:00,  1.11it/s]
[load] transformer: 33.12B params -> bfloat16 33.11B/61.7GiB, float32 0.02B/0.1GiB
[load] ['transformer', 'scheduler', 'audio_scheduler'] in 12.7s
[mem] loaded for denoise           host_used=   5.4 GiB  hbm=  61.7 GiB  hbm_peak=  68.1 GiB

  0%|          | 0/1 [00:00<?, ?it/s]
100%|██████████| 1/1 [00:17<00:00, 17.05s/it]
100%|██████████| 1/1 [00:17<00:00, 17.05s/it]
[run ] denoise took 17.1s
[mem] ran denoise                  host_used=   5.4 GiB  hbm=  61.8 GiB  hbm_peak=  68.1 GiB
[free] ['transformer', 'scheduler', 'audio_scheduler']

Loading checkpoint shards:   0%|          | 0/3 [00:00<?, ?it/s]
Loading checkpoint shards:  33%|███▎      | 1/3 [00:01<00:03,  1.53s/it]
Loading checkpoint shards:  67%|██████▋   | 2/3 [00:02<00:01,  1.06s/it]
Loading checkpoint shards: 100%|██████████| 3/3 [00:02<00:00,  1.29it/s]
[load] vae: 2.60B params -> float32 2.60B/9.7GiB
[load] audio_vae: 0.15B params -> float32 0.15B/0.6GiB
[load] ['vae', 'audio_vae'] in 3.2s
[mem] loaded for decode            host_used=   5.3 GiB  hbm=  10.3 GiB  hbm_peak=  68.1 GiB
[run ] decode took 17.6s
[mem] ran decode                   host_used=   5.4 GiB  hbm=  10.5 GiB  hbm_peak=  68.1 GiB
[free] ['vae', 'audio_vae']
[done] iteration 1 wall time 53.9s
[out ] /mnt/workspace/outputs/steps2_repeat2_reuse-20260928-150823/video-1.mp4 frames=124 audio=(165600, 2) sr=32000
[mem] final it=1                   host_used=   5.4 GiB  hbm=   0.0 GiB  hbm_peak=  68.1 GiB
