[run ] sglang_resident50_cachedit024-20261008-122639
[cmd ] /usr/local/bin/python3 -m sglang.multimodal_gen.runtime.entrypoints.cli.main generate --config /mnt/workspace/runs/sglang_resident50_cachedit024-20261008-122639/config.json --perf-dump-path /mnt/workspace/runs/sglang_resident50_cachedit024-20261008-122639/perf.json --output-file-path /mnt/workspace/outputs/sglang_resident50_cachedit024-20261008-122639/video.mp4
WARNING:sglang.multimodal_gen.registry:Skipping pipeline module sglang.multimodal_gen.runtime.pipelines.hunyuan3d_pipeline during discovery due to import failure: No module named 'trimesh'
ERROR:sglang.multimodal_gen.registry:Could not read model config for '/mnt/workspace/MiniMax-H3-SGLang': Model directory /mnt/workspace/MiniMax-H3-SGLang does not contain model_index.json. Only HuggingFace diffusers format is supported.
[10-08 12:27:06] Applying performance_mode=memory
[10-08 12:27:06] Using layerwise offload components: dit, text_encoder, vae. This reduces peak GPU memory and can increase latency; use --performance-mode speed for GPU-resident defaults when memory allows.
[10-08 12:27:06] server_args: {"model_path": "/mnt/workspace/MiniMax-H3-SGLang", "model_subfolder": null, "model_variant": "fl2va", "model_id": null, "served_model_name": "/mnt/workspace/MiniMax-H3-SGLang", "backend": "sglang", "attention_backend": null, "enable_attention_backend_autotune": false, "attention_backend_config": {}, "component_attention_backends": {}, "cache_dit_config": null, "nccl_port": null, "enable_nccl_nvls": false, "trust_remote_code": false, "revision": null, "num_gpus": 1, "performance_mode": "memory", "base_gpu_id": 0, "gpu_ids": null, "nnodes": 1, "node_rank": 0, "dist_init_addr": null, "tp_size": 1, "sp_degree": 1, "ulysses_degree": 1, "ring_degree": 1, "kv_gather_degree": 1, "sp_split_auto": false, "dp_size": 1, "enable_cfg_parallel": false, "cfg_parallel_degree": 1, "encoder_parallel": "auto", "hsdp_replicate_dim": 1, "hsdp_shard_dim": 1, "dist_timeout": 3600, "scheduler_rpc_timeout": null, "pipeline_class_name": "MiniMaxH3Pipeline", "lora_path": null, "lora_nickname": "default", "lora_scale": 1.0, "lora_alpha": null, "lora_merge_mode": "auto", "lora_weight_name": null, "component_paths": {"transformer": "/mnt/workspace/MiniMax-H3/transformer"}, "component_weights_paths": {}, "component_direct_gpu_weight_loading": {}, "component_quantizations": {}, "component_precisions": {}, "component_quantization_ignored_layers": {}, "load_diffusion_decoder": false, "transformer_weights_path": null, "minimax_h3_adaln_cache_path": null, "minimax_h3_adaln_online": false, "minimax_h3_adaln_plan_width": 4, "minimax_h3_adaln_host_cache_gb": 8.0, "quantization": null, "quantization_ignored_layers": null, "lora_target_modules": null, "component_residency": null, "cpu_offload_components": null, "dit_cpu_offload": true, "direct_gpu_weight_loading": false, "dit_layerwise_offload": false, "layerwise_offload_components": ["dit", "text_encoder", "vae"], "dit_offload_prefetch_size": 0.0, "dit_layerwise_resident_layers": 50.0, "dit_layerwise_residency_policy": "leading", "layerwise_prefetch_size": {}, "layerwise_resident_layers": {"video_vae": 36}, "layerwise_residency_policy": {}, "offload_during_compile": true, "text_encoder_cpu_offload": false, "image_encoder_cpu_offload": false, "vae_cpu_offload": false, "use_fsdp_inference": false, "pin_cpu_memory": true, "ltx2_two_stage_device_mode": null, "comfyui_mode": false, "enable_torch_compile": false, "regional_compile": false, "enable_breakable_cuda_graph": false, "bcg_text_buckets": null, "enable_layerwise_nvtx_marker": false, "warmup_mode": "off", "warmup_resolutions": null, "warmup_num_frames": null, "warmup_steps": 1, "warmup_sampling_params": null, "disable_autocast": false, "master_port": 30005, "host": "127.0.0.1", "port": 30000, "webui": false, "webui_port": 12312, "scheduler_port": 5618, "scheduler_ports": [5618], "batching_mode": "dynamic", "batching_max_size": 1, "batching_delay_ms": 0.0, "batching_config": null, "enable_batching_metrics": false, "strict_ports": false, "output_path": "/mnt/workspace/outputs/sglang_resident50_cachedit024-20261008-122639", "input_save_path": "inputs/uploads", "prompt_file_path": null, "model_paths": {}, "model_loaded": {"transformer": true, "vae": true, "video_vae": true, "audio_vae": true, "video_dit": true, "audio_dit": true, "dual_tower_bridge": true}, "boundary_ratio": null, "disagg_role": "monolithic", "disagg_timeout": 3600, "disagg_downstream_wait_timeout": 1800, "disagg_dispatch_policy": "round_robin", "disagg_mode": false, "disagg_instance_id": 0, "disagg_max_slots_per_instance": 8, "disagg_transfer_redundancy": 1.25, "disagg_role_device": "auto", "disagg_transfer_backend": "auto", "disagg_transfer_pool_size": 268435456, "disagg_transfer_pin_memory": "auto", "disagg_p2p_hostname": "127.0.0.1", "disagg_ib_device": null, "disagg_server_addr": null, "encoder_urls": null, "denoiser_urls": null, "decoder_urls": null, "encoder_tp": null, "denoiser_tp": null, "denoiser_sp": null, "denoiser_ulysses": null, "denoiser_ring": null, "decoder_sp": null, "pool_work_endpoint": null, "pool_result_endpoint": null, "pool_control_endpoint": null, "pool_control_advertised_endpoint": null, "log_level": "info", "log_requests": false, "log_requests_level": 2, "log_requests_format": "text", "log_requests_target": null, "uvicorn_access_log_exclude_prefixes": [], "enable_cache_report": false, "enable_trace": false, "otlp_traces_endpoint": "localhost:4317", "srt_encoder_url": null, "srt_encoder_connect_timeout": 3.05, "srt_encoder_timeout": 100, "pe_server_url": null}
[10-08 12:27:06] Local mode: True
[10-08 12:27:06] Starting server...
[10-08 12:27:22] Scheduler (dp replica 0) bind at endpoint: tcp://127.0.0.1:5618
[10-08 12:27:22] torch.compile cache: TORCHINDUCTOR_CACHE_DIR=/root/.cache/sgl_diffusion/torch_compile_cache/inductor TRITON_CACHE_DIR=/root/.cache/sgl_diffusion/torch_compile_cache/triton
[10-08 12:27:22] Initializing distributed environment with world_size=1, device=cuda:0, timeout=3600
[10-08 12:27:22] Setting distributed timeout to 3600 seconds
[10-08 12:27:22] Detected Megatron Core, using Megatron-FSDP with Megatron.
[10-08 12:27:22] Detected Megatron Core, using Megatron-FSDP with Megatron.
[93m[10-08 12:27:26] Skipping pipeline module sglang.multimodal_gen.runtime.pipelines.hunyuan3d_pipeline during discovery due to import failure: No module named 'trimesh'[0;0m
[10-08 12:27:26] Requested pipeline_class_name: MiniMaxH3Pipeline
[10-08 12:27:26] Available pipelines in registry: ['ComfyUIFluxPipeline', 'ComfyUIQwenImagePipeline', 'ComfyUIQwenImageEditPipeline', 'ComfyUIZImagePipeline', 'Cosmos3OmniPipeline', 'Cosmos3OmniDiffusersPipeline', 'DiffusersPipeline', 'ErnieImagePipeline', 'FluxPipeline', 'Flux2Pipeline', 'Flux2KleinPipeline', 'Flux2NvfpPipeline', 'GlmImagePipeline', 'HeliosPipeline', 'HeliosPyramidPipeline', 'HunyuanVideoPipeline', 'Ideogram4Pipeline', 'Ideogram4Nvfp4Pipeline', 'Ideogram4FastPipeline', 'Ideogram4InstantPipeline', 'JoyEchoPipeline', 'JoyImageEditPipeline', 'Krea2Pipeline', 'LingBotVideoPipeline', 'LingBotWorldCausalDMDPipeline', 'LongCatImagePipeline', 'LongCatImageEditPipeline', 'LongLive2Pipeline', 'LTX2Pipeline', 'LTX2TwoStagePipeline', 'LTX2TwoStageHQPipeline', 'MiniMaxH3Pipeline', 'FastH3Pipeline', 'VDNH3Pipeline', 'MOVA', 'MOVAPipeline', 'Pi05Pipeline', 'QwenImagePipeline', 'QwenImageEditPipeline', 'QwenImageEditPlusPipeline', 'QwenImageLayeredPipeline', 'SanaPipeline', 'SanaVideoPipeline', 'SanaWMPipeline', 'SanaWMTwoStagePipeline', 'SanaWMRealtimePipeline', 'SenseNovaU1Pipeline', 'StableDiffusion3Pipeline', 'WanCausalDMDPipeline', 'WanDMDPipeline', 'WanImageToVideoDmdPipeline', 'WanImageToVideoPipeline', 'WanPipeline', 'ZImagePipeline']
[10-08 12:27:26] ✓ Using explicitly specified pipeline: MiniMaxH3Pipeline (class: MiniMaxH3Pipeline)
[10-08 12:27:26] Loading pipeline modules...
[10-08 12:27:26] Model path: /mnt/workspace/MiniMax-H3-SGLang/FL2VA
[10-08 12:27:26] Diffusers version: 0.32.2
[10-08 12:27:26] Loading pipeline modules from config: {'_class_name': 'MiniMaxH3Pipeline', '_diffusers_version': '0.32.2', 'text_encoder': ['transformers', 'MiniMaxH3Qwen3VLHFEncoder'], 'tokenizer': ['transformers', 'Qwen2TokenizerFast'], 'video_vae': ['diffusers', 'MiniMaxH3VideoVAE'], 'audio_vae': ['diffusers', 'MiniMaxH3AudioVAE'], 'scheduler': None, 'transformer': ['diffusers', 'MiniMaxH3DiTModel'], 'processor': ['transformers', 'Qwen3VLProcessor'], '_minimax_h3': {'schema_version': 1, 'partition': 'fl2va', 'tasks': ['t2va', 'fl2va'], 'task_aliases': {}, 'sigma_shift_scales': {'video': 12.0, 'audio': 3.0}}}
[10-08 12:27:26] Loading required components: ['processor', 'text_encoder', 'tokenizer', 'video_vae', 'audio_vae', 'transformer']
[10-08 12:27:26] Memory-aware component load order: ['text_encoder', 'transformer', 'audio_vae', 'video_vae', 'processor', 'tokenizer']

Loading required modules:   0%|          | 0/6 [00:00<?, ?it/s][10-08 12:27:26] Loading text_encoder from /mnt/workspace/MiniMax-H3-SGLang/FL2VA/text_encoder. avail mem: 78.38 GB
[10-08 12:27:26] Cannot use FlashAttention backend for head size 72.


Loading safetensors checkpoint shards: 0%|          | 0/12[A

Loading safetensors checkpoint shards: 8%|▊         | 1/12[A

Loading safetensors checkpoint shards: 17%|█▋        | 2/12[A

Loading safetensors checkpoint shards: 25%|██▌       | 3/12[A

Loading safetensors checkpoint shards: 33%|███▎      | 4/12[A

Loading safetensors checkpoint shards: 42%|████▏     | 5/12[A

Loading safetensors checkpoint shards: 50%|█████     | 6/12[A

Loading safetensors checkpoint shards: 58%|█████▊    | 7/12[A

Loading safetensors checkpoint shards: 67%|██████▋   | 8/12[A

Loading safetensors checkpoint shards: 75%|███████▌  | 9/12[A

Loading safetensors checkpoint shards: 83%|████████▎ | 10/12[A

Loading safetensors checkpoint shards: 92%|█████████▏| 11/12[A

Loading safetensors checkpoint shards: 100%|██████████| 12/12[A
Loading safetensors checkpoint shards: 100%|██████████| 12/12
[10-08 12:29:46] Attention backends for text_encoder: torch_sdpa, fa
[10-08 12:29:46] Loaded text_encoder: MiniMaxH3Qwen3VLEncoder (sgl-diffusion version). model size: 48.09 GB, host pageable: 48.09 GB. avail GPU mem: 78.38 GB

Loading required modules:  17%|█▋        | 1/6 [02:19<11:38, 139.68s/it][10-08 12:29:46] Loading transformer from /mnt/workspace/MiniMax-H3/transformer. avail mem: 78.38 GB
[10-08 12:29:46] Loading MiniMaxH3Transformer3DModel from 14 safetensors file(s) , param_dtype: torch.bfloat16


Loading safetensors checkpoint shards: 0%|          | 0/14[A

Loading safetensors checkpoint shards: 7%|▋         | 1/14[A

Loading safetensors checkpoint shards: 14%|█▍        | 2/14[A

Loading safetensors checkpoint shards: 21%|██▏       | 3/14[A

Loading safetensors checkpoint shards: 29%|██▊       | 4/14[A

Loading safetensors checkpoint shards: 36%|███▌      | 5/14[A

Loading safetensors checkpoint shards: 43%|████▎     | 6/14[A

Loading safetensors checkpoint shards: 50%|█████     | 7/14[A

Loading safetensors checkpoint shards: 57%|█████▋    | 8/14[A

Loading safetensors checkpoint shards: 64%|██████▍   | 9/14[A

Loading safetensors checkpoint shards: 71%|███████▏  | 10/14[A

Loading safetensors checkpoint shards: 79%|███████▊  | 11/14[A

Loading safetensors checkpoint shards: 86%|████████▌ | 12/14[A

Loading safetensors checkpoint shards: 93%|█████████▎| 13/14[A

Loading safetensors checkpoint shards: 100%|██████████| 14/14[A
Loading safetensors checkpoint shards: 100%|██████████| 14/14
[10-08 12:31:02] Loaded transformer: MiniMaxH3DiTModel (sgl-diffusion version). model size: 61.73 GB, host mmap: 35.60 GB, host pageable: 26.13 GB. avail GPU mem: 78.38 GB

Loading required modules:  33%|███▎      | 2/6 [03:36<06:50, 102.60s/it][10-08 12:31:02] Loading audio_vae from /mnt/workspace/MiniMax-H3-SGLang/FL2VA/audio_vae. avail mem: 78.38 GB
[10-08 12:31:04] Attention backends for audio_vae: torch_sdpa
[10-08 12:31:04] Loaded audio_vae: MiniMaxH3AudioVAE (sgl-diffusion version). model size: 0.56 GB, vram: 0.56 GB. avail GPU mem: 77.81 GB

Loading required modules:  50%|█████     | 3/6 [03:37<02:49, 56.51s/it] [10-08 12:31:04] Loading video_vae from /mnt/workspace/MiniMax-H3-SGLang/FL2VA/video_vae. avail mem: 77.81 GB
[10-08 12:31:04] video_vae (VAE) stays on its checkpoint mapping: the deployment is 143.75 GiB of weights against 5.31 GiB of host memory, so copies are host memory the streamed components need more.
[10-08 12:31:04] VAE: video_vae holds 288 decoder weights in torch.float16 from load (file-backed)
[10-08 12:31:04] Attention backends for video_vae: torch_sdpa
[10-08 12:31:04] Loaded video_vae: MiniMaxH3VideoVAE (sgl-diffusion version). model size: 5.2 GB, host mmap: 5.20 GB, host pageable: 0.00 GB. avail GPU mem: 77.81 GB

Loading required modules:  67%|██████▋   | 4/6 [03:38<01:08, 34.34s/it][10-08 12:31:04] Loading processor from /mnt/workspace/MiniMax-H3-SGLang/FL2VA/processor. avail mem: 77.81 GB
[10-08 12:31:05] Loaded processor: Qwen3VLProcessor (sgl-diffusion version). model size: NA GB, weights: none. avail GPU mem: 77.81 GB

Loading required modules:  83%|████████▎ | 5/6 [03:38<00:22, 22.11s/it][10-08 12:31:05] Loading tokenizer from /mnt/workspace/MiniMax-H3-SGLang/FL2VA/tokenizer. avail mem: 77.81 GB
[10-08 12:31:05] Loaded tokenizer: Qwen2Tokenizer (sgl-diffusion version). model size: NA GB, weights: none. avail GPU mem: 77.81 GB

Loading required modules: 100%|██████████| 6/6 [03:39<00:00, 14.72s/it]
Loading required modules: 100%|██████████| 6/6 [03:39<00:00, 36.52s/it]
[10-08 12:31:05] Creating pipeline stages...
[10-08 12:31:05] Using fa attention backend
[10-08 12:31:05] Pipeline instantiated
[10-08 12:31:05] Layerwise offload host memory: 5.3 GiB available (cgroup cap 125.0 GiB, in use 119.7 GiB)
[10-08 12:31:05] Configuring layerwise offload for transformer (MiniMaxH3DiTModel): token_refiner.blocks (2 layers), blocks (50 layers)
[10-08 12:31:05] Layerwise offload: transformer.blocks pins 1 of 50 layers (1.20 GiB of 3.28 GiB spendable). Of the rest, 0 are copied into pageable host memory and 49 stay on the checkpoint mapping. Pinning every layer would need 60.12 GiB.
[10-08 12:31:11] Layerwise offload ready for transformer (MiniMaxH3DiTModel) in 6.17s: groups=2, layers=52, prefetch/group=1, resident=52/52, policy=leading
[10-08 12:31:11] Configuring layerwise offload for text_encoder (MiniMaxH3Qwen3VLEncoder): model.language_model.layers (50 layers), model.visual.blocks (27 layers)
[10-08 12:31:11] Layerwise offload: text_encoder.model.language_model.layers pins 0 of 50 layers (0.00 GiB of 0.64 GiB spendable). Of the rest, 50 are copied into pageable host memory and 0 stay on the checkpoint mapping. Pinning every layer would need 45.41 GiB.
[10-08 12:31:16] Layerwise offload: text_encoder.model.visual.blocks pins 22 of 27 layers (0.62 GiB of 0.64 GiB spendable). Of the rest, 5 are copied into pageable host memory and 0 stay on the checkpoint mapping. Pinning every layer would need 0.77 GiB.
[10-08 12:31:16] Keeping Embedding (1.45 GiB) in host memory: a gather reads one row per token, so residency buys almost nothing.
[10-08 12:31:16] Layerwise offload ready for text_encoder (MiniMaxH3Qwen3VLEncoder) in 5.12s: groups=2, layers=77, prefetch/group=1, resident=0/77, policy=leading
[10-08 12:31:16] Configuring layerwise offload for video_vae (MiniMaxH3VideoVAE): decoder.transformer_blocks (36 layers)
[10-08 12:31:17] Layerwise offload: video_vae.decoder.transformer_blocks pins 0 of 36 layers (0.00 GiB of 0.01 GiB spendable). Of the rest, 0 are copied into pageable host memory and 36 stay on the checkpoint mapping. Pinning every layer would need 4.50 GiB.
[10-08 12:31:18] Layerwise offload: decoder.transformer_blocks ships mapped layers through a courier thread with 2 pinned slots, so their device copies overlap compute instead of stalling it.
[10-08 12:31:18] Layerwise offload ready for video_vae (MiniMaxH3VideoVAE) in 1.65s: groups=1, layers=36, prefetch/group=1, resident=36/36, policy=leading
[10-08 12:31:18] Layerwise offload summary: transformer (vram: 2.09 GB, host pinned: 2.64 GB, host mmap: 34.30 GB, host pageable: 24.62 GB), text_encoder (vram: 1.40 GB, host pinned: 0.62 GB, host pageable: 47.00 GB), video_vae (vram: 0.70 GB, host mmap: 4.50 GB)
[10-08 12:31:18] Worker 0: Initialized device, model, and distributed environment.
[10-08 12:31:18] Worker 0: Scheduler loop started.
[10-08 12:31:18] Adjusting number of frames from 1 to 1 based on model
[10-08 12:31:18] Processing 1 grouped request(s)
[10-08 12:31:18] Sampling params:
                       width: 1344
                      height: 768
                  num_frames: 124
                         fps: 24
                      prompt: <redacted, len=121>
                  neg_prompt: None
                        seed: 0
                 infer_steps: 50
      num_outputs_per_prompt: 1
              guidance_scale: 1.0
     embedded_guidance_scale: 6.0
                    n_tokens: None
                  flow_shift: 12.0
                  image_path: None
                 save_output: True
            output_file_path: /mnt/workspace/outputs/sglang_resident50_cachedit024-20261008-122639/video.mp4
        
[10-08 12:31:18] Running pipeline stages: ['InputValidationStage', 'MiniMaxH3PartitionAdmissionStage', 'MiniMaxH3TextEncodingStage', 'MiniMaxH3VisualEncodingStage', 'MiniMaxH3AudioEncodingStage', 'MiniMaxH3LatentPreparationStage', 'MiniMaxH3TimestepPreparationStage', 'MiniMaxH3DenoisingStage', 'MiniMaxH3DecodingStage']
[10-08 12:31:18] [InputValidationStage] started...
[10-08 12:31:18] [InputValidationStage] finished in 0.0001 seconds
[10-08 12:31:18] [MiniMaxH3PartitionAdmissionStage] started...
[10-08 12:31:18] [MiniMaxH3PartitionAdmissionStage] finished in 0.0000 seconds
[10-08 12:31:18] [MiniMaxH3TextEncodingStage] started...
[10-08 12:31:24] [MiniMaxH3TextEncodingStage] finished in 5.4567 seconds
[10-08 12:31:24] [MiniMaxH3VisualEncodingStage] started...
[10-08 12:31:24] [MiniMaxH3VisualEncodingStage] finished in 0.0005 seconds
[10-08 12:31:24] [MiniMaxH3AudioEncodingStage] started...
[10-08 12:31:24] [MiniMaxH3AudioEncodingStage] finished in 0.0000 seconds
[10-08 12:31:24] [MiniMaxH3LatentPreparationStage] started...
[10-08 12:31:24] [MiniMaxH3LatentPreparationStage] finished in 0.0226 seconds
[10-08 12:31:24] [MiniMaxH3TimestepPreparationStage] started...
[10-08 12:31:24] [MiniMaxH3TimestepPreparationStage] finished in 0.0003 seconds
[10-08 12:31:24] [MiniMaxH3DenoisingStage] started...
[10-08 12:31:24] [Cache-DiT] pipe is None, use FakeDiffusionPipeline instead.
[10-08 12:31:24] [Cache-DiT] Auto fill blocks_name: blocks.
[10-08 12:31:24] [Cache-DiT] Found transformer NOT from diffusers: sglang.multimodal_gen.runtime.models.dits.minimax_h3 disable check_forward_pattern by default.
[10-08 12:31:24] Enabling cache-dit on transformer with config: Fn=1, Bn=0, W=4, R=0.24, MC=3, TaylorSeer=False (order=1), steps=49
[10-08 12:31:24] Enabling cache-dit on transformer via custom BlockAdapter (ForwardPattern.Pattern_3).
[10-08 12:31:24] [Cache-DiT] Adapting Cache Acceleration using custom BlockAdapter!
[10-08 12:31:24] [Cache-DiT] Skipped Forward Pattern Check: ForwardPattern.Pattern_3
[10-08 12:31:24] [Cache-DiT] Use default 'enable_separate_cfg' from block adapter register: False, Pipeline: FakeDiffusionPipeline.
[10-08 12:31:24] [Cache-DiT] Collected Context Config: DBCache_F1B0_W4I1M0MC3_R0.24_N49_CFG0, Calibrator Config: None
[10-08 12:31:24] [Cache-DiT] Skipped Forward Pattern Check: ForwardPattern.Pattern_3
[10-08 12:31:24] [Cache-DiT] Match Blocks: CachedBlocks_Pattern_3_4_5, for blocks, cache_context: blocks_140452752537744, context_manager: FakeDiffusionPipeline_140398206117040.
[10-08 12:31:24] cache-dit enabled on transformer (steps=49, Fn=1, Bn=0, rdt=0.240)

minimax_h3 denoise:   0%|          | 0/49 [00:00<?, ?it/s][10-08 12:31:24] Layerwise offload: blocks ships mapped layers through a courier thread with 2 pinned slots, so their device copies overlap compute instead of stalling it.

minimax_h3 denoise:   2%|▏         | 1/49 [01:41<1:20:50, 101.05s/it]
minimax_h3 denoise:   4%|▍         | 2/49 [01:55<39:20, 50.22s/it]   
minimax_h3 denoise:   6%|▌         | 3/49 [02:06<24:39, 32.16s/it]
minimax_h3 denoise:   8%|▊         | 4/49 [02:21<19:01, 25.36s/it]
minimax_h3 denoise:  10%|█         | 5/49 [02:40<17:02, 23.24s/it]
minimax_h3 denoise:  12%|█▏        | 6/49 [02:41<11:04, 15.44s/it]
minimax_h3 denoise:  14%|█▍        | 7/49 [02:41<07:20, 10.50s/it]
minimax_h3 denoise:  18%|█▊        | 9/49 [02:56<06:04,  9.11s/it]
minimax_h3 denoise:  20%|██        | 10/49 [02:56<04:27,  6.85s/it]
minimax_h3 denoise:  22%|██▏       | 11/49 [02:57<03:13,  5.10s/it]
minimax_h3 denoise:  27%|██▋       | 13/49 [03:12<03:43,  6.20s/it]
minimax_h3 denoise:  29%|██▊       | 14/49 [03:12<02:48,  4.81s/it]
minimax_h3 denoise:  31%|███       | 15/49 [03:13<02:04,  3.67s/it]
minimax_h3 denoise:  35%|███▍      | 17/49 [03:28<02:50,  5.33s/it]
minimax_h3 denoise:  37%|███▋      | 18/49 [03:28<02:09,  4.17s/it]
minimax_h3 denoise:  39%|███▉      | 19/49 [03:29<01:36,  3.22s/it]
minimax_h3 denoise:  43%|████▎     | 21/49 [03:44<02:21,  5.05s/it]
minimax_h3 denoise:  45%|████▍     | 22/49 [03:44<01:47,  3.96s/it]
minimax_h3 denoise:  47%|████▋     | 23/49 [03:44<01:19,  3.07s/it]
minimax_h3 denoise:  51%|█████     | 25/49 [04:00<01:58,  4.95s/it]
minimax_h3 denoise:  53%|█████▎    | 26/49 [04:00<01:29,  3.89s/it]
minimax_h3 denoise:  55%|█████▌    | 27/49 [04:00<01:06,  3.01s/it]
minimax_h3 denoise:  59%|█████▉    | 29/49 [04:16<01:38,  4.92s/it]
minimax_h3 denoise:  61%|██████    | 30/49 [04:16<01:13,  3.87s/it]
minimax_h3 denoise:  63%|██████▎   | 31/49 [04:16<00:53,  3.00s/it]
minimax_h3 denoise:  67%|██████▋   | 33/49 [04:31<01:18,  4.91s/it]
minimax_h3 denoise:  69%|██████▉   | 34/49 [04:32<00:57,  3.86s/it]
minimax_h3 denoise:  71%|███████▏  | 35/49 [04:32<00:41,  2.99s/it]
minimax_h3 denoise:  76%|███████▌  | 37/49 [04:47<00:58,  4.90s/it]
minimax_h3 denoise:  78%|███████▊  | 38/49 [04:48<00:42,  3.86s/it]
minimax_h3 denoise:  80%|███████▉  | 39/49 [04:48<00:29,  2.99s/it]
minimax_h3 denoise:  84%|████████▎ | 41/49 [05:03<00:39,  4.90s/it]
minimax_h3 denoise:  86%|████████▌ | 42/49 [05:03<00:26,  3.85s/it]
minimax_h3 denoise:  88%|████████▊ | 43/49 [05:04<00:17,  2.99s/it]
minimax_h3 denoise:  92%|█████████▏| 45/49 [05:19<00:19,  4.90s/it]
minimax_h3 denoise:  94%|█████████▍| 46/49 [05:19<00:11,  3.85s/it]
minimax_h3 denoise:  96%|█████████▌| 47/49 [05:20<00:05,  2.98s/it]
minimax_h3 denoise: 100%|██████████| 49/49 [05:35<00:00,  4.90s/it]
minimax_h3 denoise: 100%|██████████| 49/49 [05:35<00:00,  6.85s/it]
[10-08 12:36:59] Layerwise offload: blocks read 34.3 GiB straight from the drive this pass (212 tensors served from the page cache; mean sampled residency 0.57 over 392 probes).
[10-08 12:36:59] [MiniMaxH3DenoisingStage] finished in 335.6773 seconds
[10-08 12:36:59] [MiniMaxH3DecodingStage] started...
[10-08 12:37:23] Layerwise offload: decoder.transformer_blocks read 4.4 GiB straight from the drive this pass (292 tensors served from the page cache; mean sampled residency 0.68 over 432 probes).
[10-08 12:37:24] [MiniMaxH3DecodingStage] finished in 24.4685 seconds
[10-08 12:37:25] Output saved to [1;36m/mnt/workspace/outputs/sglang_resident50_cachedit024-20261008-122639/video.mp4[0;0m
[10-08 12:37:25] Metrics dumped to: [1;36m/mnt/workspace/runs/sglang_resident50_cachedit024-20261008-122639/perf.json[0;0m
[10-08 12:37:25] Pixel data generated successfully in [92m367.22[0;0m seconds
[10-08 12:37:25] Memory usage - Max peak: 72746.00 MB, Avg peak: 72746.00 MB
[10-08 12:37:25] Metrics dumped to: [1;36m/mnt/workspace/runs/sglang_resident50_cachedit024-20261008-122639/perf.json[0;0m
[93m[10-08 12:37:31] Generator was garbage collected without being shut down. Forcing local server and client cleanup.[0;0m
/usr/local/lib/python3.12/multiprocessing/resource_tracker.py:279: UserWarning: resource_tracker: There appear to be 1 leaked semaphore objects to clean up at shutdown
  warnings.warn('resource_tracker: There appear to be %d '
