[run ] sglang_raw-20261007-235200
[cmd ] /usr/local/bin/python3 -m sglang.multimodal_gen.runtime.entrypoints.cli.main generate --config /mnt/workspace/runs/sglang_raw-20261007-235200/config.json --perf-dump-path /mnt/workspace/runs/sglang_raw-20261007-235200/perf.json --output-file-path /mnt/workspace/outputs/sglang_raw-20261007-235200/video.mp4
WARNING:sglang.multimodal_gen.registry:Skipping pipeline module sglang.multimodal_gen.runtime.pipelines.hunyuan3d_pipeline during discovery due to import failure: No module named 'trimesh'
ERROR:sglang.multimodal_gen.registry:Could not read model config for '/mnt/workspace/MiniMax-H3-SGLang': Model directory /mnt/workspace/MiniMax-H3-SGLang does not contain model_index.json. Only HuggingFace diffusers format is supported.
[10-07 23:52:28] Applying performance_mode=memory
[10-07 23:52:28] Using layerwise offload components: dit, text_encoder, vae. This reduces peak GPU memory and can increase latency; use --performance-mode speed for GPU-resident defaults when memory allows.
[10-07 23:52:28] server_args: {"model_path": "/mnt/workspace/MiniMax-H3-SGLang", "model_subfolder": null, "model_variant": "fl2va", "model_id": null, "served_model_name": "/mnt/workspace/MiniMax-H3-SGLang", "backend": "sglang", "attention_backend": null, "enable_attention_backend_autotune": false, "attention_backend_config": {}, "component_attention_backends": {}, "cache_dit_config": null, "nccl_port": null, "enable_nccl_nvls": false, "trust_remote_code": false, "revision": null, "num_gpus": 1, "performance_mode": "memory", "base_gpu_id": 0, "gpu_ids": null, "nnodes": 1, "node_rank": 0, "dist_init_addr": null, "tp_size": 1, "sp_degree": 1, "ulysses_degree": 1, "ring_degree": 1, "kv_gather_degree": 1, "sp_split_auto": false, "dp_size": 1, "enable_cfg_parallel": false, "cfg_parallel_degree": 1, "encoder_parallel": "auto", "hsdp_replicate_dim": 1, "hsdp_shard_dim": 1, "dist_timeout": 3600, "scheduler_rpc_timeout": null, "pipeline_class_name": "MiniMaxH3Pipeline", "lora_path": null, "lora_nickname": "default", "lora_scale": 1.0, "lora_alpha": null, "lora_merge_mode": "auto", "lora_weight_name": null, "component_paths": {"transformer": "/mnt/workspace/MiniMax-H3/transformer"}, "component_weights_paths": {}, "component_direct_gpu_weight_loading": {}, "component_quantizations": {}, "component_precisions": {}, "component_quantization_ignored_layers": {}, "load_diffusion_decoder": false, "transformer_weights_path": null, "minimax_h3_adaln_cache_path": null, "minimax_h3_adaln_online": false, "minimax_h3_adaln_plan_width": 4, "minimax_h3_adaln_host_cache_gb": 8.0, "quantization": null, "quantization_ignored_layers": null, "lora_target_modules": null, "component_residency": null, "cpu_offload_components": null, "dit_cpu_offload": true, "direct_gpu_weight_loading": false, "dit_layerwise_offload": false, "layerwise_offload_components": ["dit", "text_encoder", "vae"], "dit_offload_prefetch_size": 0.0, "dit_layerwise_resident_layers": 0.0, "dit_layerwise_residency_policy": "leading", "layerwise_prefetch_size": {}, "layerwise_resident_layers": {"video_vae": 36}, "layerwise_residency_policy": {}, "offload_during_compile": true, "text_encoder_cpu_offload": false, "image_encoder_cpu_offload": false, "vae_cpu_offload": false, "use_fsdp_inference": false, "pin_cpu_memory": true, "ltx2_two_stage_device_mode": null, "comfyui_mode": false, "enable_torch_compile": false, "regional_compile": false, "enable_breakable_cuda_graph": false, "bcg_text_buckets": null, "enable_layerwise_nvtx_marker": false, "warmup_mode": "off", "warmup_resolutions": null, "warmup_num_frames": null, "warmup_steps": 1, "warmup_sampling_params": null, "disable_autocast": false, "master_port": 30005, "host": "127.0.0.1", "port": 30000, "webui": false, "webui_port": 12312, "scheduler_port": 5568, "scheduler_ports": [5568], "batching_mode": "dynamic", "batching_max_size": 1, "batching_delay_ms": 0.0, "batching_config": null, "enable_batching_metrics": false, "strict_ports": false, "output_path": "/mnt/workspace/outputs/sglang_raw-20261007-235200", "input_save_path": "inputs/uploads", "prompt_file_path": null, "model_paths": {}, "model_loaded": {"transformer": true, "vae": true, "video_vae": true, "audio_vae": true, "video_dit": true, "audio_dit": true, "dual_tower_bridge": true}, "boundary_ratio": null, "disagg_role": "monolithic", "disagg_timeout": 3600, "disagg_downstream_wait_timeout": 1800, "disagg_dispatch_policy": "round_robin", "disagg_mode": false, "disagg_instance_id": 0, "disagg_max_slots_per_instance": 8, "disagg_transfer_redundancy": 1.25, "disagg_role_device": "auto", "disagg_transfer_backend": "auto", "disagg_transfer_pool_size": 268435456, "disagg_transfer_pin_memory": "auto", "disagg_p2p_hostname": "127.0.0.1", "disagg_ib_device": null, "disagg_server_addr": null, "encoder_urls": null, "denoiser_urls": null, "decoder_urls": null, "encoder_tp": null, "denoiser_tp": null, "denoiser_sp": null, "denoiser_ulysses": null, "denoiser_ring": null, "decoder_sp": null, "pool_work_endpoint": null, "pool_result_endpoint": null, "pool_control_endpoint": null, "pool_control_advertised_endpoint": null, "log_level": "info", "log_requests": false, "log_requests_level": 2, "log_requests_format": "text", "log_requests_target": null, "uvicorn_access_log_exclude_prefixes": [], "enable_cache_report": false, "enable_trace": false, "otlp_traces_endpoint": "localhost:4317", "srt_encoder_url": null, "srt_encoder_connect_timeout": 3.05, "srt_encoder_timeout": 100, "pe_server_url": null}
[10-07 23:52:28] Local mode: True
[10-07 23:52:28] Starting server...
[10-07 23:52:44] Scheduler (dp replica 0) bind at endpoint: tcp://127.0.0.1:5568
[10-07 23:52:44] torch.compile cache: TORCHINDUCTOR_CACHE_DIR=/root/.cache/sgl_diffusion/torch_compile_cache/inductor TRITON_CACHE_DIR=/root/.cache/sgl_diffusion/torch_compile_cache/triton
[10-07 23:52:44] Initializing distributed environment with world_size=1, device=cuda:0, timeout=3600
[10-07 23:52:44] Setting distributed timeout to 3600 seconds
[10-07 23:52:45] Detected Megatron Core, using Megatron-FSDP with Megatron.
[10-07 23:52:45] Detected Megatron Core, using Megatron-FSDP with Megatron.
[93m[10-07 23:52:48] Skipping pipeline module sglang.multimodal_gen.runtime.pipelines.hunyuan3d_pipeline during discovery due to import failure: No module named 'trimesh'[0;0m
[10-07 23:52:48] Requested pipeline_class_name: MiniMaxH3Pipeline
[10-07 23:52:48] Available pipelines in registry: ['ComfyUIFluxPipeline', 'ComfyUIQwenImagePipeline', 'ComfyUIQwenImageEditPipeline', 'ComfyUIZImagePipeline', 'Cosmos3OmniPipeline', 'Cosmos3OmniDiffusersPipeline', 'DiffusersPipeline', 'ErnieImagePipeline', 'FluxPipeline', 'Flux2Pipeline', 'Flux2KleinPipeline', 'Flux2NvfpPipeline', 'GlmImagePipeline', 'HeliosPipeline', 'HeliosPyramidPipeline', 'HunyuanVideoPipeline', 'Ideogram4Pipeline', 'Ideogram4Nvfp4Pipeline', 'Ideogram4FastPipeline', 'Ideogram4InstantPipeline', 'JoyEchoPipeline', 'JoyImageEditPipeline', 'Krea2Pipeline', 'LingBotVideoPipeline', 'LingBotWorldCausalDMDPipeline', 'LongCatImagePipeline', 'LongCatImageEditPipeline', 'LongLive2Pipeline', 'LTX2Pipeline', 'LTX2TwoStagePipeline', 'LTX2TwoStageHQPipeline', 'MiniMaxH3Pipeline', 'FastH3Pipeline', 'VDNH3Pipeline', 'MOVA', 'MOVAPipeline', 'Pi05Pipeline', 'QwenImagePipeline', 'QwenImageEditPipeline', 'QwenImageEditPlusPipeline', 'QwenImageLayeredPipeline', 'SanaPipeline', 'SanaVideoPipeline', 'SanaWMPipeline', 'SanaWMTwoStagePipeline', 'SanaWMRealtimePipeline', 'SenseNovaU1Pipeline', 'StableDiffusion3Pipeline', 'WanCausalDMDPipeline', 'WanDMDPipeline', 'WanImageToVideoDmdPipeline', 'WanImageToVideoPipeline', 'WanPipeline', 'ZImagePipeline']
[10-07 23:52:48] ✓ Using explicitly specified pipeline: MiniMaxH3Pipeline (class: MiniMaxH3Pipeline)
[10-07 23:52:48] Loading pipeline modules...
[10-07 23:52:48] Model path: /mnt/workspace/MiniMax-H3-SGLang/FL2VA
[10-07 23:52:48] Diffusers version: 0.32.2
[10-07 23:52:48] Loading pipeline modules from config: {'_class_name': 'MiniMaxH3Pipeline', '_diffusers_version': '0.32.2', 'text_encoder': ['transformers', 'MiniMaxH3Qwen3VLHFEncoder'], 'tokenizer': ['transformers', 'Qwen2TokenizerFast'], 'video_vae': ['diffusers', 'MiniMaxH3VideoVAE'], 'audio_vae': ['diffusers', 'MiniMaxH3AudioVAE'], 'scheduler': None, 'transformer': ['diffusers', 'MiniMaxH3DiTModel'], 'processor': ['transformers', 'Qwen3VLProcessor'], '_minimax_h3': {'schema_version': 1, 'partition': 'fl2va', 'tasks': ['t2va', 'fl2va'], 'task_aliases': {}, 'sigma_shift_scales': {'video': 12.0, 'audio': 3.0}}}
[10-07 23:52:48] Loading required components: ['processor', 'text_encoder', 'tokenizer', 'video_vae', 'audio_vae', 'transformer']
[10-07 23:52:48] Memory-aware component load order: ['text_encoder', 'transformer', 'audio_vae', 'video_vae', 'processor', 'tokenizer']

Loading required modules:   0%|          | 0/6 [00:00<?, ?it/s][10-07 23:52:48] Loading text_encoder from /mnt/workspace/MiniMax-H3-SGLang/FL2VA/text_encoder. avail mem: 78.38 GB
[10-07 23:52:48] Cannot use FlashAttention backend for head size 72.


Loading safetensors checkpoint shards: 0%|          | 0/12[A

Loading safetensors checkpoint shards: 8%|▊         | 1/12[A

Loading safetensors checkpoint shards: 17%|█▋        | 2/12[A

Loading safetensors checkpoint shards: 25%|██▌       | 3/12[A

Loading safetensors checkpoint shards: 33%|███▎      | 4/12[A

Loading safetensors checkpoint shards: 42%|████▏     | 5/12[A

Loading safetensors checkpoint shards: 50%|█████     | 6/12[A

Loading safetensors checkpoint shards: 58%|█████▊    | 7/12[A

Loading safetensors checkpoint shards: 67%|██████▋   | 8/12[A

Loading safetensors checkpoint shards: 75%|███████▌  | 9/12[A

Loading safetensors checkpoint shards: 83%|████████▎ | 10/12[A

Loading safetensors checkpoint shards: 92%|█████████▏| 11/12[A

Loading safetensors checkpoint shards: 100%|██████████| 12/12[A
Loading safetensors checkpoint shards: 100%|██████████| 12/12
[10-07 23:55:09] Attention backends for text_encoder: torch_sdpa, fa
[10-07 23:55:09] Loaded text_encoder: MiniMaxH3Qwen3VLEncoder (sgl-diffusion version). model size: 48.09 GB, host pageable: 48.09 GB. avail GPU mem: 78.38 GB

Loading required modules:  17%|█▋        | 1/6 [02:21<11:45, 141.12s/it][10-07 23:55:09] Loading transformer from /mnt/workspace/MiniMax-H3/transformer. avail mem: 78.38 GB
[10-07 23:55:09] Loading MiniMaxH3Transformer3DModel from 14 safetensors file(s) , param_dtype: torch.bfloat16


Loading safetensors checkpoint shards: 0%|          | 0/14[A

Loading safetensors checkpoint shards: 7%|▋         | 1/14[A

Loading safetensors checkpoint shards: 14%|█▍        | 2/14[A

Loading safetensors checkpoint shards: 21%|██▏       | 3/14[A

Loading safetensors checkpoint shards: 29%|██▊       | 4/14[A

Loading safetensors checkpoint shards: 36%|███▌      | 5/14[A

Loading safetensors checkpoint shards: 43%|████▎     | 6/14[A

Loading safetensors checkpoint shards: 50%|█████     | 7/14[A

Loading safetensors checkpoint shards: 57%|█████▋    | 8/14[A

Loading safetensors checkpoint shards: 64%|██████▍   | 9/14[A

Loading safetensors checkpoint shards: 71%|███████▏  | 10/14[A

Loading safetensors checkpoint shards: 79%|███████▊  | 11/14[A

Loading safetensors checkpoint shards: 86%|████████▌ | 12/14[A

Loading safetensors checkpoint shards: 93%|█████████▎| 13/14[A

Loading safetensors checkpoint shards: 100%|██████████| 14/14[A
Loading safetensors checkpoint shards: 100%|██████████| 14/14
[10-07 23:56:26] Loaded transformer: MiniMaxH3DiTModel (sgl-diffusion version). model size: 61.73 GB, host mmap: 35.60 GB, host pageable: 26.13 GB. avail GPU mem: 78.38 GB

Loading required modules:  33%|███▎      | 2/6 [03:37<06:53, 103.30s/it][10-07 23:56:26] Loading audio_vae from /mnt/workspace/MiniMax-H3-SGLang/FL2VA/audio_vae. avail mem: 78.38 GB
[10-07 23:56:29] Attention backends for audio_vae: torch_sdpa
[10-07 23:56:29] Loaded audio_vae: MiniMaxH3AudioVAE (sgl-diffusion version). model size: 0.56 GB, vram: 0.56 GB. avail GPU mem: 77.81 GB

Loading required modules:  50%|█████     | 3/6 [03:40<02:51, 57.24s/it] [10-07 23:56:29] Loading video_vae from /mnt/workspace/MiniMax-H3-SGLang/FL2VA/video_vae. avail mem: 77.81 GB
[10-07 23:56:29] video_vae (VAE) stays on its checkpoint mapping: the deployment is 143.75 GiB of weights against 5.87 GiB of host memory, so copies are host memory the streamed components need more.
[10-07 23:56:29] VAE: video_vae holds 288 decoder weights in torch.float16 from load (file-backed)
[10-07 23:56:29] Attention backends for video_vae: torch_sdpa
[10-07 23:56:29] Loaded video_vae: MiniMaxH3VideoVAE (sgl-diffusion version). model size: 5.2 GB, host mmap: 5.20 GB, host pageable: 0.00 GB. avail GPU mem: 77.81 GB

Loading required modules:  67%|██████▋   | 4/6 [03:40<01:09, 34.76s/it][10-07 23:56:29] Loading processor from /mnt/workspace/MiniMax-H3-SGLang/FL2VA/processor. avail mem: 77.81 GB
[10-07 23:56:29] Loaded processor: Qwen3VLProcessor (sgl-diffusion version). model size: NA GB, weights: none. avail GPU mem: 77.81 GB

Loading required modules:  83%|████████▎ | 5/6 [03:41<00:22, 22.38s/it][10-07 23:56:29] Loading tokenizer from /mnt/workspace/MiniMax-H3-SGLang/FL2VA/tokenizer. avail mem: 77.81 GB
[10-07 23:56:30] Loaded tokenizer: Qwen2Tokenizer (sgl-diffusion version). model size: NA GB, weights: none. avail GPU mem: 77.81 GB

Loading required modules: 100%|██████████| 6/6 [03:41<00:00, 14.91s/it]
Loading required modules: 100%|██████████| 6/6 [03:41<00:00, 36.92s/it]
[10-07 23:56:30] Creating pipeline stages...
[10-07 23:56:30] Using fa attention backend
[10-07 23:56:30] Pipeline instantiated
[10-07 23:56:30] Layerwise offload host memory: 5.8 GiB available (cgroup cap 125.0 GiB, in use 119.2 GiB)
[10-07 23:56:30] Configuring layerwise offload for transformer (MiniMaxH3DiTModel): token_refiner.blocks (2 layers), blocks (50 layers)
[10-07 23:56:30] Layerwise offload: transformer.blocks pins 2 of 50 layers (2.40 GiB of 3.84 GiB spendable). Of the rest, 0 are copied into pageable host memory and 48 stay on the checkpoint mapping. Pinning every layer would need 60.12 GiB.
[10-07 23:56:38] Layerwise offload ready for transformer (MiniMaxH3DiTModel) in 8.22s: groups=2, layers=52, prefetch/group=1, resident=0/52, policy=leading
[10-07 23:56:38] Configuring layerwise offload for text_encoder (MiniMaxH3Qwen3VLEncoder): model.language_model.layers (50 layers), model.visual.blocks (27 layers)
[10-07 23:56:38] Layerwise offload: text_encoder.model.language_model.layers pins 0 of 50 layers (0.00 GiB of 0.00 GiB spendable). Of the rest, 50 are copied into pageable host memory and 0 stay on the checkpoint mapping. Pinning every layer would need 45.41 GiB.
[10-07 23:56:45] Layerwise offload: text_encoder.model.visual.blocks pins 0 of 27 layers (0.00 GiB of 0.00 GiB spendable). Of the rest, 27 are copied into pageable host memory and 0 stay on the checkpoint mapping. Pinning every layer would need 0.77 GiB.
[10-07 23:56:47] Keeping Embedding (1.45 GiB) in host memory: a gather reads one row per token, so residency buys almost nothing.
[10-07 23:56:47] Layerwise offload ready for text_encoder (MiniMaxH3Qwen3VLEncoder) in 8.72s: groups=2, layers=77, prefetch/group=1, resident=0/77, policy=leading
[10-07 23:56:47] Configuring layerwise offload for video_vae (MiniMaxH3VideoVAE): decoder.transformer_blocks (36 layers)
[10-07 23:56:47] Layerwise offload: video_vae.decoder.transformer_blocks pins 0 of 36 layers (0.00 GiB of 0.00 GiB spendable). Of the rest, 0 are copied into pageable host memory and 36 stay on the checkpoint mapping. Pinning every layer would need 4.50 GiB.
[10-07 23:56:48] Layerwise offload: decoder.transformer_blocks ships mapped layers through a courier thread with 2 pinned slots, so their device copies overlap compute instead of stalling it.
[10-07 23:56:48] Layerwise offload ready for video_vae (MiniMaxH3VideoVAE) in 1.42s: groups=1, layers=36, prefetch/group=1, resident=36/36, policy=leading
[10-07 23:56:48] Layerwise offload summary: transformer (vram: 2.09 GB, host pinned: 3.84 GB, host mmap: 33.60 GB, host pageable: 24.12 GB), text_encoder (vram: 1.40 GB, host pageable: 47.63 GB), video_vae (vram: 0.70 GB, host mmap: 4.50 GB)
[10-07 23:56:48] Worker 0: Initialized device, model, and distributed environment.
[10-07 23:56:48] Worker 0: Scheduler loop started.
[10-07 23:56:48] Adjusting number of frames from 1 to 1 based on model
[10-07 23:56:48] Processing 1 grouped request(s)
[10-07 23:56:48] Sampling params:
                       width: 1344
                      height: 768
                  num_frames: 124
                         fps: 24
                      prompt: <redacted, len=121>
                  neg_prompt: None
                        seed: 0
                 infer_steps: 50
      num_outputs_per_prompt: 1
              guidance_scale: 1.0
     embedded_guidance_scale: 6.0
                    n_tokens: None
                  flow_shift: 12.0
                  image_path: None
                 save_output: True
            output_file_path: /mnt/workspace/outputs/sglang_raw-20261007-235200/video.mp4
        
[10-07 23:56:48] Running pipeline stages: ['InputValidationStage', 'MiniMaxH3PartitionAdmissionStage', 'MiniMaxH3TextEncodingStage', 'MiniMaxH3VisualEncodingStage', 'MiniMaxH3AudioEncodingStage', 'MiniMaxH3LatentPreparationStage', 'MiniMaxH3TimestepPreparationStage', 'MiniMaxH3DenoisingStage', 'MiniMaxH3DecodingStage']
[10-07 23:56:48] [InputValidationStage] started...
[10-07 23:56:48] [InputValidationStage] finished in 0.0001 seconds
[10-07 23:56:48] [MiniMaxH3PartitionAdmissionStage] started...
[10-07 23:56:48] [MiniMaxH3PartitionAdmissionStage] finished in 0.0000 seconds
[10-07 23:56:48] [MiniMaxH3TextEncodingStage] started...
[10-07 23:56:53] [MiniMaxH3TextEncodingStage] finished in 5.2339 seconds
[10-07 23:56:53] [MiniMaxH3VisualEncodingStage] started...
[10-07 23:56:53] [MiniMaxH3VisualEncodingStage] finished in 0.0006 seconds
[10-07 23:56:53] [MiniMaxH3AudioEncodingStage] started...
[10-07 23:56:53] [MiniMaxH3AudioEncodingStage] finished in 0.0000 seconds
[10-07 23:56:53] [MiniMaxH3LatentPreparationStage] started...
[10-07 23:56:53] [MiniMaxH3LatentPreparationStage] finished in 0.0248 seconds
[10-07 23:56:53] [MiniMaxH3TimestepPreparationStage] started...
[10-07 23:56:53] [MiniMaxH3TimestepPreparationStage] finished in 0.0022 seconds
[10-07 23:56:53] [MiniMaxH3DenoisingStage] started...

minimax_h3 denoise:   0%|          | 0/49 [00:00<?, ?it/s][10-07 23:56:55] Layerwise offload: blocks ships mapped layers through a courier thread with 2 pinned slots, so their device copies overlap compute instead of stalling it.

minimax_h3 denoise:   2%|▏         | 1/49 [01:39<1:19:23, 99.23s/it]
minimax_h3 denoise:   4%|▍         | 2/49 [03:17<1:17:26, 98.87s/it]
minimax_h3 denoise:   6%|▌         | 3/49 [04:56<1:15:41, 98.73s/it]
minimax_h3 denoise:   8%|▊         | 4/49 [06:35<1:14:01, 98.69s/it]
minimax_h3 denoise:  10%|█         | 5/49 [08:13<1:12:19, 98.63s/it]
minimax_h3 denoise:  12%|█▏        | 6/49 [09:52<1:10:41, 98.64s/it]
minimax_h3 denoise:  14%|█▍        | 7/49 [11:30<1:09:02, 98.64s/it]
minimax_h3 denoise:  16%|█▋        | 8/49 [13:09<1:07:23, 98.61s/it]
minimax_h3 denoise:  18%|█▊        | 9/49 [14:48<1:05:45, 98.63s/it]
minimax_h3 denoise:  20%|██        | 10/49 [16:26<1:04:05, 98.60s/it]
minimax_h3 denoise:  22%|██▏       | 11/49 [18:05<1:02:27, 98.61s/it]
minimax_h3 denoise:  24%|██▍       | 12/49 [19:43<1:00:47, 98.58s/it]
minimax_h3 denoise:  27%|██▋       | 13/49 [21:22<59:08, 98.57s/it]  
minimax_h3 denoise:  29%|██▊       | 14/49 [23:00<57:30, 98.58s/it]
minimax_h3 denoise:  31%|███       | 15/49 [24:39<55:51, 98.56s/it]
minimax_h3 denoise:  33%|███▎      | 16/49 [26:18<54:16, 98.68s/it]
minimax_h3 denoise:  35%|███▍      | 17/49 [27:56<52:36, 98.63s/it]
minimax_h3 denoise:  37%|███▋      | 18/49 [29:35<50:56, 98.61s/it]
minimax_h3 denoise:  39%|███▉      | 19/49 [31:13<49:17, 98.57s/it]
minimax_h3 denoise:  41%|████      | 20/49 [32:52<47:36, 98.48s/it]
minimax_h3 denoise:  43%|████▎     | 21/49 [34:30<45:55, 98.43s/it]
minimax_h3 denoise:  45%|████▍     | 22/49 [36:08<44:16, 98.38s/it]
minimax_h3 denoise:  47%|████▋     | 23/49 [37:47<42:37, 98.35s/it]
minimax_h3 denoise:  49%|████▉     | 24/49 [39:25<40:58, 98.34s/it]
minimax_h3 denoise:  51%|█████     | 25/49 [41:03<39:19, 98.32s/it]
minimax_h3 denoise:  53%|█████▎    | 26/49 [42:41<37:41, 98.31s/it]
minimax_h3 denoise:  55%|█████▌    | 27/49 [44:20<36:02, 98.30s/it]
minimax_h3 denoise:  57%|█████▋    | 28/49 [45:58<34:24, 98.30s/it]
minimax_h3 denoise:  59%|█████▉    | 29/49 [47:36<32:45, 98.30s/it]
minimax_h3 denoise:  61%|██████    | 30/49 [49:15<31:07, 98.29s/it]
minimax_h3 denoise:  63%|██████▎   | 31/49 [50:53<29:29, 98.29s/it]
minimax_h3 denoise:  65%|██████▌   | 32/49 [52:31<27:50, 98.29s/it]
minimax_h3 denoise:  67%|██████▋   | 33/49 [54:09<26:12, 98.29s/it]
minimax_h3 denoise:  69%|██████▉   | 34/49 [55:48<24:34, 98.29s/it]
minimax_h3 denoise:  71%|███████▏  | 35/49 [57:26<22:56, 98.29s/it]
minimax_h3 denoise:  73%|███████▎  | 36/49 [59:04<21:17, 98.29s/it]
minimax_h3 denoise:  76%|███████▌  | 37/49 [1:00:43<19:39, 98.30s/it]
minimax_h3 denoise:  78%|███████▊  | 38/49 [1:02:21<18:01, 98.33s/it]
minimax_h3 denoise:  80%|███████▉  | 39/49 [1:03:59<16:23, 98.36s/it]
minimax_h3 denoise:  82%|████████▏ | 40/49 [1:05:38<14:45, 98.38s/it]
minimax_h3 denoise:  84%|████████▎ | 41/49 [1:07:16<13:07, 98.39s/it]
minimax_h3 denoise:  86%|████████▌ | 42/49 [1:08:55<11:28, 98.40s/it]
minimax_h3 denoise:  88%|████████▊ | 43/49 [1:10:33<09:50, 98.41s/it]
minimax_h3 denoise:  90%|████████▉ | 44/49 [1:12:12<08:12, 98.41s/it]
minimax_h3 denoise:  92%|█████████▏| 45/49 [1:13:50<06:33, 98.41s/it]
minimax_h3 denoise:  94%|█████████▍| 46/49 [1:15:28<04:55, 98.42s/it]
minimax_h3 denoise:  96%|█████████▌| 47/49 [1:17:07<03:16, 98.41s/it]
minimax_h3 denoise:  98%|█████████▊| 48/49 [1:18:45<01:38, 98.41s/it]
minimax_h3 denoise: 100%|██████████| 49/49 [1:20:24<00:00, 98.41s/it]
minimax_h3 denoise: 100%|██████████| 49/49 [1:20:24<00:00, 98.45s/it]
[10-08 01:17:18] Layerwise offload: blocks read 1646.0 GiB straight from the drive this pass (11760 tensors served from the page cache; mean sampled residency 0.63 over 18816 probes).
[10-08 01:17:18] [MiniMaxH3DenoisingStage] finished in 4824.6253 seconds
[10-08 01:17:18] [MiniMaxH3DecodingStage] started...
[10-08 01:17:42] Layerwise offload: decoder.transformer_blocks read 4.4 GiB straight from the drive this pass (292 tensors served from the page cache; mean sampled residency 0.68 over 432 probes).
[10-08 01:17:43] [MiniMaxH3DecodingStage] finished in 25.0759 seconds
[10-08 01:17:45] Output saved to [1;36m/mnt/workspace/outputs/sglang_raw-20261007-235200/video.mp4[0;0m
[10-08 01:17:45] Metrics dumped to: [1;36m/mnt/workspace/runs/sglang_raw-20261007-235200/perf.json[0;0m
[10-08 01:17:45] Pixel data generated successfully in [92m4856.54[0;0m seconds
[10-08 01:17:45] Memory usage - Max peak: 13776.00 MB, Avg peak: 13776.00 MB
[10-08 01:17:45] Metrics dumped to: [1;36m/mnt/workspace/runs/sglang_raw-20261007-235200/perf.json[0;0m
[93m[10-08 01:17:51] Generator was garbage collected without being shut down. Forcing local server and client cleanup.[0;0m
/usr/local/lib/python3.12/multiprocessing/resource_tracker.py:279: UserWarning: resource_tracker: There appear to be 1 leaked semaphore objects to clean up at shutdown
  warnings.warn('resource_tracker: There appear to be %d '
