[mon ] telemetry -> /mnt/workspace/runs/batch5_sage_fbcache025-20260928-105413
[init] loading pipeline config from /mnt/workspace/MiniMax-H3
[mem] after config load            host_used=   3.6 GiB  hbm=   0.0 GiB  hbm_peak=   0.0 GiB

Loading weights:   0%|                                | 0/1058 [00:00<?, ?it/s]
Loading weights:   0%|                      | 1/1058 [00:07<2:08:57,  7.32s/it]
Loading weights:   0%|                        | 4/1058 [00:08<27:41,  1.58s/it]
Loading weights:   0%|                        | 5/1058 [00:09<26:55,  1.53s/it]
Loading weights:   1%|▏                      | 10/1058 [00:09<10:05,  1.73it/s]
Loading weights:   1%|▎                      | 15/1058 [00:10<06:24,  2.72it/s]
Loading weights:   2%|▎                      | 16/1058 [00:11<07:08,  2.43it/s]
Loading weights:   2%|▎                      | 17/1058 [00:12<07:55,  2.19it/s]
Loading weights:   2%|▍                      | 20/1058 [00:12<05:23,  3.21it/s]
Loading weights:   2%|▍                      | 22/1058 [00:12<04:27,  3.88it/s]
Loading weights:   2%|▌                      | 26/1058 [00:14<05:12,  3.30it/s]
Loading weights:   3%|▌                      | 28/1058 [00:14<05:25,  3.16it/s]
Loading weights:   3%|▋                      | 32/1058 [00:15<03:39,  4.68it/s]
Loading weights:   3%|▋                      | 33/1058 [00:15<03:41,  4.63it/s]
Loading weights:   3%|▊                      | 37/1058 [00:15<03:25,  4.98it/s]
Loading weights:   4%|▊                      | 38/1058 [00:16<04:32,  3.74it/s]
Loading weights:   4%|▊                      | 39/1058 [00:17<05:44,  2.96it/s]
Loading weights:   4%|▉                      | 43/1058 [00:17<03:31,  4.80it/s]
Loading weights:   4%|▉                      | 44/1058 [00:17<03:33,  4.74it/s]
Loading weights:   5%|█                      | 48/1058 [00:18<03:21,  5.01it/s]
Loading weights:   5%|█                      | 49/1058 [00:19<04:33,  3.69it/s]
Loading weights:   5%|█                      | 50/1058 [00:20<05:46,  2.91it/s]
Loading weights:   5%|█▏                     | 53/1058 [00:20<03:57,  4.24it/s]
Loading weights:   5%|█▏                     | 55/1058 [00:20<03:22,  4.96it/s]
Loading weights:   6%|█▎                     | 59/1058 [00:21<03:13,  5.15it/s]
Loading weights:   6%|█▎                     | 60/1058 [00:21<04:24,  3.77it/s]
Loading weights:   6%|█▎                     | 61/1058 [00:22<05:38,  2.94it/s]
Loading weights:   6%|█▍                     | 65/1058 [00:22<03:24,  4.86it/s]
Loading weights:   6%|█▍                     | 67/1058 [00:23<03:00,  5.48it/s]
Loading weights:   7%|█▌                     | 70/1058 [00:23<03:22,  4.87it/s]
Loading weights:   7%|█▌                     | 71/1058 [00:24<04:34,  3.60it/s]
Loading weights:   7%|█▌                     | 72/1058 [00:25<05:45,  2.85it/s]
Loading weights:   7%|█▋                     | 76/1058 [00:25<03:25,  4.78it/s]
Loading weights:   7%|█▋                     | 77/1058 [00:25<03:28,  4.70it/s]
Loading weights:   8%|█▊                     | 81/1058 [00:27<04:33,  3.57it/s]
Loading weights:   8%|█▊                     | 83/1058 [00:27<04:52,  3.34it/s]
Loading weights:   8%|█▉                     | 87/1058 [00:28<03:15,  4.96it/s]
Loading weights:   8%|█▉                     | 89/1058 [00:28<02:56,  5.50it/s]
Loading weights:   9%|█▉                     | 91/1058 [00:29<03:37,  4.45it/s]
Loading weights:   9%|██                     | 93/1058 [00:29<04:04,  3.94it/s]
Loading weights:   9%|██                     | 94/1058 [00:30<05:14,  3.07it/s]
Loading weights:   9%|██▏                    | 98/1058 [00:30<03:13,  4.96it/s]
Loading weights:   9%|██                    | 100/1058 [00:31<02:52,  5.57it/s]
Loading weights:  10%|██▏                   | 103/1058 [00:31<03:13,  4.93it/s]
Loading weights:  10%|██▏                   | 104/1058 [00:32<04:22,  3.64it/s]
Loading weights:  10%|██▏                   | 105/1058 [00:33<05:33,  2.86it/s]
Loading weights:  10%|██▎                   | 109/1058 [00:33<03:17,  4.81it/s]
Loading weights:  10%|██▎                   | 110/1058 [00:33<03:19,  4.75it/s]
Loading weights:  11%|██▎                   | 114/1058 [00:35<04:15,  3.69it/s]
Loading weights:  11%|██▍                   | 116/1058 [00:35<04:30,  3.48it/s]
Loading weights:  11%|██▍                   | 119/1058 [00:35<03:23,  4.62it/s]
Loading weights:  12%|██▌                   | 122/1058 [00:36<02:38,  5.92it/s]
Loading weights:  12%|██▌                   | 124/1058 [00:36<03:20,  4.66it/s]
Loading weights:  12%|██▌                   | 126/1058 [00:37<03:46,  4.11it/s]
Loading weights:  12%|██▋                   | 127/1058 [00:38<04:37,  3.35it/s]
Loading weights:  12%|██▋                   | 131/1058 [00:38<02:54,  5.32it/s]
Loading weights:  12%|██▋                   | 132/1058 [00:38<02:57,  5.21it/s]
Loading weights:  13%|██▊                   | 136/1058 [00:39<02:51,  5.36it/s]
Loading weights:  13%|██▊                   | 137/1058 [00:40<03:55,  3.91it/s]
Loading weights:  13%|██▊                   | 138/1058 [00:40<05:02,  3.04it/s]
Loading weights:  13%|██▉                   | 142/1058 [00:40<03:03,  5.00it/s]
Loading weights:  14%|██▉                   | 144/1058 [00:41<02:42,  5.63it/s]
Loading weights:  14%|███                   | 147/1058 [00:41<03:02,  5.00it/s]
Loading weights:  14%|███                   | 148/1058 [00:42<04:05,  3.71it/s]
Loading weights:  14%|███                   | 149/1058 [00:43<05:12,  2.91it/s]
Loading weights:  14%|███▏                  | 153/1058 [00:43<02:59,  5.03it/s]
Loading weights:  15%|███▎                  | 158/1058 [00:44<02:36,  5.73it/s]
Loading weights:  15%|███▎                  | 159/1058 [00:44<03:33,  4.21it/s]
Loading weights:  15%|███▎                  | 160/1058 [00:45<04:34,  3.27it/s]
Loading weights:  16%|███▍                  | 164/1058 [00:45<02:54,  5.12it/s]
Loading weights:  16%|███▍                  | 166/1058 [00:46<02:37,  5.68it/s]
Loading weights:  16%|███▌                  | 169/1058 [00:46<02:58,  4.99it/s]
Loading weights:  16%|███▌                  | 170/1058 [00:48<05:31,  2.68it/s]
Loading weights:  17%|███▋                  | 175/1058 [00:48<03:26,  4.27it/s]
Loading weights:  17%|███▋                  | 180/1058 [00:49<02:54,  5.05it/s]
Loading weights:  17%|███▊                  | 181/1058 [00:50<03:41,  3.96it/s]
Loading weights:  17%|███▊                  | 182/1058 [00:50<04:34,  3.19it/s]
Loading weights:  18%|███▊                  | 186/1058 [00:51<02:59,  4.85it/s]
Loading weights:  18%|███▉                  | 188/1058 [00:51<02:40,  5.42it/s]
Loading weights:  18%|███▉                  | 190/1058 [00:52<03:20,  4.34it/s]
Loading weights:  18%|███▉                  | 192/1058 [00:52<03:48,  3.80it/s]
Loading weights:  18%|████                  | 193/1058 [00:53<04:49,  2.99it/s]
Loading weights:  19%|████                  | 197/1058 [00:53<02:56,  4.89it/s]
Loading weights:  19%|████                  | 198/1058 [00:54<02:58,  4.83it/s]
Loading weights:  19%|████▏                 | 202/1058 [00:55<03:51,  3.70it/s]
Loading weights:  19%|████▏                 | 204/1058 [00:56<04:08,  3.43it/s]
Loading weights:  20%|████▎                 | 208/1058 [00:56<02:47,  5.07it/s]
Loading weights:  20%|████▎                 | 209/1058 [00:56<02:50,  4.98it/s]
Loading weights:  20%|████▍                 | 214/1058 [00:56<01:37,  8.70it/s]
Loading weights:  21%|████▋                 | 225/1058 [00:56<00:43, 18.97it/s]
Loading weights:  22%|████▊                 | 230/1058 [00:57<00:39, 21.06it/s]
Loading weights:  22%|████▉                 | 237/1058 [00:57<00:29, 27.39it/s]
Loading weights:  23%|█████                 | 246/1058 [00:58<00:58, 13.96it/s]
Loading weights:  24%|█████▏                | 250/1058 [00:58<00:59, 13.47it/s]
Loading weights:  24%|█████▎                | 253/1058 [00:58<00:57, 14.08it/s]
Loading weights:  24%|█████▍                | 259/1058 [00:58<00:42, 18.58it/s]
Loading weights:  25%|█████▌                | 269/1058 [00:59<00:31, 25.14it/s]
Loading weights:  26%|█████▋                | 273/1058 [00:59<00:41, 18.78it/s]
Loading weights:  26%|█████▋                | 276/1058 [00:59<00:55, 14.10it/s]
Loading weights:  26%|█████▊                | 279/1058 [01:00<01:23,  9.38it/s]
Loading weights:  27%|█████▊                | 281/1058 [01:02<02:38,  4.92it/s]
Loading weights:  27%|█████▉                | 285/1058 [01:02<02:03,  6.28it/s]
Loading weights:  27%|█████▉                | 287/1058 [01:02<01:56,  6.62it/s]
Loading weights:  27%|██████                | 289/1058 [01:03<02:30,  5.12it/s]
Loading weights:  28%|██████                | 291/1058 [01:04<02:58,  4.30it/s]
Loading weights:  28%|██████                | 292/1058 [01:04<03:49,  3.34it/s]
Loading weights:  28%|██████▏               | 296/1058 [01:05<02:27,  5.15it/s]
Loading weights:  28%|██████▏               | 298/1058 [01:05<02:12,  5.73it/s]
Loading weights:  28%|██████▎               | 301/1058 [01:05<02:29,  5.05it/s]
Loading weights:  29%|██████▎               | 302/1058 [01:06<03:13,  3.91it/s]
Loading weights:  29%|██████▎               | 303/1058 [01:07<04:08,  3.04it/s]
Loading weights:  29%|██████▍               | 307/1058 [01:07<02:29,  5.01it/s]
Loading weights:  29%|██████▍               | 309/1058 [01:07<02:11,  5.70it/s]
Loading weights:  29%|██████▍               | 312/1058 [01:08<02:27,  5.04it/s]
Loading weights:  30%|██████▌               | 313/1058 [01:09<04:21,  2.84it/s]
Loading weights:  30%|██████▌               | 318/1058 [01:09<02:25,  5.10it/s]
Loading weights:  30%|██████▋               | 320/1058 [01:10<02:08,  5.73it/s]
Loading weights:  31%|██████▋               | 323/1058 [01:10<02:25,  5.07it/s]
Loading weights:  31%|██████▋               | 324/1058 [01:11<03:15,  3.76it/s]
Loading weights:  31%|██████▊               | 325/1058 [01:12<04:07,  2.96it/s]
Loading weights:  31%|██████▊               | 329/1058 [01:12<02:50,  4.28it/s]
Loading weights:  32%|██████▉               | 334/1058 [01:13<02:19,  5.19it/s]
Loading weights:  32%|██████▉               | 335/1058 [01:13<02:15,  5.35it/s]
Loading weights:  33%|███████▏              | 345/1058 [01:13<00:55, 12.88it/s]
Loading weights:  33%|███████▏              | 348/1058 [01:14<01:07, 10.50it/s]
Loading weights:  33%|███████▎              | 351/1058 [01:14<01:14,  9.49it/s]
Loading weights:  34%|███████▍              | 356/1058 [01:15<01:21,  8.58it/s]
Loading weights:  34%|███████▍              | 358/1058 [01:16<02:21,  4.93it/s]
Loading weights:  34%|███████▌              | 362/1058 [01:17<01:56,  5.97it/s]
Loading weights:  35%|███████▋              | 367/1058 [01:17<01:46,  6.47it/s]
Loading weights:  35%|███████▋              | 368/1058 [01:18<02:01,  5.67it/s]
Loading weights:  36%|███████▊              | 377/1058 [01:18<00:58, 11.58it/s]
Loading weights:  36%|███████▉              | 380/1058 [01:19<01:28,  7.63it/s]
Loading weights:  36%|███████▉              | 384/1058 [01:19<01:20,  8.35it/s]
Loading weights:  37%|████████              | 389/1058 [01:19<01:18,  8.57it/s]
Loading weights:  37%|████████▏             | 391/1058 [01:21<02:08,  5.20it/s]
Loading weights:  37%|████████▏             | 395/1058 [01:21<01:38,  6.72it/s]
Loading weights:  38%|████████▎             | 397/1058 [01:21<01:33,  7.10it/s]
Loading weights:  38%|████████▎             | 399/1058 [01:21<01:35,  6.93it/s]
Loading weights:  39%|████████▌             | 411/1058 [01:22<00:38, 17.03it/s]
Loading weights:  40%|████████▊             | 422/1058 [01:22<00:23, 26.72it/s]
Loading weights:  40%|████████▉             | 427/1058 [01:22<00:28, 22.09it/s]
Loading weights:  41%|████████▉             | 431/1058 [01:22<00:33, 18.51it/s]
Loading weights:  41%|█████████             | 435/1058 [01:24<01:32,  6.74it/s]
Loading weights:  41%|█████████▏            | 439/1058 [01:24<01:17,  7.98it/s]
Loading weights:  42%|█████████▏            | 442/1058 [01:25<01:10,  8.68it/s]
Loading weights:  42%|█████████▏            | 444/1058 [01:26<01:57,  5.24it/s]
Loading weights:  42%|█████████▎            | 446/1058 [01:26<02:10,  4.67it/s]
Loading weights:  43%|█████████▎            | 450/1058 [01:27<01:44,  5.84it/s]
Loading weights:  43%|█████████▍            | 455/1058 [01:27<01:30,  6.65it/s]
Loading weights:  43%|█████████▍            | 456/1058 [01:29<02:30,  3.99it/s]
Loading weights:  44%|█████████▌            | 461/1058 [01:29<01:47,  5.57it/s]
Loading weights:  44%|█████████▋            | 466/1058 [01:30<01:35,  6.20it/s]
Loading weights:  44%|█████████▋            | 467/1058 [01:30<01:59,  4.93it/s]
Loading weights:  44%|█████████▋            | 468/1058 [01:31<02:15,  4.36it/s]
Loading weights:  45%|█████████▊            | 472/1058 [01:31<01:27,  6.66it/s]
Loading weights:  45%|█████████▊            | 474/1058 [01:31<01:16,  7.64it/s]
Loading weights:  45%|█████████▉            | 477/1058 [01:31<01:24,  6.91it/s]
Loading weights:  45%|█████████▉            | 479/1058 [01:32<02:15,  4.27it/s]
Loading weights:  46%|██████████            | 483/1058 [01:33<01:30,  6.33it/s]
Loading weights:  46%|██████████            | 485/1058 [01:33<01:21,  7.04it/s]
Loading weights:  46%|██████████▏           | 488/1058 [01:33<01:28,  6.41it/s]
Loading weights:  46%|██████████▏           | 490/1058 [01:35<02:34,  3.68it/s]
Loading weights:  47%|██████████▎           | 494/1058 [01:35<01:57,  4.80it/s]
Loading weights:  47%|██████████▎           | 498/1058 [01:36<01:50,  5.05it/s]
Loading weights:  47%|██████████▍           | 500/1058 [01:37<02:06,  4.40it/s]
Loading weights:  47%|██████████▍           | 501/1058 [01:37<02:39,  3.48it/s]
Loading weights:  48%|██████████▌           | 505/1058 [01:37<01:46,  5.21it/s]
Loading weights:  48%|██████████▌           | 507/1058 [01:38<01:34,  5.86it/s]
Loading weights:  48%|██████████▌           | 510/1058 [01:38<01:44,  5.23it/s]
Loading weights:  48%|██████████▋           | 511/1058 [01:39<02:20,  3.89it/s]
Loading weights:  48%|██████████▋           | 512/1058 [01:40<02:56,  3.09it/s]
Loading weights:  49%|██████████▋           | 516/1058 [01:40<01:47,  5.06it/s]
Loading weights:  49%|██████████▊           | 518/1058 [01:40<01:34,  5.72it/s]
Loading weights:  49%|██████████▊           | 520/1058 [01:41<01:56,  4.60it/s]
Loading weights:  49%|██████████▊           | 522/1058 [01:41<02:11,  4.08it/s]
Loading weights:  49%|██████████▉           | 523/1058 [01:42<02:43,  3.28it/s]
Loading weights:  50%|██████████▉           | 527/1058 [01:42<01:38,  5.40it/s]
Loading weights:  50%|███████████           | 529/1058 [01:43<01:27,  6.02it/s]
Loading weights:  50%|███████████           | 532/1058 [01:43<01:34,  5.55it/s]
Loading weights:  50%|███████████           | 533/1058 [01:44<01:56,  4.52it/s]
Loading weights:  50%|███████████           | 534/1058 [01:44<02:13,  3.91it/s]
Loading weights:  51%|███████████▏          | 540/1058 [01:44<01:01,  8.43it/s]
Loading weights:  51%|███████████▎          | 544/1058 [01:44<00:44, 11.55it/s]
Loading weights:  52%|███████████▍          | 548/1058 [01:44<00:34, 14.93it/s]
Loading weights:  52%|███████████▌          | 554/1058 [01:45<00:23, 21.17it/s]
Loading weights:  53%|███████████▌          | 558/1058 [01:45<00:25, 19.59it/s]
Loading weights:  53%|███████████▋          | 565/1058 [01:45<00:20, 23.60it/s]
Loading weights:  54%|███████████▊          | 568/1058 [01:45<00:23, 20.44it/s]
Loading weights:  54%|███████████▉          | 576/1058 [01:45<00:16, 28.43it/s]
Loading weights:  55%|████████████          | 580/1058 [01:46<00:17, 27.50it/s]
Loading weights:  56%|████████████▏         | 588/1058 [01:46<00:14, 33.42it/s]
Loading weights:  57%|████████████▍         | 598/1058 [01:46<00:12, 37.38it/s]
Loading weights:  57%|████████████▌         | 604/1058 [01:46<00:11, 41.08it/s]
Loading weights:  58%|████████████▋         | 610/1058 [01:46<00:10, 42.45it/s]
Loading weights:  58%|████████████▊         | 617/1058 [01:46<00:09, 48.12it/s]
Loading weights:  59%|████████████▉         | 623/1058 [01:46<00:10, 43.39it/s]
Loading weights:  60%|█████████████         | 631/1058 [01:47<00:08, 50.09it/s]
Loading weights:  60%|█████████████▏        | 637/1058 [01:47<00:08, 48.84it/s]
Loading weights:  61%|█████████████▎        | 643/1058 [01:47<00:08, 50.40it/s]
Loading weights:  62%|█████████████▌        | 653/1058 [01:47<00:07, 56.44it/s]
Loading weights:  62%|█████████████▋        | 659/1058 [01:47<00:07, 54.09it/s]
Loading weights:  63%|█████████████▊        | 666/1058 [01:47<00:07, 52.51it/s]
Loading weights:  64%|██████████████        | 677/1058 [01:47<00:06, 61.04it/s]
Loading weights:  65%|██████████████▎       | 687/1058 [01:47<00:05, 62.56it/s]
Loading weights:  66%|██████████████▍       | 694/1058 [01:48<00:05, 64.11it/s]
Loading weights:  66%|██████████████▌       | 701/1058 [01:48<00:06, 53.10it/s]
Loading weights:  76%|███████████████▊     | 799/1058 [01:48<00:00, 259.07it/s]
Loading weights:  90%|██████████████████▊  | 948/1058 [01:48<00:00, 550.19it/s]
Loading weights:  96%|███████████████████▏| 1014/1058 [01:48<00:00, 432.35it/s]
Loading weights: 100%|█████████████████████| 1058/1058 [01:48<00:00,  9.71it/s]
[load] text_encoder: 33.36B params -> bfloat16 33.36B/62.1GiB
[load] ['text_encoder', 'tokenizer', 'processor'] in 112.0s
[mem] loaded for text_encoder      host_used=   3.9 GiB  hbm=  62.1 GiB  hbm_peak=  62.1 GiB
[run ] text_encoder:0 took 0.9s
[run ] text_encoder:1 took 0.1s
[run ] text_encoder:2 took 0.1s
[run ] text_encoder:3 took 0.1s
[run ] text_encoder:4 took 0.1s
[mem] ran text_encoder             host_used=   4.4 GiB  hbm=  62.1 GiB  hbm_peak=  62.2 GiB
[free] ['text_encoder']

Loading checkpoint shards:   0%|                         | 0/3 [00:00<?, ?it/s]
Loading checkpoint shards:  33%|█████▋           | 1/3 [00:02<00:04,  2.18s/it]
Loading checkpoint shards:  67%|███████████▎     | 2/3 [00:03<00:01,  1.39s/it]
Loading checkpoint shards: 100%|█████████████████| 3/3 [00:03<00:00,  1.03s/it]
/usr/local/lib/python3.12/site-packages/torch/nn/utils/weight_norm.py:144: FutureWarning: `torch.nn.utils.weight_norm` is deprecated in favor of `torch.nn.utils.parametrizations.weight_norm`.
  WeightNorm.apply(module, name, dim)
[load] vae: 2.60B params -> float32 2.60B/9.7GiB
[load] audio_vae: 0.15B params -> float32 0.15B/0.6GiB
[load] ['vae', 'audio_vae'] in 3.7s
[mem] loaded for vae_encoder       host_used=   4.4 GiB  hbm=  10.3 GiB  hbm_peak=  62.2 GiB
[run ] vae_encoder:0 took 0.0s
[run ] vae_encoder:1 took 0.0s
[run ] vae_encoder:2 took 0.0s
[run ] vae_encoder:3 took 0.0s
[run ] vae_encoder:4 took 0.0s
[mem] ran vae_encoder              host_used=   4.4 GiB  hbm=  10.3 GiB  hbm_peak=  62.2 GiB
[free] ['vae', 'audio_vae']

Loading checkpoint shards:   0%|                        | 0/14 [00:00<?, ?it/s]
Loading checkpoint shards:   7%|█▏              | 1/14 [00:11<02:29, 11.51s/it]
Loading checkpoint shards:  14%|██▎             | 2/14 [00:23<02:22, 11.85s/it]
Loading checkpoint shards:  21%|███▍            | 3/14 [00:36<02:15, 12.34s/it]
Loading checkpoint shards:  29%|████▌           | 4/14 [00:48<02:02, 12.21s/it]
Loading checkpoint shards:  36%|█████▋          | 5/14 [01:00<01:49, 12.18s/it]
Loading checkpoint shards:  43%|██████▊         | 6/14 [01:13<01:38, 12.34s/it]
Loading checkpoint shards:  50%|████████        | 7/14 [01:25<01:25, 12.24s/it]
Loading checkpoint shards:  57%|█████████▏      | 8/14 [01:37<01:13, 12.25s/it]
Loading checkpoint shards:  64%|██████████▎     | 9/14 [01:50<01:01, 12.37s/it]
Loading checkpoint shards:  71%|██████████▋    | 10/14 [02:02<00:49, 12.33s/it]
Loading checkpoint shards:  79%|███████████▊   | 11/14 [02:15<00:37, 12.43s/it]
Loading checkpoint shards:  86%|████████████▊  | 12/14 [02:28<00:25, 12.66s/it]
Loading checkpoint shards:  93%|█████████████▉ | 13/14 [02:40<00:12, 12.54s/it]
Loading checkpoint shards: 100%|███████████████| 14/14 [02:41<00:00,  8.98s/it]
Loading checkpoint shards: 100%|███████████████| 14/14 [02:41<00:00, 11.52s/it]
[load] transformer: 33.12B params -> bfloat16 33.11B/61.7GiB, float32 0.02B/0.1GiB
[load] ['transformer', 'scheduler', 'audio_scheduler'] in 161.4s
[mem] loaded for denoise           host_used=   4.4 GiB  hbm=  61.8 GiB  hbm_peak=  62.2 GiB
[fbc ] FBCache enabled: threshold=0.25

  0%|                                                   | 0/49 [00:00<?, ?it/s]
  2%|▉                                          | 1/49 [00:15<12:27, 15.57s/it]
  4%|█▊                                         | 2/49 [00:15<05:10,  6.60s/it]
  6%|██▋                                        | 3/49 [00:16<02:51,  3.73s/it]
  8%|███▌                                       | 4/49 [00:16<01:47,  2.39s/it]
 10%|████▍                                      | 5/49 [00:26<03:44,  5.10s/it]
 12%|█████▎                                     | 6/49 [00:32<03:50,  5.36s/it]
 14%|██████▏                                    | 7/49 [00:32<02:35,  3.71s/it]
 16%|███████                                    | 8/49 [00:32<01:48,  2.64s/it]
 18%|███████▉                                   | 9/49 [00:33<01:16,  1.91s/it]
 20%|████████▌                                 | 10/49 [00:43<02:51,  4.39s/it]
 22%|█████████▍                                | 11/49 [00:49<03:03,  4.83s/it]
 24%|██████████▎                               | 12/49 [00:49<02:08,  3.46s/it]
 27%|███████████▏                              | 13/49 [00:49<01:30,  2.51s/it]
 29%|████████████                              | 14/49 [00:50<01:04,  1.85s/it]
 31%|████████████▊                             | 15/49 [00:50<00:47,  1.39s/it]
 33%|█████████████▋                            | 16/49 [00:50<00:35,  1.07s/it]
 35%|██████████████▌                           | 17/49 [00:51<00:27,  1.18it/s]
 37%|███████████████▍                          | 18/49 [01:00<01:50,  3.57s/it]
 39%|████████████████▎                         | 19/49 [01:06<02:07,  4.25s/it]
 41%|█████████████████▏                        | 20/49 [01:07<01:29,  3.07s/it]
 43%|██████████████████                        | 21/49 [01:07<01:02,  2.25s/it]
 45%|██████████████████▊                       | 22/49 [01:07<00:45,  1.67s/it]
 47%|███████████████████▋                      | 23/49 [01:08<00:32,  1.27s/it]
 49%|████████████████████▌                     | 24/49 [01:08<00:24,  1.02it/s]
 51%|█████████████████████▍                    | 25/49 [01:08<00:18,  1.27it/s]
 53%|██████████████████████▎                   | 26/49 [01:09<00:14,  1.55it/s]
 55%|███████████████████████▏                  | 27/49 [01:09<00:12,  1.82it/s]
 57%|████████████████████████                  | 28/49 [01:09<00:10,  2.07it/s]
 59%|████████████████████████▊                 | 29/49 [01:19<01:06,  3.31s/it]
 61%|█████████████████████████▋                | 30/49 [01:25<01:17,  4.07s/it]
 63%|██████████████████████████▌               | 31/49 [01:25<00:52,  2.94s/it]
 65%|███████████████████████████▍              | 32/49 [01:26<00:36,  2.16s/it]
 67%|████████████████████████████▎             | 33/49 [01:26<00:25,  1.61s/it]
 69%|█████████████████████████████▏            | 34/49 [01:26<00:18,  1.22s/it]
 71%|██████████████████████████████            | 35/49 [01:27<00:13,  1.05it/s]
 73%|██████████████████████████████▊           | 36/49 [01:27<00:09,  1.31it/s]
 76%|███████████████████████████████▋          | 37/49 [01:27<00:07,  1.58it/s]
 78%|████████████████████████████████▌         | 38/49 [01:37<00:37,  3.41s/it]
 80%|█████████████████████████████████▍        | 39/49 [01:43<00:41,  4.14s/it]
 82%|██████████████████████████████████▎       | 40/49 [01:43<00:26,  2.99s/it]
 84%|███████████████████████████████████▏      | 41/49 [01:44<00:17,  2.19s/it]
 86%|████████████████████████████████████      | 42/49 [01:44<00:11,  1.63s/it]
 88%|████████████████████████████████████▊     | 43/49 [01:44<00:07,  1.24s/it]
 90%|█████████████████████████████████████▋    | 44/49 [01:54<00:19,  3.84s/it]
 92%|██████████████████████████████████████▌   | 45/49 [02:00<00:17,  4.44s/it]
 94%|███████████████████████████████████████▍  | 46/49 [02:00<00:09,  3.20s/it]
 96%|████████████████████████████████████████▎ | 47/49 [02:01<00:04,  2.34s/it]
 98%|█████████████████████████████████████████▏| 48/49 [02:10<00:04,  4.61s/it]
100%|██████████████████████████████████████████| 49/49 [02:16<00:00,  4.98s/it]
100%|██████████████████████████████████████████| 49/49 [02:16<00:00,  2.79s/it]
[run ] denoise:0 took 136.9s
[mem] ran denoise:0                host_used=   4.5 GiB  hbm=  63.0 GiB  hbm_peak=  69.3 GiB

  0%|                                                   | 0/49 [00:00<?, ?it/s]
  2%|▉                                          | 1/49 [00:15<12:20, 15.42s/it]
  4%|█▊                                         | 2/49 [00:15<05:07,  6.54s/it]
  6%|██▋                                        | 3/49 [00:16<02:50,  3.70s/it]
  8%|███▌                                       | 4/49 [00:25<04:36,  6.15s/it]
 10%|████▍                                      | 5/49 [00:31<04:25,  6.04s/it]
 12%|█████▎                                     | 6/49 [00:32<02:56,  4.10s/it]
 14%|██████▏                                    | 7/49 [00:32<02:00,  2.86s/it]
 16%|███████                                    | 8/49 [00:32<01:24,  2.06s/it]
 18%|███████▉                                   | 9/49 [00:42<03:00,  4.51s/it]
 20%|████████▌                                 | 10/49 [00:48<03:11,  4.92s/it]
 22%|█████████▍                                | 11/49 [00:48<02:13,  3.51s/it]
 24%|██████████▎                               | 12/49 [00:49<01:34,  2.54s/it]
 27%|███████████▏                              | 13/49 [00:49<01:07,  1.87s/it]
 29%|████████████                              | 14/49 [00:49<00:49,  1.40s/it]
 31%|████████████▊                             | 15/49 [00:50<00:36,  1.08s/it]
 33%|█████████████▋                            | 16/49 [00:50<00:28,  1.17it/s]
 35%|██████████████▌                           | 17/49 [01:00<01:54,  3.57s/it]
 37%|███████████████▍                          | 18/49 [01:06<02:11,  4.25s/it]
 39%|████████████████▎                         | 19/49 [01:06<01:32,  3.07s/it]
 41%|█████████████████▏                        | 20/49 [01:06<01:05,  2.25s/it]
 43%|██████████████████                        | 21/49 [01:07<00:46,  1.67s/it]
 45%|██████████████████▊                       | 22/49 [01:07<00:34,  1.27s/it]
 47%|███████████████████▋                      | 23/49 [01:07<00:25,  1.02it/s]
 49%|████████████████████▌                     | 24/49 [01:08<00:19,  1.27it/s]
 51%|█████████████████████▍                    | 25/49 [01:08<00:15,  1.54it/s]
 53%|██████████████████████▎                   | 26/49 [01:08<00:12,  1.82it/s]
 55%|███████████████████████▏                  | 27/49 [01:09<00:10,  2.07it/s]
 57%|████████████████████████                  | 28/49 [01:19<01:09,  3.31s/it]
 59%|████████████████████████▊                 | 29/49 [01:24<01:21,  4.07s/it]
 61%|█████████████████████████▋                | 30/49 [01:25<00:55,  2.94s/it]
 63%|██████████████████████████▌               | 31/49 [01:25<00:38,  2.16s/it]
 65%|███████████████████████████▍              | 32/49 [01:25<00:27,  1.61s/it]
 67%|████████████████████████████▎             | 33/49 [01:26<00:19,  1.22s/it]
 69%|█████████████████████████████▏            | 34/49 [01:26<00:14,  1.05it/s]
 71%|██████████████████████████████            | 35/49 [01:26<00:10,  1.31it/s]
 73%|██████████████████████████████▊           | 36/49 [01:27<00:08,  1.58it/s]
 76%|███████████████████████████████▋          | 37/49 [01:37<00:40,  3.41s/it]
 78%|████████████████████████████████▌         | 38/49 [01:42<00:45,  4.14s/it]
 80%|█████████████████████████████████▍        | 39/49 [01:43<00:29,  2.99s/it]
 82%|██████████████████████████████████▎       | 40/49 [01:43<00:19,  2.19s/it]
 84%|███████████████████████████████████▏      | 41/49 [01:43<00:13,  1.63s/it]
 86%|████████████████████████████████████      | 42/49 [01:44<00:08,  1.24s/it]
 88%|████████████████████████████████████▊     | 43/49 [01:54<00:23,  3.84s/it]
 90%|█████████████████████████████████████▋    | 44/49 [01:59<00:22,  4.44s/it]
 92%|██████████████████████████████████████▌   | 45/49 [02:00<00:12,  3.20s/it]
 94%|███████████████████████████████████████▍  | 46/49 [02:00<00:07,  2.34s/it]
 96%|████████████████████████████████████████▎ | 47/49 [02:10<00:09,  4.60s/it]
 98%|█████████████████████████████████████████▏| 48/49 [02:16<00:04,  4.97s/it]
100%|██████████████████████████████████████████| 49/49 [02:26<00:00,  6.45s/it]
100%|██████████████████████████████████████████| 49/49 [02:26<00:00,  2.98s/it]
[run ] denoise:1 took 146.3s
[mem] ran denoise:1                host_used=   4.5 GiB  hbm=  63.0 GiB  hbm_peak=  69.3 GiB

  0%|                                                   | 0/49 [00:00<?, ?it/s]
  2%|▉                                          | 1/49 [00:15<12:19, 15.41s/it]
  4%|█▊                                         | 2/49 [00:15<05:07,  6.53s/it]
  6%|██▋                                        | 3/49 [00:16<02:50,  3.70s/it]
  8%|███▌                                       | 4/49 [00:16<01:46,  2.37s/it]
 10%|████▍                                      | 5/49 [00:26<03:43,  5.09s/it]
 12%|█████▎                                     | 6/49 [00:32<03:49,  5.34s/it]
 14%|██████▏                                    | 7/49 [00:32<02:35,  3.70s/it]
 16%|███████                                    | 8/49 [00:32<01:47,  2.63s/it]
 18%|███████▉                                   | 9/49 [00:33<01:16,  1.91s/it]
 20%|████████▌                                 | 10/49 [00:33<00:55,  1.42s/it]
 22%|█████████▍                                | 11/49 [00:43<02:32,  4.02s/it]
 24%|██████████▎                               | 12/49 [00:49<02:49,  4.57s/it]
 27%|███████████▏                              | 13/49 [00:49<01:58,  3.28s/it]
 29%|████████████                              | 14/49 [00:49<01:23,  2.39s/it]
 31%|████████████▊                             | 15/49 [00:50<01:00,  1.77s/it]
 33%|█████████████▋                            | 16/49 [00:50<00:43,  1.33s/it]
 35%|██████████████▌                           | 17/49 [00:50<00:32,  1.03s/it]
 37%|███████████████▍                          | 18/49 [00:51<00:25,  1.22it/s]
 39%|████████████████▎                         | 19/49 [00:51<00:20,  1.49it/s]
 41%|█████████████████▏                        | 20/49 [01:01<01:39,  3.44s/it]
 43%|██████████████████                        | 21/49 [01:07<01:56,  4.16s/it]
 45%|██████████████████▊                       | 22/49 [01:07<01:21,  3.01s/it]
 47%|███████████████████▋                      | 23/49 [01:07<00:57,  2.20s/it]
 49%|████████████████████▌                     | 24/49 [01:08<00:40,  1.64s/it]
 51%|█████████████████████▍                    | 25/49 [01:08<00:29,  1.24s/it]
 53%|██████████████████████▎                   | 26/49 [01:08<00:22,  1.03it/s]
 55%|███████████████████████▏                  | 27/49 [01:09<00:17,  1.29it/s]
 57%|████████████████████████                  | 28/49 [01:09<00:13,  1.56it/s]
 59%|████████████████████████▊                 | 29/49 [01:09<00:10,  1.83it/s]
 61%|█████████████████████████▋                | 30/49 [01:19<01:03,  3.35s/it]
 63%|██████████████████████████▌               | 31/49 [01:25<01:13,  4.10s/it]
 65%|███████████████████████████▍              | 32/49 [01:25<00:50,  2.96s/it]
 67%|████████████████████████████▎             | 33/49 [01:26<00:34,  2.17s/it]
 69%|█████████████████████████████▏            | 34/49 [01:26<00:24,  1.62s/it]
 71%|██████████████████████████████            | 35/49 [01:26<00:17,  1.23s/it]
 73%|██████████████████████████████▊           | 36/49 [01:27<00:12,  1.04it/s]
 76%|███████████████████████████████▋          | 37/49 [01:27<00:09,  1.30it/s]
 78%|████████████████████████████████▌         | 38/49 [01:37<00:38,  3.51s/it]
 80%|█████████████████████████████████▍        | 39/49 [01:43<00:42,  4.20s/it]
 82%|██████████████████████████████████▎       | 40/49 [01:43<00:27,  3.04s/it]
 84%|███████████████████████████████████▏      | 41/49 [01:43<00:17,  2.23s/it]
 86%|████████████████████████████████████      | 42/49 [01:44<00:11,  1.65s/it]
 88%|████████████████████████████████████▊     | 43/49 [01:44<00:07,  1.26s/it]
 90%|█████████████████████████████████████▋    | 44/49 [01:54<00:19,  3.85s/it]
 92%|██████████████████████████████████████▌   | 45/49 [02:00<00:17,  4.44s/it]
 94%|███████████████████████████████████████▍  | 46/49 [02:00<00:09,  3.21s/it]
 96%|████████████████████████████████████████▎ | 47/49 [02:10<00:10,  5.21s/it]
 98%|█████████████████████████████████████████▏| 48/49 [02:16<00:05,  5.40s/it]
100%|██████████████████████████████████████████| 49/49 [02:26<00:00,  6.75s/it]
100%|██████████████████████████████████████████| 49/49 [02:26<00:00,  2.98s/it]
[run ] denoise:2 took 146.2s
[mem] ran denoise:2                host_used=   4.6 GiB  hbm=  63.0 GiB  hbm_peak=  69.4 GiB

  0%|                                                   | 0/49 [00:00<?, ?it/s]
  2%|▉                                          | 1/49 [00:15<12:19, 15.41s/it]
  4%|█▊                                         | 2/49 [00:15<05:06,  6.53s/it]
  6%|██▋                                        | 3/49 [00:16<02:50,  3.70s/it]
  8%|███▌                                       | 4/49 [00:16<01:46,  2.37s/it]
 10%|████▍                                      | 5/49 [00:26<03:43,  5.08s/it]
 12%|█████▎                                     | 6/49 [00:32<03:49,  5.34s/it]
 14%|██████▏                                    | 7/49 [00:32<02:35,  3.70s/it]
 16%|███████                                    | 8/49 [00:32<01:47,  2.62s/it]
 18%|███████▉                                   | 9/49 [00:33<01:16,  1.91s/it]
 20%|████████▌                                 | 10/49 [00:42<02:50,  4.37s/it]
 22%|█████████▍                                | 11/49 [00:48<03:03,  4.82s/it]
 24%|██████████▎                               | 12/49 [00:49<02:07,  3.45s/it]
 27%|███████████▏                              | 13/49 [00:49<01:30,  2.50s/it]
 29%|████████████                              | 14/49 [00:49<01:04,  1.85s/it]
 31%|████████████▊                             | 15/49 [00:50<00:47,  1.39s/it]
 33%|█████████████▋                            | 16/49 [00:50<00:35,  1.07s/it]
 35%|██████████████▌                           | 17/49 [00:50<00:26,  1.19it/s]
 37%|███████████████▍                          | 18/49 [01:00<01:50,  3.56s/it]
 39%|████████████████▎                         | 19/49 [01:06<02:07,  4.24s/it]
 41%|█████████████████▏                        | 20/49 [01:06<01:28,  3.07s/it]
 43%|██████████████████                        | 21/49 [01:07<01:02,  2.24s/it]
 45%|██████████████████▊                       | 22/49 [01:07<00:45,  1.67s/it]
 47%|███████████████████▋                      | 23/49 [01:07<00:32,  1.26s/it]
 49%|████████████████████▌                     | 24/49 [01:08<00:24,  1.02it/s]
 51%|█████████████████████▍                    | 25/49 [01:08<00:18,  1.27it/s]
 53%|██████████████████████▎                   | 26/49 [01:08<00:14,  1.55it/s]
 55%|███████████████████████▏                  | 27/49 [01:09<00:12,  1.82it/s]
 57%|████████████████████████                  | 28/49 [01:18<01:10,  3.35s/it]
 59%|████████████████████████▊                 | 29/49 [01:24<01:21,  4.10s/it]
 61%|█████████████████████████▋                | 30/49 [01:25<00:56,  2.96s/it]
 63%|██████████████████████████▌               | 31/49 [01:25<00:39,  2.17s/it]
 65%|███████████████████████████▍              | 32/49 [01:25<00:27,  1.62s/it]
 67%|████████████████████████████▎             | 33/49 [01:26<00:19,  1.23s/it]
 69%|█████████████████████████████▏            | 34/49 [01:26<00:14,  1.04it/s]
 71%|██████████████████████████████            | 35/49 [01:26<00:10,  1.30it/s]
 73%|██████████████████████████████▊           | 36/49 [01:27<00:08,  1.58it/s]
 76%|███████████████████████████████▋          | 37/49 [01:36<00:40,  3.41s/it]
 78%|████████████████████████████████▌         | 38/49 [01:42<00:45,  4.14s/it]
 80%|█████████████████████████████████▍        | 39/49 [01:43<00:29,  2.99s/it]
 82%|██████████████████████████████████▎       | 40/49 [01:43<00:19,  2.19s/it]
 84%|███████████████████████████████████▏      | 41/49 [01:43<00:13,  1.63s/it]
 86%|████████████████████████████████████      | 42/49 [01:44<00:08,  1.24s/it]
 88%|████████████████████████████████████▊     | 43/49 [01:53<00:23,  3.83s/it]
 90%|█████████████████████████████████████▋    | 44/49 [01:59<00:22,  4.43s/it]
 92%|██████████████████████████████████████▌   | 45/49 [02:00<00:12,  3.20s/it]
 94%|███████████████████████████████████████▍  | 46/49 [02:00<00:07,  2.34s/it]
 96%|████████████████████████████████████████▎ | 47/49 [02:10<00:09,  4.60s/it]
 98%|█████████████████████████████████████████▏| 48/49 [02:16<00:04,  4.97s/it]
100%|██████████████████████████████████████████| 49/49 [02:26<00:00,  6.44s/it]
100%|██████████████████████████████████████████| 49/49 [02:26<00:00,  2.98s/it]
[run ] denoise:3 took 146.1s
[mem] ran denoise:3                host_used=   4.6 GiB  hbm=  63.1 GiB  hbm_peak=  69.4 GiB

  0%|                                                   | 0/49 [00:00<?, ?it/s]
  2%|▉                                          | 1/49 [00:15<12:19, 15.40s/it]
  4%|█▊                                         | 2/49 [00:15<05:06,  6.53s/it]
  6%|██▋                                        | 3/49 [00:16<02:49,  3.69s/it]
  8%|███▌                                       | 4/49 [00:25<04:36,  6.14s/it]
 10%|████▍                                      | 5/49 [00:31<04:25,  6.03s/it]
 12%|█████▎                                     | 6/49 [00:32<02:55,  4.09s/it]
 14%|██████▏                                    | 7/49 [00:32<02:00,  2.86s/it]
 16%|███████                                    | 8/49 [00:32<01:24,  2.05s/it]
 18%|███████▉                                   | 9/49 [00:42<03:00,  4.50s/it]
 20%|████████▌                                 | 10/49 [00:48<03:11,  4.91s/it]
 22%|█████████▍                                | 11/49 [00:48<02:13,  3.51s/it]
 24%|██████████▎                               | 12/49 [00:49<01:33,  2.54s/it]
 27%|███████████▏                              | 13/49 [00:49<01:07,  1.87s/it]
 29%|████████████                              | 14/49 [00:49<00:49,  1.40s/it]
 31%|████████████▊                             | 15/49 [00:50<00:36,  1.08s/it]
 33%|█████████████▋                            | 16/49 [00:50<00:28,  1.18it/s]
 35%|██████████████▌                           | 17/49 [01:00<01:54,  3.57s/it]
 37%|███████████████▍                          | 18/49 [01:06<02:11,  4.25s/it]
 39%|████████████████▎                         | 19/49 [01:06<01:32,  3.07s/it]
 41%|█████████████████▏                        | 20/49 [01:06<01:05,  2.25s/it]
 43%|██████████████████                        | 21/49 [01:07<00:46,  1.67s/it]
 45%|██████████████████▊                       | 22/49 [01:07<00:34,  1.27s/it]
 47%|███████████████████▋                      | 23/49 [01:07<00:25,  1.02it/s]
 49%|████████████████████▌                     | 24/49 [01:08<00:19,  1.27it/s]
 51%|█████████████████████▍                    | 25/49 [01:08<00:15,  1.55it/s]
 53%|██████████████████████▎                   | 26/49 [01:08<00:12,  1.82it/s]
 55%|███████████████████████▏                  | 27/49 [01:09<00:10,  2.07it/s]
 57%|████████████████████████                  | 28/49 [01:18<01:09,  3.31s/it]
 59%|████████████████████████▊                 | 29/49 [01:24<01:21,  4.06s/it]
 61%|█████████████████████████▋                | 30/49 [01:25<00:55,  2.94s/it]
 63%|██████████████████████████▌               | 31/49 [01:25<00:38,  2.16s/it]
 65%|███████████████████████████▍              | 32/49 [01:25<00:27,  1.61s/it]
 67%|████████████████████████████▎             | 33/49 [01:26<00:19,  1.22s/it]
 69%|█████████████████████████████▏            | 34/49 [01:26<00:14,  1.05it/s]
 71%|██████████████████████████████            | 35/49 [01:26<00:10,  1.31it/s]
 73%|██████████████████████████████▊           | 36/49 [01:27<00:08,  1.58it/s]
 76%|███████████████████████████████▋          | 37/49 [01:36<00:40,  3.41s/it]
 78%|████████████████████████████████▌         | 38/49 [01:42<00:45,  4.13s/it]
 80%|█████████████████████████████████▍        | 39/49 [01:43<00:29,  2.99s/it]
 82%|██████████████████████████████████▎       | 40/49 [01:43<00:19,  2.19s/it]
 84%|███████████████████████████████████▏      | 41/49 [01:43<00:13,  1.63s/it]
 86%|████████████████████████████████████      | 42/49 [01:44<00:08,  1.24s/it]
 88%|████████████████████████████████████▊     | 43/49 [01:53<00:22,  3.83s/it]
 90%|█████████████████████████████████████▋    | 44/49 [01:59<00:22,  4.43s/it]
 92%|██████████████████████████████████████▌   | 45/49 [02:00<00:12,  3.20s/it]
 94%|███████████████████████████████████████▍  | 46/49 [02:00<00:07,  2.33s/it]
 96%|████████████████████████████████████████▎ | 47/49 [02:10<00:09,  4.60s/it]
 98%|█████████████████████████████████████████▏| 48/49 [02:16<00:04,  4.96s/it]
100%|██████████████████████████████████████████| 49/49 [02:25<00:00,  6.44s/it]
100%|██████████████████████████████████████████| 49/49 [02:25<00:00,  2.98s/it]
[run ] denoise:4 took 146.0s
[mem] ran denoise:4                host_used=   4.6 GiB  hbm=  63.1 GiB  hbm_peak=  69.4 GiB
[free] ['transformer', 'scheduler', 'audio_scheduler']

Loading checkpoint shards:   0%|                         | 0/3 [00:00<?, ?it/s]
Loading checkpoint shards:  33%|█████▋           | 1/3 [00:01<00:03,  1.63s/it]
Loading checkpoint shards:  67%|███████████▎     | 2/3 [00:02<00:01,  1.17s/it]
Loading checkpoint shards: 100%|█████████████████| 3/3 [00:02<00:00,  1.18it/s]
[load] vae: 2.60B params -> float32 2.60B/9.7GiB
[load] audio_vae: 0.15B params -> float32 0.15B/0.6GiB
[load] ['vae', 'audio_vae'] in 3.1s
[mem] loaded for decode            host_used=   4.6 GiB  hbm=  10.4 GiB  hbm_peak=  69.4 GiB
[run ] decode:0 took 19.4s
[mem] ran decode:0                 host_used=   5.4 GiB  hbm=  10.7 GiB  hbm_peak=  69.4 GiB
[out ] /mnt/workspace/outputs/batch5_sage_fbcache025-20260928-105413/video-0.mp4 frames=124 audio=(165600, 2) sr=32000
[run ] decode:1 took 17.8s
[mem] ran decode:1                 host_used=   5.4 GiB  hbm=  10.6 GiB  hbm_peak=  69.4 GiB
[out ] /mnt/workspace/outputs/batch5_sage_fbcache025-20260928-105413/video-1.mp4 frames=124 audio=(165600, 2) sr=32000
[run ] decode:2 took 17.6s
[mem] ran decode:2                 host_used=   5.4 GiB  hbm=  10.6 GiB  hbm_peak=  69.4 GiB
[out ] /mnt/workspace/outputs/batch5_sage_fbcache025-20260928-105413/video-2.mp4 frames=124 audio=(165600, 2) sr=32000
[run ] decode:3 took 17.6s
[mem] ran decode:3                 host_used=   5.4 GiB  hbm=  10.6 GiB  hbm_peak=  69.4 GiB
[out ] /mnt/workspace/outputs/batch5_sage_fbcache025-20260928-105413/video-3.mp4 frames=124 audio=(165600, 2) sr=32000
[run ] decode:4 took 17.6s
[mem] ran decode:4                 host_used=   5.5 GiB  hbm=  10.6 GiB  hbm_peak=  69.4 GiB
[out ] /mnt/workspace/outputs/batch5_sage_fbcache025-20260928-105413/video-4.mp4 frames=124 audio=(165600, 2) sr=32000
[free] ['vae', 'audio_vae']
[done] batch of 5 videos, wall time 1132.1s
