[run ] sglang_sage_cachedit024_mc9_resident50-20261009-220305
[cmd ] /usr/local/bin/python3 -m sglang.multimodal_gen.runtime.entrypoints.cli.main generate --config /mnt/workspace/runs/sglang_sage_cachedit024_mc9_resident50-20261009-220305/config.json --perf-dump-path /mnt/workspace/runs/sglang_sage_cachedit024_mc9_resident50-20261009-220305/perf.json --output-file-path /mnt/workspace/outputs/sglang_sage_cachedit024_mc9_resident50-20261009-220305/video.mp4
WARNING:sglang.multimodal_gen.registry:Skipping pipeline module sglang.multimodal_gen.runtime.pipelines.hunyuan3d_pipeline during discovery due to import failure: No module named 'trimesh'
ERROR:sglang.multimodal_gen.registry:Could not read model config for '/mnt/workspace/MiniMax-H3-SGLang': Model directory /mnt/workspace/MiniMax-H3-SGLang does not contain model_index.json. Only HuggingFace diffusers format is supported.
[10-09 22:03:34] Applying performance_mode=memory
[10-09 22:03:34] Using layerwise offload components: dit, text_encoder, vae. This reduces peak GPU memory and can increase latency; use --performance-mode speed for GPU-resident defaults when memory allows.
[10-09 22:03:34] Using sage_attn attention backend
[10-09 22:03:34] server_args: {"model_path": "/mnt/workspace/MiniMax-H3-SGLang", "model_subfolder": null, "model_variant": "fl2va", "model_id": null, "served_model_name": "/mnt/workspace/MiniMax-H3-SGLang", "backend": "sglang", "attention_backend": null, "enable_attention_backend_autotune": false, "attention_backend_config": {}, "component_attention_backends": {"transformer": "sage_attn"}, "cache_dit_config": null, "nccl_port": null, "enable_nccl_nvls": false, "trust_remote_code": false, "revision": null, "num_gpus": 1, "performance_mode": "memory", "base_gpu_id": 0, "gpu_ids": null, "nnodes": 1, "node_rank": 0, "dist_init_addr": null, "tp_size": 1, "sp_degree": 1, "ulysses_degree": 1, "ring_degree": 1, "kv_gather_degree": 1, "sp_split_auto": false, "dp_size": 1, "enable_cfg_parallel": false, "cfg_parallel_degree": 1, "encoder_parallel": "auto", "hsdp_replicate_dim": 1, "hsdp_shard_dim": 1, "dist_timeout": 3600, "scheduler_rpc_timeout": null, "pipeline_class_name": "MiniMaxH3Pipeline", "lora_path": null, "lora_nickname": "default", "lora_scale": 1.0, "lora_alpha": null, "lora_merge_mode": "auto", "lora_weight_name": null, "component_paths": {"transformer": "/mnt/workspace/MiniMax-H3/transformer"}, "component_weights_paths": {}, "component_direct_gpu_weight_loading": {}, "component_quantizations": {}, "component_precisions": {}, "component_quantization_ignored_layers": {}, "load_diffusion_decoder": false, "transformer_weights_path": null, "minimax_h3_adaln_cache_path": null, "minimax_h3_adaln_online": false, "minimax_h3_adaln_plan_width": 4, "minimax_h3_adaln_host_cache_gb": 8.0, "quantization": null, "quantization_ignored_layers": null, "lora_target_modules": null, "component_residency": null, "cpu_offload_components": null, "dit_cpu_offload": true, "direct_gpu_weight_loading": false, "dit_layerwise_offload": false, "layerwise_offload_components": ["dit", "text_encoder", "vae"], "dit_offload_prefetch_size": 0.0, "dit_layerwise_resident_layers": 50.0, "dit_layerwise_residency_policy": "leading", "layerwise_prefetch_size": {}, "layerwise_resident_layers": {"video_vae": 36}, "layerwise_residency_policy": {}, "offload_during_compile": true, "text_encoder_cpu_offload": false, "image_encoder_cpu_offload": false, "vae_cpu_offload": false, "use_fsdp_inference": false, "pin_cpu_memory": true, "ltx2_two_stage_device_mode": null, "comfyui_mode": false, "enable_torch_compile": false, "regional_compile": false, "enable_breakable_cuda_graph": false, "bcg_text_buckets": null, "enable_layerwise_nvtx_marker": false, "warmup_mode": "off", "warmup_resolutions": null, "warmup_num_frames": null, "warmup_steps": 1, "warmup_sampling_params": null, "disable_autocast": false, "master_port": 30005, "host": "127.0.0.1", "port": 30000, "webui": false, "webui_port": 12312, "scheduler_port": 5566, "scheduler_ports": [5566], "batching_mode": "dynamic", "batching_max_size": 1, "batching_delay_ms": 0.0, "batching_config": null, "enable_batching_metrics": false, "strict_ports": false, "output_path": "/mnt/workspace/outputs/sglang_sage_cachedit024_mc9_resident50-20261009-220305", "input_save_path": "inputs/uploads", "prompt_file_path": null, "model_paths": {}, "model_loaded": {"transformer": true, "vae": true, "video_vae": true, "audio_vae": true, "video_dit": true, "audio_dit": true, "dual_tower_bridge": true}, "boundary_ratio": null, "disagg_role": "monolithic", "disagg_timeout": 3600, "disagg_downstream_wait_timeout": 1800, "disagg_dispatch_policy": "round_robin", "disagg_mode": false, "disagg_instance_id": 0, "disagg_max_slots_per_instance": 8, "disagg_transfer_redundancy": 1.25, "disagg_role_device": "auto", "disagg_transfer_backend": "auto", "disagg_transfer_pool_size": 268435456, "disagg_transfer_pin_memory": "auto", "disagg_p2p_hostname": "127.0.0.1", "disagg_ib_device": null, "disagg_server_addr": null, "encoder_urls": null, "denoiser_urls": null, "decoder_urls": null, "encoder_tp": null, "denoiser_tp": null, "denoiser_sp": null, "denoiser_ulysses": null, "denoiser_ring": null, "decoder_sp": null, "pool_work_endpoint": null, "pool_result_endpoint": null, "pool_control_endpoint": null, "pool_control_advertised_endpoint": null, "log_level": "info", "log_requests": false, "log_requests_level": 2, "log_requests_format": "text", "log_requests_target": null, "uvicorn_access_log_exclude_prefixes": [], "enable_cache_report": false, "enable_trace": false, "otlp_traces_endpoint": "localhost:4317", "srt_encoder_url": null, "srt_encoder_connect_timeout": 3.05, "srt_encoder_timeout": 100, "pe_server_url": null}
[10-09 22:03:34] Local mode: True
[10-09 22:03:34] Starting server...
[10-09 22:03:50] Scheduler (dp replica 0) bind at endpoint: tcp://127.0.0.1:5566
[10-09 22:03:50] torch.compile cache: TORCHINDUCTOR_CACHE_DIR=/root/.cache/sgl_diffusion/torch_compile_cache/inductor TRITON_CACHE_DIR=/root/.cache/sgl_diffusion/torch_compile_cache/triton
[10-09 22:03:50] Initializing distributed environment with world_size=1, device=cuda:0, timeout=3600
[10-09 22:03:50] Setting distributed timeout to 3600 seconds
[10-09 22:03:50] Detected Megatron Core, using Megatron-FSDP with Megatron.
[10-09 22:03:50] Detected Megatron Core, using Megatron-FSDP with Megatron.
[93m[10-09 22:03:54] Skipping pipeline module sglang.multimodal_gen.runtime.pipelines.hunyuan3d_pipeline during discovery due to import failure: No module named 'trimesh'[0;0m
[10-09 22:03:54] Requested pipeline_class_name: MiniMaxH3Pipeline
[10-09 22:03:54] Available pipelines in registry: ['ComfyUIFluxPipeline', 'ComfyUIQwenImagePipeline', 'ComfyUIQwenImageEditPipeline', 'ComfyUIZImagePipeline', 'Cosmos3OmniPipeline', 'Cosmos3OmniDiffusersPipeline', 'DiffusersPipeline', 'ErnieImagePipeline', 'FluxPipeline', 'Flux2Pipeline', 'Flux2KleinPipeline', 'Flux2NvfpPipeline', 'GlmImagePipeline', 'HeliosPipeline', 'HeliosPyramidPipeline', 'HunyuanVideoPipeline', 'Ideogram4Pipeline', 'Ideogram4Nvfp4Pipeline', 'Ideogram4FastPipeline', 'Ideogram4InstantPipeline', 'JoyEchoPipeline', 'JoyImageEditPipeline', 'Krea2Pipeline', 'LingBotVideoPipeline', 'LingBotWorldCausalDMDPipeline', 'LongCatImagePipeline', 'LongCatImageEditPipeline', 'LongLive2Pipeline', 'LTX2Pipeline', 'LTX2TwoStagePipeline', 'LTX2TwoStageHQPipeline', 'MiniMaxH3Pipeline', 'FastH3Pipeline', 'VDNH3Pipeline', 'MOVA', 'MOVAPipeline', 'Pi05Pipeline', 'QwenImagePipeline', 'QwenImageEditPipeline', 'QwenImageEditPlusPipeline', 'QwenImageLayeredPipeline', 'SanaPipeline', 'SanaVideoPipeline', 'SanaWMPipeline', 'SanaWMTwoStagePipeline', 'SanaWMRealtimePipeline', 'SenseNovaU1Pipeline', 'StableDiffusion3Pipeline', 'WanCausalDMDPipeline', 'WanDMDPipeline', 'WanImageToVideoDmdPipeline', 'WanImageToVideoPipeline', 'WanPipeline', 'ZImagePipeline']
[10-09 22:03:54] ✓ Using explicitly specified pipeline: MiniMaxH3Pipeline (class: MiniMaxH3Pipeline)
[10-09 22:03:54] Loading pipeline modules...
[10-09 22:03:54] Model path: /mnt/workspace/MiniMax-H3-SGLang/FL2VA
[10-09 22:03:54] Diffusers version: 0.32.2
[10-09 22:03:54] Loading pipeline modules from config: {'_class_name': 'MiniMaxH3Pipeline', '_diffusers_version': '0.32.2', 'text_encoder': ['transformers', 'MiniMaxH3Qwen3VLHFEncoder'], 'tokenizer': ['transformers', 'Qwen2TokenizerFast'], 'video_vae': ['diffusers', 'MiniMaxH3VideoVAE'], 'audio_vae': ['diffusers', 'MiniMaxH3AudioVAE'], 'scheduler': None, 'transformer': ['diffusers', 'MiniMaxH3DiTModel'], 'processor': ['transformers', 'Qwen3VLProcessor'], '_minimax_h3': {'schema_version': 1, 'partition': 'fl2va', 'tasks': ['t2va', 'fl2va'], 'task_aliases': {}, 'sigma_shift_scales': {'video': 12.0, 'audio': 3.0}}}
[10-09 22:03:54] Loading required components: ['processor', 'text_encoder', 'tokenizer', 'video_vae', 'audio_vae', 'transformer']
[10-09 22:03:54] Memory-aware component load order: ['text_encoder', 'transformer', 'audio_vae', 'video_vae', 'processor', 'tokenizer']

Loading required modules:   0%|          | 0/6 [00:00<?, ?it/s][10-09 22:03:54] Loading text_encoder from /mnt/workspace/MiniMax-H3-SGLang/FL2VA/text_encoder. avail mem: 78.38 GB
[10-09 22:03:54] Cannot use FlashAttention backend for head size 72.


Loading safetensors checkpoint shards: 0%|          | 0/12[A

Loading safetensors checkpoint shards: 8%|▊         | 1/12[A

Loading safetensors checkpoint shards: 17%|█▋        | 2/12[A

Loading safetensors checkpoint shards: 25%|██▌       | 3/12[A

Loading safetensors checkpoint shards: 33%|███▎      | 4/12[A

Loading safetensors checkpoint shards: 42%|████▏     | 5/12[A

Loading safetensors checkpoint shards: 50%|█████     | 6/12[A

Loading safetensors checkpoint shards: 58%|█████▊    | 7/12[A

Loading safetensors checkpoint shards: 67%|██████▋   | 8/12[A

Loading safetensors checkpoint shards: 75%|███████▌  | 9/12[A

Loading safetensors checkpoint shards: 83%|████████▎ | 10/12[A

Loading safetensors checkpoint shards: 92%|█████████▏| 11/12[A

Loading safetensors checkpoint shards: 100%|██████████| 12/12[A
Loading safetensors checkpoint shards: 100%|██████████| 12/12
[10-09 22:06:14] Attention backends for text_encoder: torch_sdpa, fa
[10-09 22:06:14] Loaded text_encoder: MiniMaxH3Qwen3VLEncoder (sgl-diffusion version). model size: 48.09 GB, host pageable: 48.09 GB. avail GPU mem: 78.38 GB

Loading required modules:  17%|█▋        | 1/6 [02:19<11:38, 139.70s/it][10-09 22:06:14] Using sage_attn backend for component: transformer
[10-09 22:06:14] Loading transformer from /mnt/workspace/MiniMax-H3/transformer. avail mem: 78.38 GB
[10-09 22:06:14] Loading MiniMaxH3Transformer3DModel from 14 safetensors file(s) , param_dtype: torch.bfloat16


Loading safetensors checkpoint shards: 0%|          | 0/14[A

Loading safetensors checkpoint shards: 7%|▋         | 1/14[A

Loading safetensors checkpoint shards: 14%|█▍        | 2/14[A

Loading safetensors checkpoint shards: 21%|██▏       | 3/14[A

Loading safetensors checkpoint shards: 29%|██▊       | 4/14[A

Loading safetensors checkpoint shards: 36%|███▌      | 5/14[A

Loading safetensors checkpoint shards: 43%|████▎     | 6/14[A

Loading safetensors checkpoint shards: 50%|█████     | 7/14[A

Loading safetensors checkpoint shards: 57%|█████▋    | 8/14[A

Loading safetensors checkpoint shards: 64%|██████▍   | 9/14[A

Loading safetensors checkpoint shards: 71%|███████▏  | 10/14[A

Loading safetensors checkpoint shards: 79%|███████▊  | 11/14[A

Loading safetensors checkpoint shards: 86%|████████▌ | 12/14[A

Loading safetensors checkpoint shards: 93%|█████████▎| 13/14[A

Loading safetensors checkpoint shards: 100%|██████████| 14/14[A
Loading safetensors checkpoint shards: 100%|██████████| 14/14
[10-09 22:07:31] Attention backends for transformer: sage_attn (deferred first-use selection)
[10-09 22:07:31] Loaded transformer: MiniMaxH3DiTModel (sgl-diffusion version). model size: 61.73 GB, host mmap: 35.60 GB, host pageable: 26.13 GB. avail GPU mem: 78.38 GB

Loading required modules:  33%|███▎      | 2/6 [03:36<06:50, 102.61s/it][10-09 22:07:31] Loading audio_vae from /mnt/workspace/MiniMax-H3-SGLang/FL2VA/audio_vae. avail mem: 78.38 GB
[10-09 22:07:32] Attention backends for audio_vae: torch_sdpa
[10-09 22:07:32] Loaded audio_vae: MiniMaxH3AudioVAE (sgl-diffusion version). model size: 0.56 GB, vram: 0.56 GB. avail GPU mem: 77.81 GB

Loading required modules:  50%|█████     | 3/6 [03:38<02:49, 56.51s/it] [10-09 22:07:32] Loading video_vae from /mnt/workspace/MiniMax-H3-SGLang/FL2VA/video_vae. avail mem: 77.81 GB
[10-09 22:07:32] video_vae (VAE) stays on its checkpoint mapping: the deployment is 143.75 GiB of weights against 5.38 GiB of host memory, so copies are host memory the streamed components need more.
[10-09 22:07:33] VAE: video_vae holds 288 decoder weights in torch.float16 from load (file-backed)
[10-09 22:07:33] Attention backends for video_vae: torch_sdpa
[10-09 22:07:33] Loaded video_vae: MiniMaxH3VideoVAE (sgl-diffusion version). model size: 5.2 GB, host mmap: 5.20 GB, host pageable: 0.00 GB. avail GPU mem: 77.81 GB

Loading required modules:  67%|██████▋   | 4/6 [03:38<01:08, 34.31s/it][10-09 22:07:33] Loading processor from /mnt/workspace/MiniMax-H3-SGLang/FL2VA/processor. avail mem: 77.81 GB
[10-09 22:07:33] Loaded processor: Qwen3VLProcessor (sgl-diffusion version). model size: NA GB, weights: none. avail GPU mem: 77.81 GB

Loading required modules:  83%|████████▎ | 5/6 [03:38<00:22, 22.10s/it][10-09 22:07:33] Loading tokenizer from /mnt/workspace/MiniMax-H3-SGLang/FL2VA/tokenizer. avail mem: 77.81 GB
[10-09 22:07:33] Loaded tokenizer: Qwen2Tokenizer (sgl-diffusion version). model size: NA GB, weights: none. avail GPU mem: 77.81 GB

Loading required modules: 100%|██████████| 6/6 [03:39<00:00, 14.73s/it]
Loading required modules: 100%|██████████| 6/6 [03:39<00:00, 36.52s/it]
[10-09 22:07:33] Creating pipeline stages...
[10-09 22:07:33] Using fa attention backend
[10-09 22:07:33] Pipeline instantiated
[10-09 22:07:33] Layerwise offload host memory: 5.4 GiB available (cgroup cap 125.0 GiB, in use 119.6 GiB)
[10-09 22:07:33] Configuring layerwise offload for transformer (MiniMaxH3DiTModel): token_refiner.blocks (2 layers), blocks (50 layers)
[10-09 22:07:34] Layerwise offload: transformer.blocks pins 2 of 50 layers (2.40 GiB of 3.41 GiB spendable). Of the rest, 0 are copied into pageable host memory and 48 stay on the checkpoint mapping. Pinning every layer would need 60.12 GiB.
[10-09 22:07:40] Layerwise offload: transformer.token_refiner.blocks pins 1 of 2 layers (0.72 GiB of 1.01 GiB spendable). Of the rest, 1 are copied into pageable host memory and 0 stay on the checkpoint mapping. Pinning every layer would need 1.44 GiB.
[10-09 22:07:41] Layerwise offload ready for transformer (MiniMaxH3DiTModel) in 7.93s: groups=2, layers=52, prefetch/group=1, resident=52/52, policy=leading
[10-09 22:07:41] Configuring layerwise offload for text_encoder (MiniMaxH3Qwen3VLEncoder): model.language_model.layers (50 layers), model.visual.blocks (27 layers)
[10-09 22:07:41] Layerwise offload: text_encoder.model.language_model.layers pins 0 of 50 layers (0.00 GiB of 0.29 GiB spendable). Of the rest, 50 are copied into pageable host memory and 0 stay on the checkpoint mapping. Pinning every layer would need 45.41 GiB.
[10-09 22:07:46] Layerwise offload: text_encoder.model.visual.blocks pins 10 of 27 layers (0.28 GiB of 0.29 GiB spendable). Of the rest, 17 are copied into pageable host memory and 0 stay on the checkpoint mapping. Pinning every layer would need 0.77 GiB.
[10-09 22:07:47] Keeping Embedding (1.45 GiB) in host memory: a gather reads one row per token, so residency buys almost nothing.
[10-09 22:07:47] Layerwise offload ready for text_encoder (MiniMaxH3Qwen3VLEncoder) in 5.30s: groups=2, layers=77, prefetch/group=1, resident=0/77, policy=leading
[10-09 22:07:47] Configuring layerwise offload for video_vae (MiniMaxH3VideoVAE): decoder.transformer_blocks (36 layers)
[10-09 22:07:47] Layerwise offload: video_vae.decoder.transformer_blocks pins 0 of 36 layers (0.00 GiB of 0.01 GiB spendable). Of the rest, 0 are copied into pageable host memory and 36 stay on the checkpoint mapping. Pinning every layer would need 4.50 GiB.
[10-09 22:07:48] Layerwise offload: decoder.transformer_blocks ships mapped layers through a courier thread with 2 pinned slots, so their device copies overlap compute instead of stalling it.
[10-09 22:07:48] Layerwise offload ready for video_vae (MiniMaxH3VideoVAE) in 1.36s: groups=1, layers=36, prefetch/group=1, resident=36/36, policy=leading
[10-09 22:07:48] Layerwise offload summary: transformer (vram: 2.09 GB, host pinned: 3.12 GB, host mmap: 33.60 GB, host pageable: 24.83 GB), text_encoder (vram: 1.40 GB, host pinned: 0.28 GB, host pageable: 47.34 GB), video_vae (vram: 0.70 GB, host mmap: 4.50 GB)
[10-09 22:07:48] Worker 0: Initialized device, model, and distributed environment.
[10-09 22:07:48] Worker 0: Scheduler loop started.
[10-09 22:07:48] Adjusting number of frames from 1 to 1 based on model
[10-09 22:07:48] Processing 1 grouped request(s)
[10-09 22:07:48] Sampling params:
                       width: 1344
                      height: 768
                  num_frames: 124
                         fps: 24
                      prompt: <redacted, len=121>
                  neg_prompt: None
                        seed: 0
                 infer_steps: 50
      num_outputs_per_prompt: 1
              guidance_scale: 1.0
     embedded_guidance_scale: 6.0
                    n_tokens: None
                  flow_shift: 12.0
                  image_path: None
                 save_output: True
            output_file_path: /mnt/workspace/outputs/sglang_sage_cachedit024_mc9_resident50-20261009-220305/video.mp4
        
[10-09 22:07:48] Running pipeline stages: ['InputValidationStage', 'MiniMaxH3PartitionAdmissionStage', 'MiniMaxH3TextEncodingStage', 'MiniMaxH3VisualEncodingStage', 'MiniMaxH3AudioEncodingStage', 'MiniMaxH3LatentPreparationStage', 'MiniMaxH3TimestepPreparationStage', 'MiniMaxH3DenoisingStage', 'MiniMaxH3DecodingStage']
[10-09 22:07:48] [InputValidationStage] started...
[10-09 22:07:48] [InputValidationStage] finished in 0.0001 seconds
[10-09 22:07:48] [MiniMaxH3PartitionAdmissionStage] started...
[10-09 22:07:48] [MiniMaxH3PartitionAdmissionStage] finished in 0.0000 seconds
[10-09 22:07:48] [MiniMaxH3TextEncodingStage] started...
[10-09 22:07:53] [MiniMaxH3TextEncodingStage] finished in 5.2104 seconds
[10-09 22:07:53] [MiniMaxH3VisualEncodingStage] started...
[10-09 22:07:53] [MiniMaxH3VisualEncodingStage] finished in 0.0006 seconds
[10-09 22:07:53] [MiniMaxH3AudioEncodingStage] started...
[10-09 22:07:53] [MiniMaxH3AudioEncodingStage] finished in 0.0000 seconds
[10-09 22:07:53] [MiniMaxH3LatentPreparationStage] started...
[10-09 22:07:53] [MiniMaxH3LatentPreparationStage] finished in 0.0228 seconds
[10-09 22:07:53] [MiniMaxH3TimestepPreparationStage] started...
[10-09 22:07:53] [MiniMaxH3TimestepPreparationStage] finished in 0.0003 seconds
[10-09 22:07:53] [MiniMaxH3DenoisingStage] started...
[10-09 22:07:53] [Cache-DiT] pipe is None, use FakeDiffusionPipeline instead.
[10-09 22:07:53] [Cache-DiT] Auto fill blocks_name: blocks.
[10-09 22:07:53] [Cache-DiT] Found transformer NOT from diffusers: sglang.multimodal_gen.runtime.models.dits.minimax_h3 disable check_forward_pattern by default.
[10-09 22:07:53] Enabling cache-dit on transformer with config: Fn=1, Bn=0, W=4, R=0.24, MC=9, TaylorSeer=False (order=1), steps=49
[10-09 22:07:53] Enabling cache-dit on transformer via custom BlockAdapter (ForwardPattern.Pattern_3).
[10-09 22:07:53] [Cache-DiT] Adapting Cache Acceleration using custom BlockAdapter!
[10-09 22:07:53] [Cache-DiT] Skipped Forward Pattern Check: ForwardPattern.Pattern_3
[10-09 22:07:53] [Cache-DiT] Use default 'enable_separate_cfg' from block adapter register: False, Pipeline: FakeDiffusionPipeline.
[10-09 22:07:53] [Cache-DiT] Collected Context Config: DBCache_F1B0_W4I1M0MC9_R0.24_N49_CFG0, Calibrator Config: None
[10-09 22:07:53] [Cache-DiT] Skipped Forward Pattern Check: ForwardPattern.Pattern_3
[10-09 22:07:53] [Cache-DiT] Match Blocks: CachedBlocks_Pattern_3_4_5, for blocks, cache_context: blocks_139836753517680, context_manager: FakeDiffusionPipeline_139779725124880.
[10-09 22:07:53] cache-dit enabled on transformer (steps=49, Fn=1, Bn=0, rdt=0.240)
[10-09 22:07:53] Using sage_attn attention backend

minimax_h3 denoise:   0%|          | 0/49 [00:00<?, ?it/s][10-09 22:07:55] Layerwise offload: blocks ships mapped layers through a courier thread with 2 pinned slots, so their device copies overlap compute instead of stalling it.

minimax_h3 denoise:   2%|▏         | 1/49 [01:41<1:21:09, 101.44s/it]
minimax_h3 denoise:   4%|▍         | 2/49 [01:55<39:19, 50.19s/it]   
minimax_h3 denoise:   6%|▌         | 3/49 [02:10<25:59, 33.91s/it]
minimax_h3 denoise:   8%|▊         | 4/49 [02:24<19:41, 26.26s/it]
minimax_h3 denoise:  10%|█         | 5/49 [02:36<15:22, 20.98s/it]
minimax_h3 denoise:  12%|█▏        | 6/49 [02:36<09:59, 13.95s/it]
minimax_h3 denoise:  14%|█▍        | 7/49 [02:37<06:38,  9.49s/it]
minimax_h3 denoise:  16%|█▋        | 8/49 [02:37<04:29,  6.56s/it]
minimax_h3 denoise:  18%|█▊        | 9/49 [02:40<03:40,  5.52s/it]
minimax_h3 denoise:  20%|██        | 10/49 [02:52<04:48,  7.40s/it]
minimax_h3 denoise:  22%|██▏       | 11/49 [02:52<03:18,  5.23s/it]
minimax_h3 denoise:  24%|██▍       | 12/49 [02:52<02:17,  3.73s/it]
minimax_h3 denoise:  27%|██▋       | 13/49 [02:53<01:36,  2.69s/it]
minimax_h3 denoise:  29%|██▊       | 14/49 [02:53<01:08,  1.97s/it]
minimax_h3 denoise:  31%|███       | 15/49 [02:53<00:49,  1.47s/it]
minimax_h3 denoise:  33%|███▎      | 16/49 [02:56<01:06,  2.00s/it]
minimax_h3 denoise:  35%|███▍      | 17/49 [03:08<02:36,  4.88s/it]
minimax_h3 denoise:  37%|███▋      | 18/49 [03:08<01:48,  3.51s/it]
minimax_h3 denoise:  39%|███▉      | 19/49 [03:09<01:16,  2.55s/it]
minimax_h3 denoise:  41%|████      | 20/49 [03:09<00:54,  1.87s/it]
minimax_h3 denoise:  43%|████▎     | 21/49 [03:09<00:39,  1.40s/it]
minimax_h3 denoise:  45%|████▍     | 22/49 [03:10<00:28,  1.07s/it]
minimax_h3 denoise:  47%|████▋     | 23/49 [03:10<00:21,  1.19it/s]
minimax_h3 denoise:  49%|████▉     | 24/49 [03:10<00:16,  1.47it/s]
minimax_h3 denoise:  51%|█████     | 25/49 [03:10<00:13,  1.77it/s]
minimax_h3 denoise:  53%|█████▎    | 26/49 [03:14<00:31,  1.37s/it]
minimax_h3 denoise:  55%|█████▌    | 27/49 [03:25<01:37,  4.43s/it]
minimax_h3 denoise:  57%|█████▋    | 28/49 [03:26<01:07,  3.19s/it]
minimax_h3 denoise:  59%|█████▉    | 29/49 [03:26<00:46,  2.33s/it]
minimax_h3 denoise:  61%|██████    | 30/49 [03:26<00:32,  1.72s/it]
minimax_h3 denoise:  63%|██████▎   | 31/49 [03:26<00:23,  1.29s/it]
minimax_h3 denoise:  65%|██████▌   | 32/49 [03:27<00:16,  1.00it/s]
minimax_h3 denoise:  67%|██████▋   | 33/49 [03:27<00:12,  1.27it/s]
minimax_h3 denoise:  69%|██████▉   | 34/49 [03:27<00:09,  1.56it/s]
minimax_h3 denoise:  71%|███████▏  | 35/49 [03:31<00:19,  1.42s/it]
minimax_h3 denoise:  73%|███████▎  | 36/49 [03:42<00:58,  4.47s/it]
minimax_h3 denoise:  76%|███████▌  | 37/49 [03:43<00:38,  3.22s/it]
minimax_h3 denoise:  78%|███████▊  | 38/49 [03:46<00:35,  3.22s/it]
minimax_h3 denoise:  80%|███████▉  | 39/49 [03:57<00:57,  5.73s/it]
minimax_h3 denoise:  82%|████████▏ | 40/49 [03:58<00:36,  4.10s/it]
minimax_h3 denoise:  84%|████████▎ | 41/49 [03:58<00:23,  2.96s/it]
minimax_h3 denoise:  86%|████████▌ | 42/49 [03:58<00:15,  2.16s/it]
minimax_h3 denoise:  88%|████████▊ | 43/49 [04:01<00:14,  2.49s/it]
minimax_h3 denoise:  90%|████████▉ | 44/49 [04:13<00:26,  5.21s/it]
minimax_h3 denoise:  92%|█████████▏| 45/49 [04:13<00:14,  3.74s/it]
minimax_h3 denoise:  94%|█████████▍| 46/49 [04:14<00:08,  2.71s/it]
minimax_h3 denoise:  96%|█████████▌| 47/49 [04:17<00:05,  2.87s/it]
minimax_h3 denoise:  98%|█████████▊| 48/49 [04:28<00:05,  5.48s/it]
minimax_h3 denoise: 100%|██████████| 49/49 [04:32<00:00,  4.81s/it]
minimax_h3 denoise: 100%|██████████| 49/49 [04:32<00:00,  5.56s/it]
[10-09 22:12:26] Layerwise offload: blocks read 33.6 GiB straight from the drive this pass (204 tensors served from the page cache; mean sampled residency 0.56 over 384 probes).
[10-09 22:12:38] [MiniMaxH3DenoisingStage] finished in 284.3198 seconds
[10-09 22:12:38] [MiniMaxH3DecodingStage] started...
[10-09 22:13:02] Layerwise offload: decoder.transformer_blocks read 4.4 GiB straight from the drive this pass (292 tensors served from the page cache; mean sampled residency 0.68 over 432 probes).
[10-09 22:13:02] [MiniMaxH3DecodingStage] finished in 24.4857 seconds
[10-09 22:13:04] Output saved to [1;36m/mnt/workspace/outputs/sglang_sage_cachedit024_mc9_resident50-20261009-220305/video.mp4[0;0m
[10-09 22:13:04] Metrics dumped to: [1;36m/mnt/workspace/runs/sglang_sage_cachedit024_mc9_resident50-20261009-220305/perf.json[0;0m
[10-09 22:13:04] Pixel data generated successfully in [92m315.78[0;0m seconds
[10-09 22:13:04] Memory usage - Max peak: 74524.00 MB, Avg peak: 74524.00 MB
[10-09 22:13:04] Metrics dumped to: [1;36m/mnt/workspace/runs/sglang_sage_cachedit024_mc9_resident50-20261009-220305/perf.json[0;0m
[93m[10-09 22:13:10] Generator was garbage collected without being shut down. Forcing local server and client cleanup.[0;0m
/usr/local/lib/python3.12/multiprocessing/resource_tracker.py:279: UserWarning: resource_tracker: There appear to be 1 leaked semaphore objects to clean up at shutdown
  warnings.warn('resource_tracker: There appear to be %d '
